Component: ARM Compiler 5.06 update 4 (build 422) Tool: armlink [4d35d2]

==============================================================================

Section Cross References

    stm32f4xx_ll_rcc.o(i.LL_RCC_DeInit) refers to stm32f4xx_ll_rcc.o(i.LL_RCC_PLL_IsReady) for LL_RCC_PLL_IsReady
    stm32f4xx_ll_rcc.o(i.LL_RCC_GetI2SClockFreq) refers to stm32f4xx_ll_rcc.o(i.RCC_PLLI2S_GetFreqDomain_I2S) for RCC_PLLI2S_GetFreqDomain_I2S
    stm32f4xx_ll_rcc.o(i.LL_RCC_GetRNGClockFreq) refers to stm32f4xx_ll_rcc.o(i.LL_RCC_PLL_IsReady) for LL_RCC_PLL_IsReady
    stm32f4xx_ll_rcc.o(i.LL_RCC_GetRNGClockFreq) refers to stm32f4xx_ll_rcc.o(i.RCC_PLL_GetFreqDomain_48M) for RCC_PLL_GetFreqDomain_48M
    stm32f4xx_ll_rcc.o(i.LL_RCC_GetSDIOClockFreq) refers to stm32f4xx_ll_rcc.o(i.LL_RCC_PLL_IsReady) for LL_RCC_PLL_IsReady
    stm32f4xx_ll_rcc.o(i.LL_RCC_GetSDIOClockFreq) refers to stm32f4xx_ll_rcc.o(i.RCC_PLL_GetFreqDomain_48M) for RCC_PLL_GetFreqDomain_48M
    stm32f4xx_ll_rcc.o(i.LL_RCC_GetSystemClocksFreq) refers to stm32f4xx_ll_rcc.o(i.RCC_GetSystemClockFreq) for RCC_GetSystemClockFreq
    stm32f4xx_ll_rcc.o(i.LL_RCC_GetSystemClocksFreq) refers to stm32f4xx_ll_rcc.o(i.RCC_GetHCLKClockFreq) for RCC_GetHCLKClockFreq
    stm32f4xx_ll_rcc.o(i.LL_RCC_GetSystemClocksFreq) refers to stm32f4xx_ll_rcc.o(i.RCC_GetPCLK1ClockFreq) for RCC_GetPCLK1ClockFreq
    stm32f4xx_ll_rcc.o(i.LL_RCC_GetSystemClocksFreq) refers to stm32f4xx_ll_rcc.o(i.RCC_GetPCLK2ClockFreq) for RCC_GetPCLK2ClockFreq
    stm32f4xx_ll_rcc.o(i.LL_RCC_GetUSBClockFreq) refers to stm32f4xx_ll_rcc.o(i.LL_RCC_PLL_IsReady) for LL_RCC_PLL_IsReady
    stm32f4xx_ll_rcc.o(i.LL_RCC_GetUSBClockFreq) refers to stm32f4xx_ll_rcc.o(i.RCC_PLL_GetFreqDomain_48M) for RCC_PLL_GetFreqDomain_48M
    stm32f4xx_ll_rcc.o(i.RCC_GetHCLKClockFreq) refers to system_stm32f4xx.o(.constdata) for AHBPrescTable
    stm32f4xx_ll_rcc.o(i.RCC_GetPCLK1ClockFreq) refers to system_stm32f4xx.o(.constdata) for APBPrescTable
    stm32f4xx_ll_rcc.o(i.RCC_GetPCLK2ClockFreq) refers to system_stm32f4xx.o(.constdata) for APBPrescTable
    stm32f4xx_ll_rcc.o(i.RCC_GetSystemClockFreq) refers to stm32f4xx_ll_rcc.o(i.RCC_PLL_GetFreqDomain_SYS) for RCC_PLL_GetFreqDomain_SYS
    stm32f4xx_ll_rcc.o(i.RCC_PLL_GetFreqDomain_48M) refers to stm32f4xx_ll_rcc.o(i.LL_RCC_PLL_GetN) for LL_RCC_PLL_GetN
    stm32f4xx_ll_rcc.o(i.RCC_PLL_GetFreqDomain_SYS) refers to stm32f4xx_ll_rcc.o(i.LL_RCC_PLL_GetN) for LL_RCC_PLL_GetN
    stm32f4xx_ll_gpio.o(i.LL_GPIO_DeInit) refers to stm32f4xx_ll_gpio.o(i.LL_AHB1_GRP1_ForceReset) for LL_AHB1_GRP1_ForceReset
    stm32f4xx_ll_gpio.o(i.LL_GPIO_DeInit) refers to stm32f4xx_ll_gpio.o(i.LL_AHB1_GRP1_ReleaseReset) for LL_AHB1_GRP1_ReleaseReset
    stm32f4xx_ll_utils.o(i.LL_PLL_ConfigSystemClock_HSE) refers to stm32f4xx_ll_utils.o(i.UTILS_PLL_IsBusy) for UTILS_PLL_IsBusy
    stm32f4xx_ll_utils.o(i.LL_PLL_ConfigSystemClock_HSE) refers to stm32f4xx_ll_utils.o(i.UTILS_GetPLLOutputFrequency) for UTILS_GetPLLOutputFrequency
    stm32f4xx_ll_utils.o(i.LL_PLL_ConfigSystemClock_HSE) refers to stm32f4xx_ll_utils.o(i.LL_RCC_HSE_IsReady) for LL_RCC_HSE_IsReady
    stm32f4xx_ll_utils.o(i.LL_PLL_ConfigSystemClock_HSE) refers to stm32f4xx_ll_utils.o(i.LL_RCC_PLL_ConfigDomain_SYS) for LL_RCC_PLL_ConfigDomain_SYS
    stm32f4xx_ll_utils.o(i.LL_PLL_ConfigSystemClock_HSE) refers to stm32f4xx_ll_utils.o(i.UTILS_EnablePLLAndSwitchSystem) for UTILS_EnablePLLAndSwitchSystem
    stm32f4xx_ll_utils.o(i.LL_PLL_ConfigSystemClock_HSI) refers to stm32f4xx_ll_utils.o(i.UTILS_PLL_IsBusy) for UTILS_PLL_IsBusy
    stm32f4xx_ll_utils.o(i.LL_PLL_ConfigSystemClock_HSI) refers to stm32f4xx_ll_utils.o(i.UTILS_GetPLLOutputFrequency) for UTILS_GetPLLOutputFrequency
    stm32f4xx_ll_utils.o(i.LL_PLL_ConfigSystemClock_HSI) refers to stm32f4xx_ll_utils.o(i.LL_RCC_HSI_IsReady) for LL_RCC_HSI_IsReady
    stm32f4xx_ll_utils.o(i.LL_PLL_ConfigSystemClock_HSI) refers to stm32f4xx_ll_utils.o(i.LL_RCC_PLL_ConfigDomain_SYS) for LL_RCC_PLL_ConfigDomain_SYS
    stm32f4xx_ll_utils.o(i.LL_PLL_ConfigSystemClock_HSI) refers to stm32f4xx_ll_utils.o(i.UTILS_EnablePLLAndSwitchSystem) for UTILS_EnablePLLAndSwitchSystem
    stm32f4xx_ll_utils.o(i.LL_SetSystemCoreClock) refers to system_stm32f4xx.o(.data) for SystemCoreClock
    stm32f4xx_ll_utils.o(i.UTILS_EnablePLLAndSwitchSystem) refers to stm32f4xx_ll_utils.o(i.UTILS_SetFlashLatency) for UTILS_SetFlashLatency
    stm32f4xx_ll_utils.o(i.UTILS_EnablePLLAndSwitchSystem) refers to stm32f4xx_ll_utils.o(i.LL_RCC_PLL_IsReady) for LL_RCC_PLL_IsReady
    stm32f4xx_ll_utils.o(i.UTILS_EnablePLLAndSwitchSystem) refers to stm32f4xx_ll_utils.o(i.LL_SetSystemCoreClock) for LL_SetSystemCoreClock
    stm32f4xx_ll_utils.o(i.UTILS_EnablePLLAndSwitchSystem) refers to system_stm32f4xx.o(.constdata) for AHBPrescTable
    stm32f4xx_ll_utils.o(i.UTILS_EnablePLLAndSwitchSystem) refers to system_stm32f4xx.o(.data) for SystemCoreClock
[...]
    ../Drivers/STM32F4xx_HAL_Driver/Src/stm32f4xx_hal_rcc.c 0x00000000   Number         0  stm32f4xx_hal_rcc.o ABSOLUTE
    ../Drivers/STM32F4xx_HAL_Driver/Src/stm32f4xx_hal_rcc_ex.c 0x00000000   Number         0  stm32f4xx_hal_rcc_ex.o ABSOLUTE
    ../Drivers/STM32F4xx_HAL_Driver/Src/stm32f4xx_hal_spi.c 0x00000000   Number         0  stm32f4xx_hal_spi.o ABSOLUTE
    ../Drivers/STM32F4xx_HAL_Driver/Src/stm32f4xx_hal_tim.c 0x00000000   Number         0  stm32f4xx_hal_tim.o ABSOLUTE
    ../Drivers/STM32F4xx_HAL_Driver/Src/stm32f4xx_hal_tim_ex.c 0x00000000   Number         0  stm32f4xx_hal_tim_ex.o ABSOLUTE
    ../Drivers/STM32F4xx_HAL_Driver/Src/stm32f4xx_hal_uart.c 0x00000000   Number         0  stm32f4xx_hal_uart.o ABSOLUTE
    ../Drivers/STM32F4xx_HAL_Driver/Src/stm32f4xx_ll_exti.c 0x00000000   Number         0  stm32f4xx_ll_exti.o ABSOLUTE
    ../Drivers/STM32F4xx_HAL_Driver/Src/stm32f4xx_ll_gpio.c 0x00000000   Number         0  stm32f4xx_ll_gpio.o ABSOLUTE
    ../Drivers/STM32F4xx_HAL_Driver/Src/stm32f4xx_ll_rcc.c 0x00000000   Number         0  stm32f4xx_ll_rcc.o ABSOLUTE
    ../Drivers/STM32F4xx_HAL_Driver/Src/stm32f4xx_ll_utils.c 0x00000000   Number         0  stm32f4xx_ll_utils.o ABSOLUTE
    ../Src/main.c                            0x00000000   Number         0  main.o ABSOLUTE
    ../Src/stm32f4xx_hal_msp.c               0x00000000   Number         0  stm32f4xx_hal_msp.o ABSOLUTE
    ../Src/stm32f4xx_it.c                    0x00000000   Number         0  stm32f4xx_it.o ABSOLUTE
    ../Src/system_stm32f4xx.c                0x00000000   Number         0  system_stm32f4xx.o ABSOLUTE
    ../clib/microlib/division.c              0x00000000   Number         0  uldiv.o ABSOLUTE
    ../clib/microlib/init/entry.s            0x00000000   Number         0  entry2.o ABSOLUTE
    ../clib/microlib/init/entry.s            0x00000000   Number         0  entry7a.o ABSOLUTE
    ../clib/microlib/init/entry.s            0x00000000   Number         0  entry7b.o ABSOLUTE
    ../clib/microlib/init/entry.s            0x00000000   Number         0  entry8a.o ABSOLUTE
    ../clib/microlib/init/entry.s            0x00000000   Number         0  entry5.o ABSOLUTE
    ../clib/microlib/init/entry.s            0x00000000   Number         0  entry11a.o ABSOLUTE
    ../clib/microlib/init/entry.s            0x00000000   Number         0  entry10b.o ABSOLUTE
    ../clib/microlib/init/entry.s            0x00000000   Number         0  entry10a.o ABSOLUTE
    ../clib/microlib/init/entry.s            0x00000000   Number         0  entry8b.o ABSOLUTE
    ../clib/microlib/init/entry.s            0x00000000   Number         0  entry9b.o ABSOLUTE
    ../clib/microlib/init/entry.s            0x00000000   Number         0  entry11b.o ABSOLUTE
    ../clib/microlib/init/entry.s            0x00000000   Number         0  entry9a.o ABSOLUTE
    ../clib/microlib/init/entry.s            0x00000000   Number         0  entry.o ABSOLUTE
    ../clib/microlib/longlong.c              0x00000000   Number         0  llshl.o ABSOLUTE
    ../clib/microlib/longlong.c              0x00000000   Number         0  llushr.o ABSOLUTE
    ../clib/microlib/string/memcmp.c         0x00000000   Number         0  memcmp.o ABSOLUTE
    ../clib/microlib/string/memcpy.c         0x00000000   Number         0  memcpyb.o ABSOLUTE
    ../clib/microlib/string/memcpy.c         0x00000000   Number         0  memcpya.o ABSOLUTE
    ../clib/microlib/string/memset.c         0x00000000   Number         0  memseta.o ABSOLUTE
    ..\Drivers\STM32F4xx_HAL_Driver\Src\stm32f4xx_hal.c 0x00000000   Number         0  stm32f4xx_hal.o ABSOLUTE
    ..\Drivers\STM32F4xx_HAL_Driver\Src\stm32f4xx_hal_cortex.c 0x00000000   Number         0  stm32f4xx_hal_cortex.o ABSOLUTE
    ..\Drivers\STM32F4xx_HAL_Driver\Src\stm32f4xx_hal_dma.c 0x00000000   Number         0  stm32f4xx_hal_dma.o ABSOLUTE
    ..\Drivers\STM32F4xx_HAL_Driver\Src\stm32f4xx_hal_dma_ex.c 0x00000000   Number         0  stm32f4xx_hal_dma_ex.o ABSOLUTE
    ..\Drivers\STM32F4xx_HAL_Driver\Src\stm32f4xx_hal_flash.c 0x00000000   Number         0  stm32f4xx_hal_flash.o ABSOLUTE
    ..\Drivers\STM32F4xx_HAL_Driver\Src\stm32f4xx_hal_flash_ex.c 0x00000000   Number         0  stm32f4xx_hal_flash_ex.o ABSOLUTE
    ..\Drivers\STM32F4xx_HAL_Driver\Src\stm32f4xx_hal_flash_ramfunc.c 0x00000000   Number         0  stm32f4xx_hal_flash_ramfunc.o ABSOLUTE
    ..\Drivers\STM32F4xx_HAL_Driver\Src\stm32f4xx_hal_gpio.c 0x00000000   Number         0  stm32f4xx_hal_gpio.o ABSOLUTE
    ..\Drivers\STM32F4xx_HAL_Driver\Src\stm32f4xx_hal_pwr.c 0x00000000   Number         0  stm32f4xx_hal_pwr.o ABSOLUTE
    ..\Drivers\STM32F4xx_HAL_Driver\Src\stm32f4xx_hal_pwr_ex.c 0x00000000   Number         0  stm32f4xx_hal_pwr_ex.o ABSOLUTE
    ..\Drivers\STM32F4xx_HAL_Driver\Src\stm32f4xx_hal_rcc.c 0x00000000   Number         0  stm32f4xx_hal_rcc.o ABSOLUTE
    ..\Drivers\STM32F4xx_HAL_Driver\Src\stm32f4xx_hal_rcc_ex.c 0x00000000   Number         0  stm32f4xx_hal_rcc_ex.o ABSOLUTE
    ..\Drivers\STM32F4xx_HAL_Driver\Src\stm32f4xx_hal_spi.c 0x00000000   Number         0  stm32f4xx_hal_spi.o ABSOLUTE
    ..\Drivers\STM32F4xx_HAL_Driver\Src\stm32f4xx_hal_tim.c 0x00000000   Number         0  stm32f4xx_hal_tim.o ABSOLUTE
    ..\Drivers\STM32F4xx_HAL_Driver\Src\stm32f4xx_hal_tim_ex.c 0x00000000   Number         0  stm32f4xx_hal_tim_ex.o ABSOLUTE
    ..\Drivers\STM32F4xx_HAL_Driver\Src\stm32f4xx_hal_uart.c 0x00000000   Number         0  stm32f4xx_hal_uart.o ABSOLUTE
    ..\Drivers\STM32F4xx_HAL_Driver\Src\stm32f4xx_ll_exti.c 0x00000000   Number         0  stm32f4xx_ll_exti.o ABSOLUTE
    ..\Drivers\STM32F4xx_HAL_Driver\Src\stm32f4xx_ll_gpio.c 0x00000000   Number         0  stm32f4xx_ll_gpio.o ABSOLUTE
    ..\Drivers\STM32F4xx_HAL_Driver\Src\stm32f4xx_ll_rcc.c 0x00000000   Number         0  stm32f4xx_ll_rcc.o ABSOLUTE
    ..\Drivers\STM32F4xx_HAL_Driver\Src\stm32f4xx_ll_utils.c 0x00000000   Number         0  stm32f4xx_ll_utils.o ABSOLUTE
    ..\Src\aes.c                             0x00000000   Number         0  aes.o ABSOLUTE
    ..\Src\app_config_task.c                 0x00000000   Number         0  app_config_task.o ABSOLUTE
    ..\Src\flashprog.c                       0x00000000   Number         0  flashprog.o ABSOLUTE
    ..\Src\main.c                            0x00000000   Number         0  main.o ABSOLUTE
    ..\Src\ringbuf.c                         0x00000000   Number         0  ringbuf.o ABSOLUTE
    ..\Src\spi1.c                            0x00000000   Number         0  spi1.o ABSOLUTE
    ..\Src\sst25.c                           0x00000000   Number         0  sst25.o ABSOLUTE
    ..\Src\stm32f4xx_hal_msp.c               0x00000000   Number         0  stm32f4xx_hal_msp.o ABSOLUTE
    ..\Src\stm32f4xx_it.c                    0x00000000   Number         0  stm32f4xx_it.o ABSOLUTE
    ..\Src\sys_tick.c                        0x00000000   Number         0  sys_tick.o ABSOLUTE
    ..\Src\system_config.c                   0x00000000   Number         0  system_config.o ABSOLUTE
    ..\Src\system_stm32f4xx.c                0x00000000   Number         0  system_stm32f4xx.o ABSOLUTE
    ..\Src\uart4.c                           0x00000000   Number         0  uart4.o ABSOLUTE
    ..\Src\uart5.c                           0x00000000   Number         0  uart5.o ABSOLUTE
    ..\Src\uart_config_task.c                0x00000000   Number         0  uart_config_task.o ABSOLUTE
    ..\\Src\\app_config_task.c               0x00000000   Number         0  app_config_task.o ABSOLUTE
    ..\\Src\\flashprog.c                     0x00000000   Number         0  flashprog.o ABSOLUTE
    ..\\Src\\spi1.c                          0x00000000   Number         0  spi1.o ABSOLUTE
    ..\\Src\\sst25.c                         0x00000000   Number         0  sst25.o ABSOLUTE
    ..\\Src\\system_config.c                 0x00000000   Number         0  system_config.o ABSOLUTE
    ..\\Src\\uart4.c                         0x00000000   Number         0  uart4.o ABSOLUTE
    ..\\Src\\uart5.c                         0x00000000   Number         0  uart5.o ABSOLUTE
    ..\\Src\\uart_config_task.c              0x00000000   Number         0  uart_config_task.o ABSOLUTE
    dc.s                                     0x00000000   Number         0  dc.o ABSOLUTE
    handlers.s                               0x00000000   Number         0  handlers.o ABSOLUTE
    init.s                                   0x00000000   Number         0  init.o ABSOLUTE
    startup_stm32f407xx.s                    0x00000000   Number         0  startup_stm32f407xx.o ABSOLUTE
    RESET                                    0x08000000   Section      392  startup_stm32f407xx.o(RESET)
    .ARM.Collect$$$$00000000                 0x08000188   Section        0  entry.o(.ARM.Collect$$$$00000000)
    .ARM.Collect$$$$00000001                 0x08000188   Section        4  entry2.o(.ARM.Collect$$$$00000001)
    .ARM.Collect$$$$00000004                 0x0800018c   Section        4  entry5.o(.ARM.Collect$$$$00000004)
    .ARM.Collect$$$$00000008                 0x08000190   Section        0  entry7b.o(.ARM.Collect$$$$00000008)
    .ARM.Collect$$$$0000000A                 0x08000190   Section        0  entry8b.o(.ARM.Collect$$$$0000000A)
    .ARM.Collect$$$$0000000B                 0x08000190   Section        8  entry9a.o(.ARM.Collect$$$$0000000B)
    .ARM.Collect$$$$0000000D                 0x08000198   Section        0  entry10a.o(.ARM.Collect$$$$0000000D)
    .ARM.Collect$$$$0000000F                 0x08000198   Section        0  entry11a.o(.ARM.Collect$$$$0000000F)
    .ARM.Collect$$$$00002712                 0x08000198   Section        4  entry2.o(.ARM.Collect$$$$00002712)
    __lit__00000000                          0x08000198   Data           4  entry2.o(.ARM.Collect$$$$00002712)
    .text                                    0x0800019c   Section       28  startup_stm32f407xx.o(.text)
    $v0                                      0x0800019c   Number         0  startup_stm32f407xx.o(.text)
    .text                                    0x080001b8   Section        0  uldiv.o(.text)
    .text                                    0x0800021a   Section        0  memcpya.o(.text)
    .text                                    0x0800023e   Section        0  memseta.o(.text)
    .text                                    0x08000262   Section        0  memcmp.o(.text)
    .text                                    0x0800027c   Section        0  llshl.o(.text)
    .text                                    0x0800029a   Section        0  llushr.o(.text)
    .text                                    0x080002bc   Section       36  init.o(.text)
    i.AppCheck                               0x080002e0   Section        0  app_config_task.o(i.AppCheck)
    i.AppConfigTask                          0x080002fc   Section        0  app_config_task.o(i.AppConfigTask)
    i.AppConfigTaskInit                      0x080003a0   Section        0  app_config_task.o(i.AppConfigTaskInit)
    i.AppCopy                                0x080003c4   Section        0  app_config_task.o(i.AppCopy)
    i.BusFault_Handler                       0x0800072c   Section        0  stm32f4xx_it.o(i.BusFault_Handler)
    i.CFG_ReLoad                             0x08000730   Section        0  system_config.o(i.CFG_ReLoad)
    i.CfgCalcCheckSum                        0x08000748   Section        0  app_config_task.o(i.CfgCalcCheckSum)
    i.CfgParserPacket                        0x08000762   Section        0  app_config_task.o(i.CfgParserPacket)
    i.CfgProcessData                         0x0800080c   Section        0  app_config_task.o(i.CfgProcessData)
    i.CfgUART4SendData                       0x08000c9c   Section        0  uart_config_task.o(i.CfgUART4SendData)
    i.CfgUART5SendData                       0x08000cde   Section        0  uart_config_task.o(i.CfgUART5SendData)
    i.CheckTimeout                           0x08000d20   Section        0  sys_tick.o(i.CheckTimeout)
    i.DMA1_Stream0_IRQHandler                0x08000d68   Section        0  stm32f4xx_it.o(i.DMA1_Stream0_IRQHandler)
    i.DMA1_Stream2_IRQHandler                0x08000d78   Section        0  stm32f4xx_it.o(i.DMA1_Stream2_IRQHandler)
    i.DMA1_Stream4_IRQHandler                0x08000d88   Section        0  stm32f4xx_it.o(i.DMA1_Stream4_IRQHandler)
    i.DMA1_Stream7_IRQHandler                0x08000d98   Section        0  stm32f4xx_it.o(i.DMA1_Stream7_IRQHandler)
    i.DMA_CalcBaseAndBitshift                0x08000da8   Section        0  stm32f4xx_hal_dma.o(i.DMA_CalcBaseAndBitshift)
    DMA_CalcBaseAndBitshift                  0x08000da9   Thumb Code    46  stm32f4xx_hal_dma.o(i.DMA_CalcBaseAndBitshift)
    i.DMA_CheckFifoParam                     0x08000ddc   Section        0  stm32f4xx_hal_dma.o(i.DMA_CheckFifoParam)
    DMA_CheckFifoParam                       0x08000ddd   Thumb Code   170  stm32f4xx_hal_dma.o(i.DMA_CheckFifoParam)
    i.DMA_SetConfig                          0x08000e86   Section        0  stm32f4xx_hal_dma.o(i.DMA_SetConfig)
    DMA_SetConfig                            0x08000e87   Thumb Code    44  stm32f4xx_hal_dma.o(i.DMA_SetConfig)
    i.DebugMon_Handler                       0x08000eb2   Section        0  stm32f4xx_it.o(i.DebugMon_Handler)
    i.FLASH_ErasePage                        0x08000eb4   Section        0  flashprog.o(i.FLASH_ErasePage)
    i.FLASH_Erase_Sector                     0x08000edc   Section        0  stm32f4xx_hal_flash_ex.o(i.FLASH_Erase_Sector)
    i.FLASH_FlushCaches                      0x08000f38   Section        0  stm32f4xx_hal_flash_ex.o(i.FLASH_FlushCaches)
    i.FLASH_MassErase                        0x08000fb0   Section        0  stm32f4xx_hal_flash_ex.o(i.FLASH_MassErase)
    FLASH_MassErase                          0x08000fb1   Thumb Code    42  stm32f4xx_hal_flash_ex.o(i.FLASH_MassErase)
    i.FLASH_Program_Byte                     0x08000fe0   Section        0  stm32f4xx_hal_flash.o(i.FLASH_Program_Byte)
    FLASH_Program_Byte                       0x08000fe1   Thumb Code    32  stm32f4xx_hal_flash.o(i.FLASH_Program_Byte)
    i.FLASH_Program_DoubleWord               0x08001004   Section        0  stm32f4xx_hal_flash.o(i.FLASH_Program_DoubleWord)
    FLASH_Program_DoubleWord                 0x08001005   Thumb Code    40  stm32f4xx_hal_flash.o(i.FLASH_Program_DoubleWord)
    i.FLASH_Program_HalfWord                 0x08001030   Section        0  stm32f4xx_hal_flash.o(i.FLASH_Program_HalfWord)
    FLASH_Program_HalfWord                   0x08001031   Thumb Code    36  stm32f4xx_hal_flash.o(i.FLASH_Program_HalfWord)
    i.FLASH_Program_Word                     0x08001058   Section        0  stm32f4xx_hal_flash.o(i.FLASH_Program_Word)
    FLASH_Program_Word                       0x08001059   Thumb Code    36  stm32f4xx_hal_flash.o(i.FLASH_Program_Word)
    i.FLASH_SetErrorCode                     0x08001080   Section        0  stm32f4xx_hal_flash.o(i.FLASH_SetErrorCode)
    FLASH_SetErrorCode                       0x08001081   Thumb Code   142  stm32f4xx_hal_flash.o(i.FLASH_SetErrorCode)
    i.FLASH_WaitForLastOperation             0x08001118   Section        0  stm32f4xx_hal_flash.o(i.FLASH_WaitForLastOperation)
    i.FMC_DataDecrypt                        0x0800117c   Section        0  app_config_task.o(i.FMC_DataDecrypt)
    i.FMC_ProgramData                        0x080011c8   Section        0  flashprog.o(i.FMC_ProgramData)
    i.GetSector                              0x0800122c   Section        0  flashprog.o(i.GetSector)
    GetSector                                0x0800122d   Thumb Code   182  flashprog.o(i.GetSector)
    i.HAL_DMA_Abort_IT                       0x08001310   Section        0  stm32f4xx_hal_dma.o(i.HAL_DMA_Abort_IT)
    i.HAL_DMA_IRQHandler                     0x08001338   Section        0  stm32f4xx_hal_dma.o(i.HAL_DMA_IRQHandler)
    i.HAL_DMA_Init                           0x08001578   Section        0  stm32f4xx_hal_dma.o(i.HAL_DMA_Init)
    i.HAL_DMA_Start_IT                       0x08001664   Section        0  stm32f4xx_hal_dma.o(i.HAL_DMA_Start_IT)
    i.HAL_Delay                              0x08001702   Section        0  stm32f4xx_hal.o(i.HAL_Delay)
    i.HAL_FLASHEx_Erase                      0x08001720   Section        0  stm32f4xx_hal_flash_ex.o(i.HAL_FLASHEx_Erase)
    i.HAL_FLASH_Lock                         0x080017cc   Section        0  stm32f4xx_hal_flash.o(i.HAL_FLASH_Lock)
    i.HAL_FLASH_Program                      0x080017e0   Section        0  stm32f4xx_hal_flash.o(i.HAL_FLASH_Program)
    i.HAL_FLASH_Unlock                       0x08001878   Section        0  stm32f4xx_hal_flash.o(i.HAL_FLASH_Unlock)
    i.HAL_GPIO_Init                          0x080018ac   Section        0  stm32f4xx_hal_gpio.o(i.HAL_GPIO_Init)
    i.HAL_GPIO_WritePin                      0x08001aac   Section        0  stm32f4xx_hal_gpio.o(i.HAL_GPIO_WritePin)
    i.HAL_GetTick                            0x08001ab8   Section        0  stm32f4xx_hal.o(i.HAL_GetTick)
    i.HAL_IncTick                            0x08001ac4   Section        0  stm32f4xx_hal.o(i.HAL_IncTick)
    i.HAL_Init                               0x08001ad4   Section        0  stm32f4xx_hal.o(i.HAL_Init)
    i.HAL_InitTick                           0x08001b10   Section        0  stm32f4xx_hal.o(i.HAL_InitTick)
    i.HAL_MspInit                            0x08001b38   Section        0  stm32f4xx_hal_msp.o(i.HAL_MspInit)
    i.HAL_NVIC_EnableIRQ                     0x08001b8e   Section        0  stm32f4xx_hal_cortex.o(i.HAL_NVIC_EnableIRQ)
    i.HAL_NVIC_SetPriority                   0x08001ba8   Section        0  stm32f4xx_hal_cortex.o(i.HAL_NVIC_SetPriority)
    i.HAL_NVIC_SetPriorityGrouping           0x08001c24   Section        0  stm32f4xx_hal_cortex.o(i.HAL_NVIC_SetPriorityGrouping)
    i.HAL_RCC_ClockConfig                    0x08001c4c   Section        0  stm32f4xx_hal_rcc.o(i.HAL_RCC_ClockConfig)
    i.HAL_RCC_GetHCLKFreq                    0x08001dcc   Section        0  stm32f4xx_hal_rcc.o(i.HAL_RCC_GetHCLKFreq)
    i.HAL_RCC_GetPCLK1Freq                   0x08001dd8   Section        0  stm32f4xx_hal_rcc.o(i.HAL_RCC_GetPCLK1Freq)
    i.HAL_RCC_GetPCLK2Freq                   0x08001df8   Section        0  stm32f4xx_hal_rcc.o(i.HAL_RCC_GetPCLK2Freq)
    i.HAL_RCC_GetSysClockFreq                0x08001e18   Section        0  stm32f4xx_hal_rcc.o(i.HAL_RCC_GetSysClockFreq)
    i.HAL_RCC_OscConfig                      0x08001ec8   Section        0  stm32f4xx_hal_rcc.o(i.HAL_RCC_OscConfig)
    i.HAL_SPI_Init                           0x080022d8   Section        0  stm32f4xx_hal_spi.o(i.HAL_SPI_Init)
    i.HAL_SPI_MspInit                        0x08002364   Section        0  stm32f4xx_hal_msp.o(i.HAL_SPI_MspInit)
    i.HAL_SPI_TransmitReceive                0x080023c0   Section        0  stm32f4xx_hal_spi.o(i.HAL_SPI_TransmitReceive)
    i.HAL_SYSTICK_CLKSourceConfig            0x080025de   Section        0  stm32f4xx_hal_cortex.o(i.HAL_SYSTICK_CLKSourceConfig)
    i.HAL_SYSTICK_Callback                   0x08002606   Section        0  stm32f4xx_hal_cortex.o(i.HAL_SYSTICK_Callback)
    i.HAL_SYSTICK_Config                     0x08002608   Section        0  stm32f4xx_hal_cortex.o(i.HAL_SYSTICK_Config)
    i.HAL_SYSTICK_IRQHandler                 0x0800263c   Section        0  stm32f4xx_hal_cortex.o(i.HAL_SYSTICK_IRQHandler)
    i.HAL_UART_AbortTransmitCpltCallback     0x08002644   Section        0  stm32f4xx_hal_uart.o(i.HAL_UART_AbortTransmitCpltCallback)
    i.HAL_UART_AbortTransmit_IT              0x08002648   Section        0  stm32f4xx_hal_uart.o(i.HAL_UART_AbortTransmit_IT)
    i.HAL_UART_ErrorCallback                 0x080026b4   Section        0  stm32f4xx_hal_uart.o(i.HAL_UART_ErrorCallback)
    i.HAL_UART_Init                          0x080026b6   Section        0  stm32f4xx_hal_uart.o(i.HAL_UART_Init)
    i.HAL_UART_MspInit                       0x08002728   Section        0  stm32f4xx_hal_msp.o(i.HAL_UART_MspInit)
    i.HAL_UART_Receive_DMA                   0x0800294c   Section        0  stm32f4xx_hal_uart.o(i.HAL_UART_Receive_DMA)
    i.HAL_UART_RxCpltCallback                0x08002a10   Section        0  stm32f4xx_hal_uart.o(i.HAL_UART_RxCpltCallback)
    i.HAL_UART_RxHalfCpltCallback            0x08002a12   Section        0  stm32f4xx_hal_uart.o(i.HAL_UART_RxHalfCpltCallback)
    i.HAL_UART_Transmit_DMA                  0x08002a14   Section        0  stm32f4xx_hal_uart.o(i.HAL_UART_Transmit_DMA)
    i.HAL_UART_TxCpltCallback                0x08002ab0   Section        0  stm32f4xx_hal_uart.o(i.HAL_UART_TxCpltCallback)
    i.HAL_UART_TxHalfCpltCallback            0x08002ab2   Section        0  stm32f4xx_hal_uart.o(i.HAL_UART_TxHalfCpltCallback)
    i.HardFault_Handler                      0x08002ab4   Section        0  stm32f4xx_it.o(i.HardFault_Handler)
    i.InitTimeout                            0x08002ab8   Section        0  sys_tick.o(i.InitTimeout)
    i.LL_AHB1_GRP1_EnableClock               0x08002ad0   Section        0  main.o(i.LL_AHB1_GRP1_EnableClock)
    LL_AHB1_GRP1_EnableClock                 0x08002ad1   Thumb Code    24  main.o(i.LL_AHB1_GRP1_EnableClock)
    i.LL_GPIO_Init                           0x08002aec   Section        0  stm32f4xx_ll_gpio.o(i.LL_GPIO_Init)
    i.LL_GPIO_ResetOutputPin                 0x08002c30   Section        0  main.o(i.LL_GPIO_ResetOutputPin)
    LL_GPIO_ResetOutputPin                   0x08002c31   Thumb Code     6  main.o(i.LL_GPIO_ResetOutputPin)
    i.LL_GPIO_SetOutputPin                   0x08002c36   Section        0  main.o(i.LL_GPIO_SetOutputPin)
    LL_GPIO_SetOutputPin                     0x08002c37   Thumb Code     4  main.o(i.LL_GPIO_SetOutputPin)
    i.LL_IWDG_ReloadCounter                  0x08002c3c   Section        0  app_config_task.o(i.LL_IWDG_ReloadCounter)
    LL_IWDG_ReloadCounter                    0x08002c3d   Thumb Code    10  app_config_task.o(i.LL_IWDG_ReloadCounter)
    i.MX_DMA_Init                            0x08002c4c   Section        0  main.o(i.MX_DMA_Init)
    MX_DMA_Init                              0x08002c4d   Thumb Code   100  main.o(i.MX_DMA_Init)
    i.MX_GPIO_Init                           0x08002cb4   Section        0  main.o(i.MX_GPIO_Init)
    MX_GPIO_Init                             0x08002cb5   Thumb Code   148  main.o(i.MX_GPIO_Init)
    i.MX_IWDG_Init                           0x08002d54   Section        0  main.o(i.MX_IWDG_Init)
    MX_IWDG_Init                             0x08002d55   Thumb Code    74  main.o(i.MX_IWDG_Init)
    i.MX_SPI1_Init                           0x08002da4   Section        0  main.o(i.MX_SPI1_Init)
    MX_SPI1_Init                             0x08002da5   Thumb Code    66  main.o(i.MX_SPI1_Init)
    i.MX_UART4_Init                          0x08002e00   Section        0  main.o(i.MX_UART4_Init)
    MX_UART4_Init                            0x08002e01   Thumb Code    52  main.o(i.MX_UART4_Init)
    i.MX_UART5_Init                          0x08002e4c   Section        0  main.o(i.MX_UART5_Init)
    MX_UART5_Init                            0x08002e4d   Thumb Code    52  main.o(i.MX_UART5_Init)
    i.MemManage_Handler                      0x08002e98   Section        0  stm32f4xx_it.o(i.MemManage_Handler)
    i.NMI_Handler                            0x08002e9c   Section        0  stm32f4xx_it.o(i.NMI_Handler)
    i.NVIC_GetPriorityGrouping               0x08002ea0   Section        0  stm32f4xx_hal_cortex.o(i.NVIC_GetPriorityGrouping)
    NVIC_GetPriorityGrouping                 0x08002ea1   Thumb Code    10  stm32f4xx_hal_cortex.o(i.NVIC_GetPriorityGrouping)
    i.NVIC_SetPriority                       0x08002eb0   Section        0  stm32f4xx_hal_cortex.o(i.NVIC_SetPriority)
    NVIC_SetPriority                         0x08002eb1   Thumb Code    32  stm32f4xx_hal_cortex.o(i.NVIC_SetPriority)
    i.NVIC_SystemReset                       0x08002ed8   Section        0  app_config_task.o(i.NVIC_SystemReset)
    NVIC_SystemReset                         0x08002ed9   Thumb Code    56  app_config_task.o(i.NVIC_SystemReset)
    i.PendSV_Handler                         0x08002f18   Section        0  stm32f4xx_it.o(i.PendSV_Handler)
    i.RINGBUF_Get                            0x08002f1a   Section        0  ringbuf.o(i.RINGBUF_Get)
    i.RINGBUF_GetFill                        0x08002f48   Section        0  ringbuf.o(i.RINGBUF_GetFill)
    i.RINGBUF_Init                           0x08002f66   Section        0  ringbuf.o(i.RINGBUF_Init)
    i.RINGBUF_Put                            0x08002f84   Section        0  ringbuf.o(i.RINGBUF_Put)
    i.SPI_CheckFlag_BSY                      0x08002fae   Section        0  stm32f4xx_hal_spi.o(i.SPI_CheckFlag_BSY)
    SPI_CheckFlag_BSY                        0x08002faf   Thumb Code    40  stm32f4xx_hal_spi.o(i.SPI_CheckFlag_BSY)
    i.SPI_WaitFlagStateUntilTimeout          0x08002fd6   Section        0  stm32f4xx_hal_spi.o(i.SPI_WaitFlagStateUntilTimeout)
    SPI_WaitFlagStateUntilTimeout            0x08002fd7   Thumb Code   170  stm32f4xx_hal_spi.o(i.SPI_WaitFlagStateUntilTimeout)
    i.SST25_Erase                            0x08003080   Section        0  sst25.o(i.SST25_Erase)
    i.SST25_Init                             0x08003178   Section        0  sst25.o(i.SST25_Init)
    i.SST25_Read                             0x080031c8   Section        0  sst25.o(i.SST25_Read)
    i.SST25__CmdRead                         0x08003234   Section        0  sst25.o(i.SST25__CmdRead)
    SST25__CmdRead                           0x08003235   Thumb Code    42  sst25.o(i.SST25__CmdRead)
    i.SST25__CmdReadBuf                      0x08003264   Section        0  sst25.o(i.SST25__CmdReadBuf)
    SST25__CmdReadBuf                        0x08003265   Thumb Code    60  sst25.o(i.SST25__CmdReadBuf)
    i.SST25__CmdWrite                        0x080032a4   Section        0  sst25.o(i.SST25__CmdWrite)
    SST25__CmdWrite                          0x080032a5   Thumb Code    42  sst25.o(i.SST25__CmdWrite)
    i.SST25__Status                          0x080032d4   Section        0  sst25.o(i.SST25__Status)
    SST25__Status                            0x080032d5   Thumb Code    40  sst25.o(i.SST25__Status)
    i.SST25__WriteEAR                        0x08003300   Section        0  sst25.o(i.SST25__WriteEAR)
    SST25__WriteEAR                          0x08003301   Thumb Code   116  sst25.o(i.SST25__WriteEAR)
    i.SST25__WriteEnable                     0x08003378   Section        0  sst25.o(i.SST25__WriteEnable)
    SST25__WriteEnable                       0x08003379   Thumb Code    80  sst25.o(i.SST25__WriteEnable)
    i.SVC_Handler                            0x080033d0   Section        0  stm32f4xx_it.o(i.SVC_Handler)
    i.SysTick_Handler                        0x080033d2   Section        0  stm32f4xx_it.o(i.SysTick_Handler)
    i.SysTick_Task                           0x080033e4   Section        0  sys_tick.o(i.SysTick_Task)
    i.SystemClock_Config                     0x0800342c   Section        0  main.o(i.SystemClock_Config)
    i.SystemInit                             0x08003510   Section        0  system_stm32f4xx.o(i.SystemInit)
    i.UART4_IRQHandler                       0x08003574   Section        0  stm32f4xx_it.o(i.UART4_IRQHandler)
    i.UART4_Init                             0x0800357c   Section        0  uart4.o(i.UART4_Init)
    i.UART5_IRQHandler                       0x080035b0   Section        0  stm32f4xx_it.o(i.UART5_IRQHandler)
    i.UART5_Init                             0x080035b8   Section        0  uart5.o(i.UART5_Init)
    i.UART_DMAError                          0x080035ec   Section        0  stm32f4xx_hal_uart.o(i.UART_DMAError)
    UART_DMAError                            0x080035ed   Thumb Code    80  stm32f4xx_hal_uart.o(i.UART_DMAError)
    i.UART_DMAReceiveCplt                    0x0800363c   Section        0  stm32f4xx_hal_uart.o(i.UART_DMAReceiveCplt)
    UART_DMAReceiveCplt                      0x0800363d   Thumb Code    70  stm32f4xx_hal_uart.o(i.UART_DMAReceiveCplt)
    i.UART_DMARxHalfCplt                     0x08003682   Section        0  stm32f4xx_hal_uart.o(i.UART_DMARxHalfCplt)
    UART_DMARxHalfCplt                       0x08003683   Thumb Code    14  stm32f4xx_hal_uart.o(i.UART_DMARxHalfCplt)
    i.UART_DMATransmitCplt                   0x08003690   Section        0  stm32f4xx_hal_uart.o(i.UART_DMATransmitCplt)
    UART_DMATransmitCplt                     0x08003691   Thumb Code    54  stm32f4xx_hal_uart.o(i.UART_DMATransmitCplt)
    i.UART_DMATxHalfCplt                     0x080036c6   Section        0  stm32f4xx_hal_uart.o(i.UART_DMATxHalfCplt)
    UART_DMATxHalfCplt                       0x080036c7   Thumb Code    14  stm32f4xx_hal_uart.o(i.UART_DMATxHalfCplt)
    i.UART_DMATxOnlyAbortCallback            0x080036d4   Section        0  stm32f4xx_hal_uart.o(i.UART_DMATxOnlyAbortCallback)
    UART_DMATxOnlyAbortCallback              0x080036d5   Thumb Code    24  stm32f4xx_hal_uart.o(i.UART_DMATxOnlyAbortCallback)
    i.UART_EndRxTransfer                     0x080036ec   Section        0  stm32f4xx_hal_uart.o(i.UART_EndRxTransfer)
    UART_EndRxTransfer                       0x080036ed   Thumb Code    32  stm32f4xx_hal_uart.o(i.UART_EndRxTransfer)
    i.UART_EndTxTransfer                     0x0800370c   Section        0  stm32f4xx_hal_uart.o(i.UART_EndTxTransfer)
    UART_EndTxTransfer                       0x0800370d   Thumb Code    20  stm32f4xx_hal_uart.o(i.UART_EndTxTransfer)
    i.UART_SetConfig                         0x08003720   Section        0  stm32f4xx_hal_uart.o(i.UART_SetConfig)
    UART_SetConfig                           0x08003721   Thumb Code   864  stm32f4xx_hal_uart.o(i.UART_SetConfig)
    i.UartConfigTask                         0x08003a88   Section        0  uart_config_task.o(i.UartConfigTask)
    i.UartConfigTaskInit                     0x08003b64   Section        0  uart_config_task.o(i.UartConfigTaskInit)
    i.UsageFault_Handler                     0x08003b98   Section        0  stm32f4xx_it.o(i.UsageFault_Handler)
    i._Error_Handler                         0x08003b9c   Section        0  main.o(i._Error_Handler)
    i._SST25_Read                            0x08003ba0   Section        0  sst25.o(i._SST25_Read)
    i.__scatterload_copy                     0x08003c28   Section       14  handlers.o(i.__scatterload_copy)
    i.__scatterload_null                     0x08003c36   Section        2  handlers.o(i.__scatterload_null)
    i.__scatterload_zeroinit                 0x08003c38   Section       14  handlers.o(i.__scatterload_zeroinit)
    i.aes_gen_tables                         0x08003c48   Section        0  aes.o(i.aes_gen_tables)
    aes_gen_tables                           0x08003c49   Thumb Code   574  aes.o(i.aes_gen_tables)
    i.execute_user_code                      0x08003eb4   Section        0  app_config_task.o(i.execute_user_code)
    i.halSpiWriteByte                        0x08003ec4   Section        0  spi1.o(i.halSpiWriteByte)
    i.mUART4_GetChar                         0x08003efc   Section        0  uart4.o(i.mUART4_GetChar)
    i.mUART4_GetFill                         0x08003f5c   Section        0  uart4.o(i.mUART4_GetFill)
    i.mUART4_GetRxBufSize                    0x08003f8c   Section        0  uart4.o(i.mUART4_GetRxBufSize)
    i.mUART4_IRQHandler                      0x08003f94   Section        0  uart4.o(i.mUART4_IRQHandler)
    i.mUART4_PutChar                         0x0800400c   Section        0  uart4.o(i.mUART4_PutChar)
    i.mUART4_PutString                       0x0800408c   Section        0  uart4.o(i.mUART4_PutString)
    i.mUART5_GetChar                         0x080040a4   Section        0  uart5.o(i.mUART5_GetChar)
    i.mUART5_GetFill                         0x08004104   Section        0  uart5.o(i.mUART5_GetFill)
    i.mUART5_GetRxBufSize                    0x08004134   Section        0  uart5.o(i.mUART5_GetRxBufSize)
    i.mUART5_IRQHandler                      0x0800413c   Section        0  uart5.o(i.mUART5_IRQHandler)
    i.mUART5_PutChar                         0x080041b0   Section        0  uart5.o(i.mUART5_PutChar)
    i.mUART5_PutString                       0x08004230   Section        0  uart5.o(i.mUART5_PutString)
    i.main                                   0x08004248   Section        0  main.o(i.main)
    i.mbedtls_aes_crypt_cbc                  0x080043e4   Section        0  aes.o(i.mbedtls_aes_crypt_cbc)
    i.mbedtls_aes_crypt_ecb                  0x08004486   Section        0  aes.o(i.mbedtls_aes_crypt_ecb)
    i.mbedtls_aes_free                       0x080044ac   Section        0  aes.o(i.mbedtls_aes_free)
    i.mbedtls_aes_init                       0x080044c2   Section        0  aes.o(i.mbedtls_aes_init)
    i.mbedtls_aes_setkey_dec                 0x080044d4   Section        0  aes.o(i.mbedtls_aes_setkey_dec)
    i.mbedtls_aes_setkey_enc                 0x080045b4   Section        0  aes.o(i.mbedtls_aes_setkey_enc)
    i.mbedtls_internal_aes_decrypt           0x080047c8   Section        0  aes.o(i.mbedtls_internal_aes_decrypt)
    i.mbedtls_internal_aes_encrypt           0x08004ccc   Section        0  aes.o(i.mbedtls_internal_aes_encrypt)
    i.mbedtls_zeroize                        0x080051d0   Section        0  aes.o(i.mbedtls_zeroize)
    mbedtls_zeroize                          0x080051d1   Thumb Code    22  aes.o(i.mbedtls_zeroize)
    i.run_app                                0x080051e8   Section        0  app_config_task.o(i.run_app)
    .constdata                               0x08005218   Section       16  stm32f4xx_hal_dma.o(.constdata)
    STREAM_OFFSET_TAB                        0x08005218   Data           8  stm32f4xx_hal_dma.o(.constdata)
    flagBitshiftOffset                       0x08005220   Data           8  stm32f4xx_hal_dma.o(.constdata)
    .constdata                               0x08005228   Section       32  system_stm32f4xx.o(.constdata)
    STREAM_OFFSET_TAB                        0x08005228   Data           8  system_stm32f4xx.o(.constdata)
    .constdata                               0x08005248   Section       40  app_config_task.o(.constdata)
    STREAM_OFFSET_TAB                        0x08005248   Data           8  app_config_task.o(.constdata)
    .ARM.__AT_0x10000000                     0x10000000   Section        4  app_config_task.o(.ARM.__AT_0x10000000)
    .ARM.__AT_0x1000FF80                     0x1000ff80   Section        8  system_config.o(.ARM.__AT_0x1000FF80)
    .data                                    0x20000000   Section        4  stm32f4xx_hal.o(.data)
    .data                                    0x20000004   Section        4  system_stm32f4xx.o(.data)
    .data                                    0x20000008   Section        8  sst25.o(.data)
    .data                                    0x20000010   Section        4  aes.o(.data)
    aes_init_done                            0x20000010   Data           4  aes.o(.data)
    .data                                    0x20000014   Section        5  uart5.o(.data)
    uart5_initialized                        0x20000018   Data           1  uart5.o(.data)
    .data                                    0x20000020   Section       16  sys_tick.o(.data)
    .data                                    0x20000030   Section        5  uart4.o(.data)
    uart4_initialized                        0x20000034   Data           1  uart4.o(.data)
    .data                                    0x20000038   Section       38  app_config_task.o(.data)
    flagCfgProcessInUse                      0x2000005d   Data           1  app_config_task.o(.data)
    .data                                    0x20000060   Section        8  uart_config_task.o(.data)
    .bss                                     0x20000068   Section       32  stm32f4xx_hal_flash.o(.bss)
    .bss                                     0x20000088   Section      600  main.o(.bss)
    .bss                                     0x200002e0   Section      362  system_config.o(.bss)
    .bss                                     0x2000044c   Section     8744  aes.o(.bss)
    FSb                                      0x2000044c   Data         256  aes.o(.bss)
    FT0                                      0x2000054c   Data        1024  aes.o(.bss)
    FT1                                      0x2000094c   Data        1024  aes.o(.bss)
    FT2                                      0x20000d4c   Data        1024  aes.o(.bss)
    FT3                                      0x2000114c   Data        1024  aes.o(.bss)
    RSb                                      0x2000154c   Data         256  aes.o(.bss)
    RT0                                      0x2000164c   Data        1024  aes.o(.bss)
    RT1                                      0x20001a4c   Data        1024  aes.o(.bss)
    RT2                                      0x20001e4c   Data        1024  aes.o(.bss)
    RT3                                      0x2000224c   Data        1024  aes.o(.bss)
    RCON                                     0x2000264c   Data          40  aes.o(.bss)
    .bss                                     0x20002674   Section     2064  uart5.o(.bss)
    .bss                                     0x20002e84   Section     2064  uart4.o(.bss)
    .bss                                     0x20003694   Section     4136  app_config_task.o(.bss)
    .bss                                     0x200046bc   Section      572  uart_config_task.o(.bss)
    STACK                                    0x200048f8   Section     8192  startup_stm32f407xx.o(STACK)

    Global Symbols

    Symbol Name                              Value     Ov Type        Size  Object(Section)

    BuildAttributes$$THM_ISAv4$E$P$D$K$B$S$7EM$VFPi3$EXTD16$VFPS$VFMA$PE$A:L22UL41UL21$X:L11$S22US41US21$IEEE1$IW$USESV6$~STKCKD$USESV7$~SHL$OSPACE$EBA8$MICROLIB$REQ8$PRES8$EABIv2 0x00000000   Number         0  anon$$obj.o ABSOLUTE
    __ARM_use_no_argv                        0x00000000   Number         0  main.o ABSOLUTE
    __cpp_initialize__aeabi_                  - Undefined Weak Reference
    __cxa_finalize                            - Undefined Weak Reference
    __decompress                              - Undefined Weak Reference
    _clock_init                               - Undefined Weak Reference
    _microlib_exit                            - Undefined Weak Reference
    __Vectors_Size                           0x00000188   Number         0  startup_stm32f407xx.o ABSOLUTE
    __Vectors                                0x08000000   Data           4  startup_stm32f407xx.o(RESET)
    __Vectors_End                            0x08000188   Data           0  startup_stm32f407xx.o(RESET)
    __main                                   0x08000189   Thumb Code     0  entry.o(.ARM.Collect$$$$00000000)
    _main_stk                                0x08000189   Thumb Code     0  entry2.o(.ARM.Collect$$$$00000001)
    _main_scatterload                        0x0800018d   Thumb Code     0  entry5.o(.ARM.Collect$$$$00000004)
    __main_after_scatterload                 0x08000191   Thumb Code     0  entry5.o(.ARM.Collect$$$$00000004)
    _main_clock                              0x08000191   Thumb Code     0  entry7b.o(.ARM.Collect$$$$00000008)
    _main_cpp_init                           0x08000191   Thumb Code     0  entry8b.o(.ARM.Collect$$$$0000000A)
    _main_init                               0x08000191   Thumb Code     0  entry9a.o(.ARM.Collect$$$$0000000B)
    __rt_final_cpp                           0x08000199   Thumb Code     0  entry10a.o(.ARM.Collect$$$$0000000D)
    __rt_final_exit                          0x08000199   Thumb Code     0  entry11a.o(.ARM.Collect$$$$0000000F)
    Reset_Handler                            0x0800019d   Thumb Code     4  startup_stm32f407xx.o(.text)
    ADC_IRQHandler                           0x080001b3   Thumb Code     0  startup_stm32f407xx.o(.text)
    CAN1_RX0_IRQHandler                      0x080001b3   Thumb Code     0  startup_stm32f407xx.o(.text)
    CAN1_RX1_IRQHandler                      0x080001b3   Thumb Code     0  startup_stm32f407xx.o(.text)
    CAN1_SCE_IRQHandler                      0x080001b3   Thumb Code     0  startup_stm32f407xx.o(.text)
    CAN1_TX_IRQHandler                       0x080001b3   Thumb Code     0  startup_stm32f407xx.o(.text)
    CAN2_RX0_IRQHandler                      0x080001b3   Thumb Code     0  startup_stm32f407xx.o(.text)
    CAN2_RX1_IRQHandler                      0x080001b3   Thumb Code     0  startup_stm32f407xx.o(.text)
    CAN2_SCE_IRQHandler                      0x080001b3   Thumb Code     0  startup_stm32f407xx.o(.text)
    CAN2_TX_IRQHandler                       0x080001b3   Thumb Code     0  startup_stm32f407xx.o(.text)
    DCMI_IRQHandler                          0x080001b3   Thumb Code     0  startup_stm32f407xx.o(.text)
    DMA1_Stream1_IRQHandler                  0x080001b3   Thumb Code     0  startup_stm32f407xx.o(.text)
    DMA1_Stream3_IRQHandler                  0x080001b3   Thumb Code     0  startup_stm32f407xx.o(.text)
    DMA1_Stream5_IRQHandler                  0x080001b3   Thumb Code     0  startup_stm32f407xx.o(.text)
    DMA1_Stream6_IRQHandler                  0x080001b3   Thumb Code     0  startup_stm32f407xx.o(.text)
    DMA2_Stream0_IRQHandler                  0x080001b3   Thumb Code     0  startup_stm32f407xx.o(.text)
    DMA2_Stream1_IRQHandler                  0x080001b3   Thumb Code     0  startup_stm32f407xx.o(.text)
    DMA2_Stream2_IRQHandler                  0x080001b3   Thumb Code     0  startup_stm32f407xx.o(.text)
    DMA2_Stream3_IRQHandler                  0x080001b3   Thumb Code     0  startup_stm32f407xx.o(.text)
    DMA2_Stream4_IRQHandler                  0x080001b3   Thumb Code     0  startup_stm32f407xx.o(.text)
    DMA2_Stream5_IRQHandler                  0x080001b3   Thumb Code     0  startup_stm32f407xx.o(.text)
    DMA2_Stream6_IRQHandler                  0x080001b3   Thumb Code     0  startup_stm32f407xx.o(.text)
    DMA2_Stream7_IRQHandler                  0x080001b3   Thumb Code     0  startup_stm32f407xx.o(.text)
    ETH_IRQHandler                           0x080001b3   Thumb Code     0  startup_stm32f407xx.o(.text)
    ETH_WKUP_IRQHandler                      0x080001b3   Thumb Code     0  startup_stm32f407xx.o(.text)
    EXTI0_IRQHandler                         0x080001b3   Thumb Code     0  startup_stm32f407xx.o(.text)
    EXTI15_10_IRQHandler                     0x080001b3   Thumb Code     0  startup_stm32f407xx.o(.text)
    EXTI1_IRQHandler                         0x080001b3   Thumb Code     0  startup_stm32f407xx.o(.text)
    EXTI2_IRQHandler                         0x080001b3   Thumb Code     0  startup_stm32f407xx.o(.text)
    EXTI3_IRQHandler                         0x080001b3   Thumb Code     0  startup_stm32f407xx.o(.text)
    EXTI4_IRQHandler                         0x080001b3   Thumb Code     0  startup_stm32f407xx.o(.text)
    EXTI9_5_IRQHandler                       0x080001b3   Thumb Code     0  startup_stm32f407xx.o(.text)
    FLASH_IRQHandler                         0x080001b3   Thumb Code     0  startup_stm32f407xx.o(.text)
    FMC_IRQHandler                           0x080001b3   Thumb Code     0  startup_stm32f407xx.o(.text)
    FPU_IRQHandler                           0x080001b3   Thumb Code     0  startup_stm32f407xx.o(.text)
    HASH_RNG_IRQHandler                      0x080001b3   Thumb Code     0  startup_stm32f407xx.o(.text)
    I2C1_ER_IRQHandler                       0x080001b3   Thumb Code     0  startup_stm32f407xx.o(.text)
    I2C1_EV_IRQHandler                       0x080001b3   Thumb Code     0  startup_stm32f407xx.o(.text)
    I2C2_ER_IRQHandler                       0x080001b3   Thumb Code     0  startup_stm32f407xx.o(.text)
    I2C2_EV_IRQHandler                       0x080001b3   Thumb Code     0  startup_stm32f407xx.o(.text)
    I2C3_ER_IRQHandler                       0x080001b3   Thumb Code     0  startup_stm32f407xx.o(.text)
    I2C3_EV_IRQHandler                       0x080001b3   Thumb Code     0  startup_stm32f407xx.o(.text)
    OTG_FS_IRQHandler                        0x080001b3   Thumb Code     0  startup_stm32f407xx.o(.text)
    OTG_FS_WKUP_IRQHandler                   0x080001b3   Thumb Code     0  startup_stm32f407xx.o(.text)
    OTG_HS_EP1_IN_IRQHandler                 0x080001b3   Thumb Code     0  startup_stm32f407xx.o(.text)
    OTG_HS_EP1_OUT_IRQHandler                0x080001b3   Thumb Code     0  startup_stm32f407xx.o(.text)
    OTG_HS_IRQHandler                        0x080001b3   Thumb Code     0  startup_stm32f407xx.o(.text)
    OTG_HS_WKUP_IRQHandler                   0x080001b3   Thumb Code     0  startup_stm32f407xx.o(.text)
    PVD_IRQHandler                           0x080001b3   Thumb Code     0  startup_stm32f407xx.o(.text)
    RCC_IRQHandler                           0x080001b3   Thumb Code     0  startup_stm32f407xx.o(.text)
    RTC_Alarm_IRQHandler                     0x080001b3   Thumb Code     0  startup_stm32f407xx.o(.text)
    RTC_WKUP_IRQHandler                      0x080001b3   Thumb Code     0  startup_stm32f407xx.o(.text)
    SDIO_IRQHandler                          0x080001b3   Thumb Code     0  startup_stm32f407xx.o(.text)
    SPI1_IRQHandler                          0x080001b3   Thumb Code     0  startup_stm32f407xx.o(.text)
    SPI2_IRQHandler                          0x080001b3   Thumb Code     0  startup_stm32f407xx.o(.text)
    SPI3_IRQHandler                          0x080001b3   Thumb Code     0  startup_stm32f407xx.o(.text)
    TAMP_STAMP_IRQHandler                    0x080001b3   Thumb Code     0  startup_stm32f407xx.o(.text)
    TIM1_BRK_TIM9_IRQHandler                 0x080001b3   Thumb Code     0  startup_stm32f407xx.o(.text)
    TIM1_CC_IRQHandler                       0x080001b3   Thumb Code     0  startup_stm32f407xx.o(.text)
    TIM1_TRG_COM_TIM11_IRQHandler            0x080001b3   Thumb Code     0  startup_stm32f407xx.o(.text)
    TIM1_UP_TIM10_IRQHandler                 0x080001b3   Thumb Code     0  startup_stm32f407xx.o(.text)
    TIM2_IRQHandler                          0x080001b3   Thumb Code     0  startup_stm32f407xx.o(.text)
    TIM3_IRQHandler                          0x080001b3   Thumb Code     0  startup_stm32f407xx.o(.text)
    TIM4_IRQHandler                          0x080001b3   Thumb Code     0  startup_stm32f407xx.o(.text)
    TIM5_IRQHandler                          0x080001b3   Thumb Code     0  startup_stm32f407xx.o(.text)
    TIM6_DAC_IRQHandler                      0x080001b3   Thumb Code     0  startup_stm32f407xx.o(.text)
    TIM7_IRQHandler                          0x080001b3   Thumb Code     0  startup_stm32f407xx.o(.text)
    TIM8_BRK_TIM12_IRQHandler                0x080001b3   Thumb Code     0  startup_stm32f407xx.o(.text)
    TIM8_CC_IRQHandler                       0x080001b3   Thumb Code     0  startup_stm32f407xx.o(.text)
    TIM8_TRG_COM_TIM14_IRQHandler            0x080001b3   Thumb Code     0  startup_stm32f407xx.o(.text)
    TIM8_UP_TIM13_IRQHandler                 0x080001b3   Thumb Code     0  startup_stm32f407xx.o(.text)
    USART1_IRQHandler                        0x080001b3   Thumb Code     0  startup_stm32f407xx.o(.text)
    USART2_IRQHandler                        0x080001b3   Thumb Code     0  startup_stm32f407xx.o(.text)
    USART3_IRQHandler                        0x080001b3   Thumb Code     0  startup_stm32f407xx.o(.text)
    USART6_IRQHandler                        0x080001b3   Thumb Code     0  startup_stm32f407xx.o(.text)
    WWDG_IRQHandler                          0x080001b3   Thumb Code     0  startup_stm32f407xx.o(.text)
    __aeabi_uldivmod                         0x080001b9   Thumb Code    98  uldiv.o(.text)
    __aeabi_memcpy                           0x0800021b   Thumb Code    36  memcpya.o(.text)
    __aeabi_memcpy4                          0x0800021b   Thumb Code     0  memcpya.o(.text)
    __aeabi_memcpy8                          0x0800021b   Thumb Code     0  memcpya.o(.text)
    __aeabi_memset                           0x0800023f   Thumb Code    14  memseta.o(.text)
    __aeabi_memset4                          0x0800023f   Thumb Code     0  memseta.o(.text)
    __aeabi_memset8                          0x0800023f   Thumb Code     0  memseta.o(.text)
    __aeabi_memclr                           0x0800024d   Thumb Code     4  memseta.o(.text)
    __aeabi_memclr4                          0x0800024d   Thumb Code     0  memseta.o(.text)
    __aeabi_memclr8                          0x0800024d   Thumb Code     0  memseta.o(.text)
    _memset$wrapper                          0x08000251   Thumb Code    18  memseta.o(.text)
    memcmp                                   0x08000263   Thumb Code    26  memcmp.o(.text)
    __aeabi_llsl                             0x0800027d   Thumb Code    30  llshl.o(.text)
    _ll_shift_l                              0x0800027d   Thumb Code     0  llshl.o(.text)
    __aeabi_llsr                             0x0800029b   Thumb Code    32  llushr.o(.text)
    _ll_ushift_r                             0x0800029b   Thumb Code     0  llushr.o(.text)
    __scatterload                            0x080002bd   Thumb Code    28  init.o(.text)
    __scatterload_rt2                        0x080002bd   Thumb Code     0  init.o(.text)
    AppCheck                                 0x080002e1   Thumb Code    24  app_config_task.o(i.AppCheck)
    AppConfigTask                            0x080002fd   Thumb Code   146  app_config_task.o(i.AppConfigTask)
    AppConfigTaskInit                        0x080003a1   Thumb Code    28  app_config_task.o(i.AppConfigTaskInit)
    AppCopy                                  0x080003c5   Thumb Code   800  app_config_task.o(i.AppCopy)
    BusFault_Handler                         0x0800072d   Thumb Code     4  stm32f4xx_it.o(i.BusFault_Handler)
    CFG_ReLoad                               0x08000731   Thumb Code    16  system_config.o(i.CFG_ReLoad)
    CfgCalcCheckSum                          0x08000749   Thumb Code    26  app_config_task.o(i.CfgCalcCheckSum)
    CfgParserPacket                          0x08000763   Thumb Code   170  app_config_task.o(i.CfgParserPacket)
    CfgProcessData                           0x0800080d   Thumb Code  1158  app_config_task.o(i.CfgProcessData)
    CfgUART4SendData                         0x08000c9d   Thumb Code    66  uart_config_task.o(i.CfgUART4SendData)
    CfgUART5SendData                         0x08000cdf   Thumb Code    66  uart_config_task.o(i.CfgUART5SendData)
    CheckTimeout                             0x08000d21   Thumb Code    70  sys_tick.o(i.CheckTimeout)
    DMA1_Stream0_IRQHandler                  0x08000d69   Thumb Code    10  stm32f4xx_it.o(i.DMA1_Stream0_IRQHandler)
    DMA1_Stream2_IRQHandler                  0x08000d79   Thumb Code    10  stm32f4xx_it.o(i.DMA1_Stream2_IRQHandler)
    DMA1_Stream4_IRQHandler                  0x08000d89   Thumb Code    10  stm32f4xx_it.o(i.DMA1_Stream4_IRQHandler)
    DMA1_Stream7_IRQHandler                  0x08000d99   Thumb Code    10  stm32f4xx_it.o(i.DMA1_Stream7_IRQHandler)
    DebugMon_Handler                         0x08000eb3   Thumb Code     2  stm32f4xx_it.o(i.DebugMon_Handler)
    FLASH_ErasePage                          0x08000eb5   Thumb Code    40  flashprog.o(i.FLASH_ErasePage)
    FLASH_Erase_Sector                       0x08000edd   Thumb Code    86  stm32f4xx_hal_flash_ex.o(i.FLASH_Erase_Sector)
    FLASH_FlushCaches                        0x08000f39   Thumb Code   114  stm32f4xx_hal_flash_ex.o(i.FLASH_FlushCaches)
    FLASH_WaitForLastOperation               0x08001119   Thumb Code    90  stm32f4xx_hal_flash.o(i.FLASH_WaitForLastOperation)
    FMC_DataDecrypt                          0x0800117d   Thumb Code    72  app_config_task.o(i.FMC_DataDecrypt)
    FMC_ProgramData                          0x080011c9   Thumb Code   100  flashprog.o(i.FMC_ProgramData)
    HAL_DMA_Abort_IT                         0x08001311   Thumb Code    40  stm32f4xx_hal_dma.o(i.HAL_DMA_Abort_IT)
    HAL_DMA_IRQHandler                       0x08001339   Thumb Code   570  stm32f4xx_hal_dma.o(i.HAL_DMA_IRQHandler)
    HAL_DMA_Init                             0x08001579   Thumb Code   232  stm32f4xx_hal_dma.o(i.HAL_DMA_Init)
    HAL_DMA_Start_IT                         0x08001665   Thumb Code   158  stm32f4xx_hal_dma.o(i.HAL_DMA_Start_IT)
    HAL_Delay                                0x08001703   Thumb Code    30  stm32f4xx_hal.o(i.HAL_Delay)
    HAL_FLASHEx_Erase                        0x08001721   Thumb Code   164  stm32f4xx_hal_flash_ex.o(i.HAL_FLASHEx_Erase)
    HAL_FLASH_Lock                           0x080017cd   Thumb Code    16  stm32f4xx_hal_flash.o(i.HAL_FLASH_Lock)
    HAL_FLASH_Program                        0x080017e1   Thumb Code   142  stm32f4xx_hal_flash.o(i.HAL_FLASH_Program)
    HAL_FLASH_Unlock                         0x08001879   Thumb Code    38  stm32f4xx_hal_flash.o(i.HAL_FLASH_Unlock)
    HAL_GPIO_Init                            0x080018ad   Thumb Code   466  stm32f4xx_hal_gpio.o(i.HAL_GPIO_Init)
    HAL_GPIO_WritePin                        0x08001aad   Thumb Code    12  stm32f4xx_hal_gpio.o(i.HAL_GPIO_WritePin)
    HAL_GetTick                              0x08001ab9   Thumb Code     6  stm32f4xx_hal.o(i.HAL_GetTick)
    HAL_IncTick                              0x08001ac5   Thumb Code    12  stm32f4xx_hal.o(i.HAL_IncTick)
    HAL_Init                                 0x08001ad5   Thumb Code    54  stm32f4xx_hal.o(i.HAL_Init)
    HAL_InitTick                             0x08001b11   Thumb Code    36  stm32f4xx_hal.o(i.HAL_InitTick)
    HAL_MspInit                              0x08001b39   Thumb Code    86  stm32f4xx_hal_msp.o(i.HAL_MspInit)
    HAL_NVIC_EnableIRQ                       0x08001b8f   Thumb Code    26  stm32f4xx_hal_cortex.o(i.HAL_NVIC_EnableIRQ)
    HAL_NVIC_SetPriority                     0x08001ba9   Thumb Code   124  stm32f4xx_hal_cortex.o(i.HAL_NVIC_SetPriority)
    HAL_NVIC_SetPriorityGrouping             0x08001c25   Thumb Code    32  stm32f4xx_hal_cortex.o(i.HAL_NVIC_SetPriorityGrouping)
    HAL_RCC_ClockConfig                      0x08001c4d   Thumb Code   366  stm32f4xx_hal_rcc.o(i.HAL_RCC_ClockConfig)
    HAL_RCC_GetHCLKFreq                      0x08001dcd   Thumb Code     6  stm32f4xx_hal_rcc.o(i.HAL_RCC_GetHCLKFreq)
    HAL_RCC_GetPCLK1Freq                     0x08001dd9   Thumb Code    22  stm32f4xx_hal_rcc.o(i.HAL_RCC_GetPCLK1Freq)
    HAL_RCC_GetPCLK2Freq                     0x08001df9   Thumb Code    22  stm32f4xx_hal_rcc.o(i.HAL_RCC_GetPCLK2Freq)
    HAL_RCC_GetSysClockFreq                  0x08001e19   Thumb Code   162  stm32f4xx_hal_rcc.o(i.HAL_RCC_GetSysClockFreq)
    HAL_RCC_OscConfig                        0x08001ec9   Thumb Code  1040  stm32f4xx_hal_rcc.o(i.HAL_RCC_OscConfig)
    HAL_SPI_Init                             0x080022d9   Thumb Code   140  stm32f4xx_hal_spi.o(i.HAL_SPI_Init)
    HAL_SPI_MspInit                          0x08002365   Thumb Code    78  stm32f4xx_hal_msp.o(i.HAL_SPI_MspInit)
    HAL_SPI_TransmitReceive                  0x080023c1   Thumb Code   542  stm32f4xx_hal_spi.o(i.HAL_SPI_TransmitReceive)
    HAL_SYSTICK_CLKSourceConfig              0x080025df   Thumb Code    40  stm32f4xx_hal_cortex.o(i.HAL_SYSTICK_CLKSourceConfig)
    HAL_SYSTICK_Callback                     0x08002607   Thumb Code     2  stm32f4xx_hal_cortex.o(i.HAL_SYSTICK_Callback)
    HAL_SYSTICK_Config                       0x08002609   Thumb Code    52  stm32f4xx_hal_cortex.o(i.HAL_SYSTICK_Config)
    HAL_SYSTICK_IRQHandler                   0x0800263d   Thumb Code     8  stm32f4xx_hal_cortex.o(i.HAL_SYSTICK_IRQHandler)
    HAL_UART_AbortTransmitCpltCallback       0x08002645   Thumb Code     2  stm32f4xx_hal_uart.o(i.HAL_UART_AbortTransmitCpltCallback)
    HAL_UART_AbortTransmit_IT                0x08002649   Thumb Code   102  stm32f4xx_hal_uart.o(i.HAL_UART_AbortTransmit_IT)
    HAL_UART_ErrorCallback                   0x080026b5   Thumb Code     2  stm32f4xx_hal_uart.o(i.HAL_UART_ErrorCallback)
    HAL_UART_Init                            0x080026b7   Thumb Code   114  stm32f4xx_hal_uart.o(i.HAL_UART_Init)
    HAL_UART_MspInit                         0x08002729   Thumb Code   478  stm32f4xx_hal_msp.o(i.HAL_UART_MspInit)
    HAL_UART_Receive_DMA                     0x0800294d   Thumb Code   182  stm32f4xx_hal_uart.o(i.HAL_UART_Receive_DMA)
    HAL_UART_RxCpltCallback                  0x08002a11   Thumb Code     2  stm32f4xx_hal_uart.o(i.HAL_UART_RxCpltCallback)
    HAL_UART_RxHalfCpltCallback              0x08002a13   Thumb Code     2  stm32f4xx_hal_uart.o(i.HAL_UART_RxHalfCpltCallback)
    HAL_UART_Transmit_DMA                    0x08002a15   Thumb Code   142  stm32f4xx_hal_uart.o(i.HAL_UART_Transmit_DMA)
    HAL_UART_TxCpltCallback                  0x08002ab1   Thumb Code     2  stm32f4xx_hal_uart.o(i.HAL_UART_TxCpltCallback)
    HAL_UART_TxHalfCpltCallback              0x08002ab3   Thumb Code     2  stm32f4xx_hal_uart.o(i.HAL_UART_TxHalfCpltCallback)
    HardFault_Handler                        0x08002ab5   Thumb Code     4  stm32f4xx_it.o(i.HardFault_Handler)
    InitTimeout                              0x08002ab9   Thumb Code    24  sys_tick.o(i.InitTimeout)
    LL_GPIO_Init                             0x08002aed   Thumb Code   324  stm32f4xx_ll_gpio.o(i.LL_GPIO_Init)
    MemManage_Handler                        0x08002e99   Thumb Code     4  stm32f4xx_it.o(i.MemManage_Handler)
    NMI_Handler                              0x08002e9d   Thumb Code     2  stm32f4xx_it.o(i.NMI_Handler)
    PendSV_Handler                           0x08002f19   Thumb Code     2  stm32f4xx_it.o(i.PendSV_Handler)
    RINGBUF_Get                              0x08002f1b   Thumb Code    46  ringbuf.o(i.RINGBUF_Get)
    RINGBUF_GetFill                          0x08002f49   Thumb Code    30  ringbuf.o(i.RINGBUF_GetFill)
    RINGBUF_Init                             0x08002f67   Thumb Code    30  ringbuf.o(i.RINGBUF_Init)
    RINGBUF_Put                              0x08002f85   Thumb Code    42  ringbuf.o(i.RINGBUF_Put)
    SST25_Erase                              0x08003081   Thumb Code   236  sst25.o(i.SST25_Erase)
    SST25_Init                               0x08003179   Thumb Code    76  sst25.o(i.SST25_Init)
    SST25_Read                               0x080031c9   Thumb Code   106  sst25.o(i.SST25_Read)
    SVC_Handler                              0x080033d1   Thumb Code     2  stm32f4xx_it.o(i.SVC_Handler)
    SysTick_Handler                          0x080033d3   Thumb Code    16  stm32f4xx_it.o(i.SysTick_Handler)
    SysTick_Task                             0x080033e5   Thumb Code    58  sys_tick.o(i.SysTick_Task)
    SystemClock_Config                       0x0800342d   Thumb Code   204  main.o(i.SystemClock_Config)
    SystemInit                               0x08003511   Thumb Code    82  system_stm32f4xx.o(i.SystemInit)
    UART4_IRQHandler                         0x08003575   Thumb Code     8  stm32f4xx_it.o(i.UART4_IRQHandler)
    UART4_Init                               0x0800357d   Thumb Code    32  uart4.o(i.UART4_Init)
    UART5_IRQHandler                         0x080035b1   Thumb Code     8  stm32f4xx_it.o(i.UART5_IRQHandler)
    UART5_Init                               0x080035b9   Thumb Code    32  uart5.o(i.UART5_Init)
    UartConfigTask                           0x08003a89   Thumb Code   190  uart_config_task.o(i.UartConfigTask)
    UartConfigTaskInit                       0x08003b65   Thumb Code    34  uart_config_task.o(i.UartConfigTaskInit)
    UsageFault_Handler                       0x08003b99   Thumb Code     4  stm32f4xx_it.o(i.UsageFault_Handler)
    _Error_Handler                           0x08003b9d   Thumb Code     4  main.o(i._Error_Handler)
    _SST25_Read                              0x08003ba1   Thumb Code   128  sst25.o(i._SST25_Read)
    __scatterload_copy                       0x08003c29   Thumb Code    14  handlers.o(i.__scatterload_copy)
    __scatterload_null                       0x08003c37   Thumb Code     2  handlers.o(i.__scatterload_null)
    __scatterload_zeroinit                   0x08003c39   Thumb Code    14  handlers.o(i.__scatterload_zeroinit)
    execute_user_code                        0x08003eb5   Thumb Code    12  app_config_task.o(i.execute_user_code)
    halSpiWriteByte                          0x08003ec5   Thumb Code    50  spi1.o(i.halSpiWriteByte)
    mUART4_GetChar                           0x08003efd   Thumb Code    78  uart4.o(i.mUART4_GetChar)
    mUART4_GetFill                           0x08003f5d   Thumb Code    40  uart4.o(i.mUART4_GetFill)
    mUART4_GetRxBufSize                      0x08003f8d   Thumb Code     6  uart4.o(i.mUART4_GetRxBufSize)
    mUART4_IRQHandler                        0x08003f95   Thumb Code   102  uart4.o(i.mUART4_IRQHandler)
    mUART4_PutChar                           0x0800400d   Thumb Code   104  uart4.o(i.mUART4_PutChar)
    mUART4_PutString                         0x0800408d   Thumb Code    22  uart4.o(i.mUART4_PutString)
    mUART5_GetChar                           0x080040a5   Thumb Code    78  uart5.o(i.mUART5_GetChar)
    mUART5_GetFill                           0x08004105   Thumb Code    40  uart5.o(i.mUART5_GetFill)
    mUART5_GetRxBufSize                      0x08004135   Thumb Code     6  uart5.o(i.mUART5_GetRxBufSize)
    mUART5_IRQHandler                        0x0800413d   Thumb Code    98  uart5.o(i.mUART5_IRQHandler)
    mUART5_PutChar                           0x080041b1   Thumb Code   104  uart5.o(i.mUART5_PutChar)
    mUART5_PutString                         0x08004231   Thumb Code    22  uart5.o(i.mUART5_PutString)
    main                                     0x08004249   Thumb Code   304  main.o(i.main)
    mbedtls_aes_crypt_cbc                    0x080043e5   Thumb Code   162  aes.o(i.mbedtls_aes_crypt_cbc)
    mbedtls_aes_crypt_ecb                    0x08004487   Thumb Code    38  aes.o(i.mbedtls_aes_crypt_ecb)
    mbedtls_aes_free                         0x080044ad   Thumb Code    22  aes.o(i.mbedtls_aes_free)
    mbedtls_aes_init                         0x080044c3   Thumb Code    16  aes.o(i.mbedtls_aes_init)
    mbedtls_aes_setkey_dec                   0x080044d5   Thumb Code   204  aes.o(i.mbedtls_aes_setkey_dec)
    mbedtls_aes_setkey_enc                   0x080045b5   Thumb Code   520  aes.o(i.mbedtls_aes_setkey_enc)
    mbedtls_internal_aes_decrypt             0x080047c9   Thumb Code  1262  aes.o(i.mbedtls_internal_aes_decrypt)
    mbedtls_internal_aes_encrypt             0x08004ccd   Thumb Code  1262  aes.o(i.mbedtls_internal_aes_encrypt)
    run_app                                  0x080051e9   Thumb Code    36  app_config_task.o(i.run_app)
    AHBPrescTable                            0x08005230   Data          16  system_stm32f4xx.o(.constdata)
    APBPrescTable                            0x08005240   Data           8  system_stm32f4xx.o(.constdata)
    key                                      0x08005250   Data          16  app_config_task.o(.constdata)
    my_iv                                    0x08005260   Data          16  app_config_task.o(.constdata)
    Region$$Table$$Base                      0x08005270   Number         0  anon$$obj.o(Region$$Table)
    Region$$Table$$Limit                     0x08005280   Number         0  anon$$obj.o(Region$$Table)
    runApplication                           0x10000000   Data           4  app_config_task.o(.ARM.__AT_0x10000000)
    variableNoInit                           0x1000ff80   Data           8  system_config.o(.ARM.__AT_0x1000FF80)
    uwTick                                   0x20000000   Data           4  stm32f4xx_hal.o(.data)
    SystemCoreClock                          0x20000004   Data           4  system_stm32f4xx.o(.data)
    countErrTemp                             0x20000008   Data           4  sst25.o(.data)
    writeErrCnt                              0x2000000c   Data           4  sst25.o(.data)
    UART5_RxTail                             0x20000014   Data           4  uart5.o(.data)
    sysTickTimeSec                           0x20000020   Data           4  sys_tick.o(.data)
    sysTickCounter32                         0x20000024   Data           4  sys_tick.o(.data)
    sysTickCounter64                         0x20000028   Data           8  sys_tick.o(.data)
    UART4_RxTail                             0x20000030   Data           4  uart4.o(.data)
    firmwareFileCrc                          0x20000038   Data           4  app_config_task.o(.data)
    fileCrcCalc                              0x2000003c   Data           4  app_config_task.o(.data)
    firmwareFileSize                         0x20000040   Data           4  app_config_task.o(.data)
    firmwareFileOffSet                       0x20000044   Data           4  app_config_task.o(.data)
    firmwareSendFileOffSetFlag               0x20000048   Data           4  app_config_task.o(.data)
    firmwareSaveFileOffsetCnt                0x2000004c   Data           4  app_config_task.o(.data)
    firmwareStatus                           0x20000050   Data           4  app_config_task.o(.data)
    Jump_To_Application                      0x20000054   Data           4  app_config_task.o(.data)
    JumpAddress                              0x20000058   Data           4  app_config_task.o(.data)
    bootMode                                 0x2000005c   Data           1  app_config_task.o(.data)
    uart5DataHead                            0x20000060   Data           4  uart_config_task.o(.data)
    uart4DataHead                            0x20000064   Data           4  uart_config_task.o(.data)
    pFlash                                   0x20000068   Data          32  stm32f4xx_hal_flash.o(.bss)
    hspi1                                    0x20000088   Data          88  main.o(.bss)
    huart4                                   0x200000e0   Data          64  main.o(.bss)
    huart5                                   0x20000120   Data          64  main.o(.bss)
    hdma_uart4_tx                            0x20000160   Data          96  main.o(.bss)
    hdma_uart4_rx                            0x200001c0   Data          96  main.o(.bss)
    hdma_uart5_tx                            0x20000220   Data          96  main.o(.bss)
    hdma_uart5_rx                            0x20000280   Data          96  main.o(.bss)
    sysCfg                                   0x200002e0   Data         362  system_config.o(.bss)
    UART5_TxBuff                             0x20002674   Data         512  uart5.o(.bss)
    UART5_TxRingBuff                         0x20002874   Data          16  uart5.o(.bss)
    UART5_DMATxBuff                          0x20002884   Data         512  uart5.o(.bss)
    UART5_DMARxBuff                          0x20002a84   Data        1024  uart5.o(.bss)
    UART4_TxBuff                             0x20002e84   Data         512  uart4.o(.bss)
    UART4_TxRingBuff                         0x20003084   Data          16  uart4.o(.bss)
    UART4_DMATxBuff                          0x20003094   Data         512  uart4.o(.bss)
    UART4_DMARxBuff                          0x20003294   Data        1024  uart4.o(.bss)
    buff                                     0x20003694   Data        2048  app_config_task.o(.bss)
    flashBuff                                0x20003e94   Data        2048  app_config_task.o(.bss)
    bootLoginTimeout                         0x20004694   Data          12  app_config_task.o(.bss)
    bootExitTimeout                          0x200046a0   Data          12  app_config_task.o(.bss)
    last_iv                                  0x200046ac   Data          16  app_config_task.o(.bss)
    UART_ProtoRecv                           0x200046bc   Data          16  uart_config_task.o(.bss)
    UART_ProtoSend                           0x200046cc   Data          16  uart_config_task.o(.bss)
    UART_DataBuff                            0x200046dc   Data         516  uart_config_task.o(.bss)
    UART_parserPacket                        0x200048e0   Data          10  uart_config_task.o(.bss)
    checkUart                                0x200048ec   Data          12  uart_config_task.o(.bss)
    __initial_sp                             0x200068f8   Data           0  startup_stm32f407xx.o(STACK)



==============================================================================

Memory Map of the image

  Image Entry point : 0x08000189

  Load Region LR_IROM1 (Base: 0x08000000, Size: 0x000052e8, Max: 0x00080000, ABSOLUTE)

    Execution Region ER_IROM1 (Base: 0x08000000, Size: 0x00005280, Max: 0x00080000, ABSOLUTE)

    Base Addr    Size         Type   Attr      Idx    E Section Name        Object

    0x08000000   0x00000188   Data   RO         3327    RESET               startup_stm32f407xx.o
    0x08000188   0x00000000   Code   RO         3332  * .ARM.Collect$$$$00000000  mc_w.l(entry.o)
    0x08000188   0x00000004   Code   RO         3345    .ARM.Collect$$$$00000001  mc_w.l(entry2.o)
    0x0800018c   0x00000004   Code   RO         3348    .ARM.Collect$$$$00000004  mc_w.l(entry5.o)
    0x08000190   0x00000000   Code   RO         3350    .ARM.Collect$$$$00000008  mc_w.l(entry7b.o)
    0x08000190   0x00000000   Code   RO         3352    .ARM.Collect$$$$0000000A  mc_w.l(entry8b.o)
    0x08000190   0x00000008   Code   RO         3353    .ARM.Collect$$$$0000000B  mc_w.l(entry9a.o)
    0x08000198   0x00000000   Code   RO         3355    .ARM.Collect$$$$0000000D  mc_w.l(entry10a.o)
    0x08000198   0x00000000   Code   RO         3357    .ARM.Collect$$$$0000000F  mc_w.l(entry11a.o)
    0x08000198   0x00000004   Code   RO         3346    .ARM.Collect$$$$00002712  mc_w.l(entry2.o)
    0x0800019c   0x0000001c   Code   RO         3328    .text               startup_stm32f407xx.o
    0x080001b8   0x00000062   Code   RO         3335    .text               mc_w.l(uldiv.o)
    0x0800021a   0x00000024   Code   RO         3337    .text               mc_w.l(memcpya.o)
    0x0800023e   0x00000024   Code   RO         3339    .text               mc_w.l(memseta.o)
    0x08000262   0x0000001a   Code   RO         3341    .text               mc_w.l(memcmp.o)
    0x0800027c   0x0000001e   Code   RO         3359    .text               mc_w.l(llshl.o)
    0x0800029a   0x00000020   Code   RO         3361    .text               mc_w.l(llushr.o)
    0x080002ba   0x00000002   PAD
    0x080002bc   0x00000024   Code   RO         3363    .text               mc_w.l(init.o)
    0x080002e0   0x0000001c   Code   RO         3162    i.AppCheck          app_config_task.o
    0x080002fc   0x000000a4   Code   RO         3163    i.AppConfigTask     app_config_task.o
    0x080003a0   0x00000024   Code   RO         3164    i.AppConfigTaskInit  app_config_task.o
    0x080003c4   0x00000368   Code   RO         3165    i.AppCopy           app_config_task.o
    0x0800072c   0x00000004   Code   RO         2432    i.BusFault_Handler  stm32f4xx_it.o
    0x08000730   0x00000018   Code   RO         2598    i.CFG_ReLoad        system_config.o
    0x08000748   0x0000001a   Code   RO         3166    i.CfgCalcCheckSum   app_config_task.o
    0x08000762   0x000000aa   Code   RO         3167    i.CfgParserPacket   app_config_task.o
    0x0800080c   0x00000490   Code   RO         3168    i.CfgProcessData    app_config_task.o
    0x08000c9c   0x00000042   Code   RO         3277    i.CfgUART4SendData  uart_config_task.o
    0x08000cde   0x00000042   Code   RO         3278    i.CfgUART5SendData  uart_config_task.o
    0x08000d20   0x00000046   Code   RO         2976    i.CheckTimeout      sys_tick.o
    0x08000d66   0x00000002   PAD
    0x08000d68   0x00000010   Code   RO         2433    i.DMA1_Stream0_IRQHandler  stm32f4xx_it.o
    0x08000d78   0x00000010   Code   RO         2434    i.DMA1_Stream2_IRQHandler  stm32f4xx_it.o
    0x08000d88   0x00000010   Code   RO         2435    i.DMA1_Stream4_IRQHandler  stm32f4xx_it.o
    0x08000d98   0x00000010   Code   RO         2436    i.DMA1_Stream7_IRQHandler  stm32f4xx_it.o
    0x08000da8   0x00000034   Code   RO          848    i.DMA_CalcBaseAndBitshift  stm32f4xx_hal_dma.o
    0x08000ddc   0x000000aa   Code   RO          849    i.DMA_CheckFifoParam  stm32f4xx_hal_dma.o
    0x08000e86   0x0000002c   Code   RO          850    i.DMA_SetConfig     stm32f4xx_hal_dma.o
    0x08000eb2   0x00000002   Code   RO         2437    i.DebugMon_Handler  stm32f4xx_it.o
    0x08000eb4   0x00000028   Code   RO         3042    i.FLASH_ErasePage   flashprog.o
    0x08000edc   0x0000005c   Code   RO          579    i.FLASH_Erase_Sector  stm32f4xx_hal_flash_ex.o
    0x08000f38   0x00000078   Code   RO          580    i.FLASH_FlushCaches  stm32f4xx_hal_flash_ex.o
    0x08000fb0   0x00000030   Code   RO          581    i.FLASH_MassErase   stm32f4xx_hal_flash_ex.o
    0x08000fe0   0x00000024   Code   RO         1351    i.FLASH_Program_Byte  stm32f4xx_hal_flash.o
    0x08001004   0x0000002c   Code   RO         1352    i.FLASH_Program_DoubleWord  stm32f4xx_hal_flash.o
    0x08001030   0x00000028   Code   RO         1353    i.FLASH_Program_HalfWord  stm32f4xx_hal_flash.o
    0x08001058   0x00000028   Code   RO         1354    i.FLASH_Program_Word  stm32f4xx_hal_flash.o
    0x08001080   0x00000098   Code   RO         1355    i.FLASH_SetErrorCode  stm32f4xx_hal_flash.o
    0x08001118   0x00000064   Code   RO         1356    i.FLASH_WaitForLastOperation  stm32f4xx_hal_flash.o
    0x0800117c   0x0000004c   Code   RO         3169    i.FMC_DataDecrypt   app_config_task.o
    0x080011c8   0x00000064   Code   RO         3044    i.FMC_ProgramData   flashprog.o
    0x0800122c   0x000000e4   Code   RO         3045    i.GetSector         flashprog.o
    0x08001310   0x00000028   Code   RO          852    i.HAL_DMA_Abort_IT  stm32f4xx_hal_dma.o
    0x08001338   0x00000240   Code   RO          856    i.HAL_DMA_IRQHandler  stm32f4xx_hal_dma.o
    0x08001578   0x000000ec   Code   RO          857    i.HAL_DMA_Init      stm32f4xx_hal_dma.o
    0x08001664   0x0000009e   Code   RO          861    i.HAL_DMA_Start_IT  stm32f4xx_hal_dma.o
    0x08001702   0x0000001e   Code   RO         1062    i.HAL_Delay         stm32f4xx_hal.o
    0x08001720   0x000000ac   Code   RO          591    i.HAL_FLASHEx_Erase  stm32f4xx_hal_flash_ex.o
    0x080017cc   0x00000014   Code   RO         1360    i.HAL_FLASH_Lock    stm32f4xx_hal_flash.o
    0x080017e0   0x00000098   Code   RO         1365    i.HAL_FLASH_Program  stm32f4xx_hal_flash.o
    0x08001878   0x00000034   Code   RO         1367    i.HAL_FLASH_Unlock  stm32f4xx_hal_flash.o
    0x080018ac   0x00000200   Code   RO          471    i.HAL_GPIO_Init     stm32f4xx_hal_gpio.o
    0x08001aac   0x0000000c   Code   RO          475    i.HAL_GPIO_WritePin  stm32f4xx_hal_gpio.o
    0x08001ab8   0x0000000c   Code   RO         1068    i.HAL_GetTick       stm32f4xx_hal.o
    0x08001ac4   0x00000010   Code   RO         1070    i.HAL_IncTick       stm32f4xx_hal.o
    0x08001ad4   0x0000003c   Code   RO         1071    i.HAL_Init          stm32f4xx_hal.o
    0x08001b10   0x00000028   Code   RO         1072    i.HAL_InitTick      stm32f4xx_hal.o
    0x08001b38   0x00000056   Code   RO         2546    i.HAL_MspInit       stm32f4xx_hal_msp.o
    0x08001b8e   0x0000001a   Code   RO          691    i.HAL_NVIC_EnableIRQ  stm32f4xx_hal_cortex.o
    0x08001ba8   0x0000007c   Code   RO          697    i.HAL_NVIC_SetPriority  stm32f4xx_hal_cortex.o
    0x08001c24   0x00000028   Code   RO          698    i.HAL_NVIC_SetPriorityGrouping  stm32f4xx_hal_cortex.o
    0x08001c4c   0x00000180   Code   RO         1491    i.HAL_RCC_ClockConfig  stm32f4xx_hal_rcc.o
    0x08001dcc   0x0000000c   Code   RO         1496    i.HAL_RCC_GetHCLKFreq  stm32f4xx_hal_rcc.o
    0x08001dd8   0x00000020   Code   RO         1498    i.HAL_RCC_GetPCLK1Freq  stm32f4xx_hal_rcc.o
    0x08001df8   0x00000020   Code   RO         1499    i.HAL_RCC_GetPCLK2Freq  stm32f4xx_hal_rcc.o
    0x08001e18   0x000000b0   Code   RO         1500    i.HAL_RCC_GetSysClockFreq  stm32f4xx_hal_rcc.o
    0x08001ec8   0x00000410   Code   RO         1503    i.HAL_RCC_OscConfig  stm32f4xx_hal_rcc.o
    0x080022d8   0x0000008c   Code   RO         1605    i.HAL_SPI_Init      stm32f4xx_hal_spi.o
    0x08002364   0x0000005c   Code   RO         2548    i.HAL_SPI_MspInit   stm32f4xx_hal_msp.o
    0x080023c0   0x0000021e   Code   RO         1614    i.HAL_SPI_TransmitReceive  stm32f4xx_hal_spi.o
    0x080025de   0x00000028   Code   RO          700    i.HAL_SYSTICK_CLKSourceConfig  stm32f4xx_hal_cortex.o
    0x08002606   0x00000002   Code   RO          701    i.HAL_SYSTICK_Callback  stm32f4xx_hal_cortex.o
    0x08002608   0x00000034   Code   RO          702    i.HAL_SYSTICK_Config  stm32f4xx_hal_cortex.o
    0x0800263c   0x00000008   Code   RO          703    i.HAL_SYSTICK_IRQHandler  stm32f4xx_hal_cortex.o
    0x08002644   0x00000002   Code   RO         1927    i.HAL_UART_AbortTransmitCpltCallback  stm32f4xx_hal_uart.o
    0x08002646   0x00000002   PAD
    0x08002648   0x0000006c   Code   RO         1928    i.HAL_UART_AbortTransmit_IT  stm32f4xx_hal_uart.o
    0x080026b4   0x00000002   Code   RO         1934    i.HAL_UART_ErrorCallback  stm32f4xx_hal_uart.o
    0x080026b6   0x00000072   Code   RO         1938    i.HAL_UART_Init     stm32f4xx_hal_uart.o
    0x08002728   0x00000224   Code   RO         2550    i.HAL_UART_MspInit  stm32f4xx_hal_msp.o
    0x0800294c   0x000000c4   Code   RO         1942    i.HAL_UART_Receive_DMA  stm32f4xx_hal_uart.o
    0x08002a10   0x00000002   Code   RO         1944    i.HAL_UART_RxCpltCallback  stm32f4xx_hal_uart.o
    0x08002a12   0x00000002   Code   RO         1945    i.HAL_UART_RxHalfCpltCallback  stm32f4xx_hal_uart.o
    0x08002a14   0x0000009c   Code   RO         1947    i.HAL_UART_Transmit_DMA  stm32f4xx_hal_uart.o
    0x08002ab0   0x00000002   Code   RO         1949    i.HAL_UART_TxCpltCallback  stm32f4xx_hal_uart.o
    0x08002ab2   0x00000002   Code   RO         1950    i.HAL_UART_TxHalfCpltCallback  stm32f4xx_hal_uart.o
    0x08002ab4   0x00000004   Code   RO         2438    i.HardFault_Handler  stm32f4xx_it.o
    0x08002ab8   0x00000018   Code   RO         2977    i.InitTimeout       sys_tick.o
    0x08002ad0   0x0000001c   Code   RO         2283    i.LL_AHB1_GRP1_EnableClock  main.o
    0x08002aec   0x00000144   Code   RO          238    i.LL_GPIO_Init      stm32f4xx_ll_gpio.o
    0x08002c30   0x00000006   Code   RO         2284    i.LL_GPIO_ResetOutputPin  main.o
    0x08002c36   0x00000004   Code   RO         2285    i.LL_GPIO_SetOutputPin  main.o
    0x08002c3a   0x00000002   PAD
    0x08002c3c   0x00000010   Code   RO         3170    i.LL_IWDG_ReloadCounter  app_config_task.o
    0x08002c4c   0x00000068   Code   RO         2286    i.MX_DMA_Init       main.o
    0x08002cb4   0x000000a0   Code   RO         2287    i.MX_GPIO_Init      main.o
    0x08002d54   0x00000050   Code   RO         2288    i.MX_IWDG_Init      main.o
    0x08002da4   0x0000005c   Code   RO         2289    i.MX_SPI1_Init      main.o
    0x08002e00   0x0000004c   Code   RO         2290    i.MX_UART4_Init     main.o
    0x08002e4c   0x0000004c   Code   RO         2291    i.MX_UART5_Init     main.o
    0x08002e98   0x00000004   Code   RO         2439    i.MemManage_Handler  stm32f4xx_it.o
    0x08002e9c   0x00000002   Code   RO         2440    i.NMI_Handler       stm32f4xx_it.o
    0x08002e9e   0x00000002   PAD
    0x08002ea0   0x00000010   Code   RO          704    i.NVIC_GetPriorityGrouping  stm32f4xx_hal_cortex.o
    0x08002eb0   0x00000028   Code   RO          705    i.NVIC_SetPriority  stm32f4xx_hal_cortex.o
    0x08002ed8   0x00000040   Code   RO         3171    i.NVIC_SystemReset  app_config_task.o
    0x08002f18   0x00000002   Code   RO         2441    i.PendSV_Handler    stm32f4xx_it.o
    0x08002f1a   0x0000002e   Code   RO         2943    i.RINGBUF_Get       ringbuf.o
    0x08002f48   0x0000001e   Code   RO         2944    i.RINGBUF_GetFill   ringbuf.o
    0x08002f66   0x0000001e   Code   RO         2945    i.RINGBUF_Init      ringbuf.o
    0x08002f84   0x0000002a   Code   RO         2946    i.RINGBUF_Put       ringbuf.o
    0x08002fae   0x00000028   Code   RO         1629    i.SPI_CheckFlag_BSY  stm32f4xx_hal_spi.o
    0x08002fd6   0x000000aa   Code   RO         1647    i.SPI_WaitFlagStateUntilTimeout  stm32f4xx_hal_spi.o
    0x08003080   0x000000f8   Code   RO         2684    i.SST25_Erase       sst25.o
    0x08003178   0x00000050   Code   RO         2685    i.SST25_Init        sst25.o
    0x080031c8   0x0000006a   Code   RO         2686    i.SST25_Read        sst25.o
    0x08003232   0x00000002   PAD
    0x08003234   0x00000030   Code   RO         2688    i.SST25__CmdRead    sst25.o
    0x08003264   0x00000040   Code   RO         2689    i.SST25__CmdReadBuf  sst25.o
    0x080032a4   0x00000030   Code   RO         2690    i.SST25__CmdWrite   sst25.o
    0x080032d4   0x0000002c   Code   RO         2692    i.SST25__Status     sst25.o
    0x08003300   0x00000078   Code   RO         2694    i.SST25__WriteEAR   sst25.o
    0x08003378   0x00000058   Code   RO         2695    i.SST25__WriteEnable  sst25.o
    0x080033d0   0x00000002   Code   RO         2442    i.SVC_Handler       stm32f4xx_it.o
    0x080033d2   0x00000010   Code   RO         2443    i.SysTick_Handler   stm32f4xx_it.o
    0x080033e2   0x00000002   PAD
    0x080033e4   0x00000048   Code   RO         2983    i.SysTick_Task      sys_tick.o
    0x0800342c   0x000000e4   Code   RO         2293    i.SystemClock_Config  main.o
    0x08003510   0x00000064   Code   RO         2247    i.SystemInit        system_stm32f4xx.o
    0x08003574   0x00000008   Code   RO         2444    i.UART4_IRQHandler  stm32f4xx_it.o
    0x0800357c   0x00000034   Code   RO         3093    i.UART4_Init        uart4.o
    0x080035b0   0x00000008   Code   RO         2445    i.UART5_IRQHandler  stm32f4xx_it.o
    0x080035b8   0x00000034   Code   RO         2877    i.UART5_Init        uart5.o
    0x080035ec   0x00000050   Code   RO         1952    i.UART_DMAError     stm32f4xx_hal_uart.o
    0x0800363c   0x00000046   Code   RO         1953    i.UART_DMAReceiveCplt  stm32f4xx_hal_uart.o
    0x08003682   0x0000000e   Code   RO         1955    i.UART_DMARxHalfCplt  stm32f4xx_hal_uart.o
    0x08003690   0x00000036   Code   RO         1957    i.UART_DMATransmitCplt  stm32f4xx_hal_uart.o
    0x080036c6   0x0000000e   Code   RO         1959    i.UART_DMATxHalfCplt  stm32f4xx_hal_uart.o
    0x080036d4   0x00000018   Code   RO         1960    i.UART_DMATxOnlyAbortCallback  stm32f4xx_hal_uart.o
    0x080036ec   0x00000020   Code   RO         1961    i.UART_EndRxTransfer  stm32f4xx_hal_uart.o
    0x0800370c   0x00000014   Code   RO         1963    i.UART_EndTxTransfer  stm32f4xx_hal_uart.o
    0x08003720   0x00000368   Code   RO         1965    i.UART_SetConfig    stm32f4xx_hal_uart.o
    0x08003a88   0x000000dc   Code   RO         3279    i.UartConfigTask    uart_config_task.o
    0x08003b64   0x00000034   Code   RO         3280    i.UartConfigTaskInit  uart_config_task.o
    0x08003b98   0x00000004   Code   RO         2446    i.UsageFault_Handler  stm32f4xx_it.o
    0x08003b9c   0x00000004   Code   RO         2294    i._Error_Handler    main.o
    0x08003ba0   0x00000088   Code   RO         2696    i._SST25_Read       sst25.o
    0x08003c28   0x0000000e   Code   RO         3367    i.__scatterload_copy  mc_w.l(handlers.o)
    0x08003c36   0x00000002   Code   RO         3368    i.__scatterload_null  mc_w.l(handlers.o)
    0x08003c38   0x0000000e   Code   RO         3369    i.__scatterload_zeroinit  mc_w.l(handlers.o)
    0x08003c46   0x00000002   PAD
    0x08003c48   0x0000026c   Code   RO         2789    i.aes_gen_tables    aes.o
    0x08003eb4   0x00000010   Code   RO         3172    i.execute_user_code  app_config_task.o
    0x08003ec4   0x00000038   Code   RO         2654    i.halSpiWriteByte   spi1.o
    0x08003efc   0x00000060   Code   RO         3094    i.mUART4_GetChar    uart4.o
    0x08003f5c   0x00000030   Code   RO         3095    i.mUART4_GetFill    uart4.o
    0x08003f8c   0x00000006   Code   RO         3096    i.mUART4_GetRxBufSize  uart4.o
    0x08003f92   0x00000002   PAD
    0x08003f94   0x00000078   Code   RO         3097    i.mUART4_IRQHandler  uart4.o
    0x0800400c   0x00000080   Code   RO         3098    i.mUART4_PutChar    uart4.o
    0x0800408c   0x00000016   Code   RO         3099    i.mUART4_PutString  uart4.o
    0x080040a2   0x00000002   PAD
    0x080040a4   0x00000060   Code   RO         2878    i.mUART5_GetChar    uart5.o
    0x08004104   0x00000030   Code   RO         2879    i.mUART5_GetFill    uart5.o
    0x08004134   0x00000006   Code   RO         2880    i.mUART5_GetRxBufSize  uart5.o
    0x0800413a   0x00000002   PAD
    0x0800413c   0x00000074   Code   RO         2881    i.mUART5_IRQHandler  uart5.o
    0x080041b0   0x00000080   Code   RO         2882    i.mUART5_PutChar    uart5.o
    0x08004230   0x00000016   Code   RO         2883    i.mUART5_PutString  uart5.o
    0x08004246   0x00000002   PAD
    0x08004248   0x0000019c   Code   RO         2296    i.main              main.o
    0x080043e4   0x000000a2   Code   RO         2790    i.mbedtls_aes_crypt_cbc  aes.o
    0x08004486   0x00000026   Code   RO         2791    i.mbedtls_aes_crypt_ecb  aes.o
    0x080044ac   0x00000016   Code   RO         2794    i.mbedtls_aes_free  aes.o
    0x080044c2   0x00000010   Code   RO         2795    i.mbedtls_aes_init  aes.o
    0x080044d2   0x00000002   PAD
    0x080044d4   0x000000e0   Code   RO         2796    i.mbedtls_aes_setkey_dec  aes.o
    0x080045b4   0x00000214   Code   RO         2797    i.mbedtls_aes_setkey_enc  aes.o
    0x080047c8   0x00000504   Code   RO         2798    i.mbedtls_internal_aes_decrypt  aes.o
    0x08004ccc   0x00000504   Code   RO         2799    i.mbedtls_internal_aes_encrypt  aes.o
    0x080051d0   0x00000016   Code   RO         2800    i.mbedtls_zeroize   aes.o
    0x080051e6   0x00000002   PAD
    0x080051e8   0x00000030   Code   RO         3173    i.run_app           app_config_task.o
    0x08005218   0x00000010   Data   RO          863    .constdata          stm32f4xx_hal_dma.o
    0x08005228   0x00000020   Data   RO         2248    .constdata          system_stm32f4xx.o
    0x08005248   0x00000028   Data   RO         3176    .constdata          app_config_task.o
    0x08005270   0x00000010   Data   RO         3365    Region$$Table       anon$$obj.o


    Execution Region RW_IRAM1 (Base: 0x20000000, Size: 0x000068f8, Max: 0x00020000, ABSOLUTE, UNINIT)

    Base Addr    Size         Type   Attr      Idx    E Section Name        Object

    0x20000000   0x00000004   Data   RW         1078    .data               stm32f4xx_hal.o
    0x20000004   0x00000004   Data   RW         2249    .data               system_stm32f4xx.o
    0x20000008   0x00000008   Data   RW         2701    .data               sst25.o
    0x20000010   0x00000004   Data   RW         2802    .data               aes.o
    0x20000014   0x00000005   Data   RW         2886    .data               uart5.o
    0x20000019   0x00000007   PAD
    0x20000020   0x00000010   Data   RW         2985    .data               sys_tick.o
    0x20000030   0x00000005   Data   RW         3102    .data               uart4.o
    0x20000035   0x00000003   PAD
    0x20000038   0x00000026   Data   RW         3177    .data               app_config_task.o
    0x2000005e   0x00000002   PAD
    0x20000060   0x00000008   Data   RW         3283    .data               uart_config_task.o
    0x20000068   0x00000020   Zero   RW         1368    .bss                stm32f4xx_hal_flash.o
    0x20000088   0x00000258   Zero   RW         2297    .bss                main.o
    0x200002e0   0x0000016a   Zero   RW         2601    .bss                system_config.o
    0x2000044a   0x00000002   PAD
    0x2000044c   0x00002228   Zero   RW         2801    .bss                aes.o
    0x20002674   0x00000810   Zero   RW         2884    .bss                uart5.o
    0x20002e84   0x00000810   Zero   RW         3100    .bss                uart4.o
    0x20003694   0x00001028   Zero   RW         3175    .bss                app_config_task.o
    0x200046bc   0x0000023c   Zero   RW         3281    .bss                uart_config_task.o
    0x200048f8   0x00002000   Zero   RW         3325    STACK               startup_stm32f407xx.o



  Load Region LR$$.ARM.__AT_0x10000000 (Base: 0x10000000, Size: 0x00000000, Max: 0x00000004, ABSOLUTE)

    Execution Region ER$$.ARM.__AT_0x10000000 (Base: 0x10000000, Size: 0x00000004, Max: 0x00000004, ABSOLUTE, UNINIT)

    Base Addr    Size         Type   Attr      Idx    E Section Name        Object

    0x10000000   0x00000004   Zero   RW         3174    .ARM.__AT_0x10000000  app_config_task.o



  Load Region LR$$.ARM.__AT_0x1000FF80 (Base: 0x1000ff80, Size: 0x00000000, Max: 0x00000008, ABSOLUTE)

    Execution Region ER$$.ARM.__AT_0x1000FF80 (Base: 0x1000ff80, Size: 0x00000008, Max: 0x00000008, ABSOLUTE, UNINIT)

    Base Addr    Size         Type   Attr      Idx    E Section Name        Object

    0x1000ff80   0x00000008   Zero   RW         2600    .ARM.__AT_0x1000FF80  system_config.o


==============================================================================

Image component sizes


      Code (inc. data)   RO Data    RW Data    ZI Data      Debug   Object Name

      4204        122          0          4       8744      11782   aes.o
      2684        224         40         38       4140      18195   app_config_task.o
       368         46          0          0          0       2676   flashprog.o
      1270        232          0          0        600      21983   main.o
       148          0          0          0          0       2837   ringbuf.o
        56          6          0          0          0        578   spi1.o
       982         56          0          8          0      10878   sst25.o
        28          4        392          0       8192        832   startup_stm32f407xx.o
       158         20          0          4          0       4635   stm32f4xx_hal.o
       348         22          0          0          0      32917   stm32f4xx_hal_cortex.o
      1276         16         16          0          0       6690   stm32f4xx_hal_dma.o
       636         64          0          0         32       6286   stm32f4xx_hal_flash.o
       432         26          0          0          0       3402   stm32f4xx_hal_flash_ex.o
       524         46          0          0          0       2404   stm32f4xx_hal_gpio.o
       726         84          0          0          0       2777   stm32f4xx_hal_msp.o
      1676         74          0          0          0       5648   stm32f4xx_hal_rcc.o
       892          0          0          0          0       4449   stm32f4xx_hal_spi.o
      1766         42          0          0          0      13153   stm32f4xx_hal_uart.o
       120         24          0          0          0       7544   stm32f4xx_it.o
       324          0          0          0          0       7451   stm32f4xx_ll_gpio.o
         0          0          0          0          0     676420   stm32f4xx_ll_rcc.o
       166         14          0         16          0       2527   sys_tick.o
        24          8          0          0        370       3113   system_config.o
       100         18         32          4          0       1271   system_stm32f4xx.o
       472         88          0          5       2064       4935   uart4.o
       468         88          0          5       2064       4939   uart5.o
       404         48          0          8        572       3442   uart_config_task.o

    ----------------------------------------------------------------------
     20276       1372        496        104      26780     863764   Object Totals
         0          0         16          0          0          0   (incl. Generated)
        24          0          0         12          2          0   (incl. Padding)

    ----------------------------------------------------------------------

      Code (inc. data)   RO Data    RW Data    ZI Data      Debug   Library Member Name

         0          0          0          0          0          0   entry.o
         0          0          0          0          0          0   entry10a.o
         0          0          0          0          0          0   entry11a.o
         8          4          0          0          0          0   entry2.o
         4          0          0          0          0          0   entry5.o
         0          0          0          0          0          0   entry7b.o
         0          0          0          0          0          0   entry8b.o
         8          4          0          0          0          0   entry9a.o
        30          0          0          0          0          0   handlers.o
        36          8          0          0          0         68   init.o
        30          0          0          0          0         68   llshl.o
        32          0          0          0          0         68   llushr.o
        26          0          0          0          0         80   memcmp.o
        36          0          0          0          0         68   memcpya.o
        36          0          0          0          0        108   memseta.o
        98          0          0          0          0         92   uldiv.o

    ----------------------------------------------------------------------
       348         16          0          0          0        552   Library Totals
         4          0          0          0          0          0   (incl. Padding)

    ----------------------------------------------------------------------

      Code (inc. data)   RO Data    RW Data    ZI Data      Debug   Library Name

       344         16          0          0          0        552   mc_w.l

    ----------------------------------------------------------------------
       348         16          0          0          0        552   Library Totals

    ----------------------------------------------------------------------

==============================================================================


      Code (inc. data)   RO Data    RW Data    ZI Data      Debug   

     20624       1388        496        104      26780     849012   Grand Totals
     20624       1388        496        104      26780     849012   ELF Image Totals
     20624       1388        496        104          0          0   ROM Totals

==============================================================================

    Total RO  Size (Code + RO Data)                21120 (  20.63kB)
    Total RW  Size (RW Data + ZI Data)             26884 (  26.25kB)
    Total ROM Size (Code + RO Data + RW Data)      21224 (  20.73kB)

==============================================================================

