<html>
<body>
<pre>
<h1>µVision Build Log</h1>
<h2>Tool Versions:</h2>
IDE-Version: µVision V5.23.0.0
Copyright (C) 2017 ARM Ltd and ARM Germany GmbH. All rights reserved.
License Information: thienhai blue, vtsmart, LIC=LSNGK-Z3FTP-Z7TRU-SGA1U-22WW6-2BLQJ
 
Tool Versions:
Toolchain:       MDK-ARM Plus  Version: 5.23
Toolchain Path:  C:\Keil_v5\ARM\ARMCC\Bin
C Compiler:      Armcc.exe V5.06 update 4 (build 422)
Assembler:       Armasm.exe V5.06 update 4 (build 422)
Linker/Locator:  ArmLink.exe V5.06 update 4 (build 422)
Library Manager: ArmAr.exe V5.06 update 4 (build 422)
Hex Converter:   FromElf.exe V5.06 update 4 (build 422)
CPU DLL:         SARMCM3.DLL V5.23
Dialog DLL:      DCM.DLL V1.15.0.0
Target DLL:      Segger\JL2CM3.dll V2.99.23.0
Dialog DLL:      TCM.DLL V1.27.0.0
 
<h2>Project:</h2>
E:\working\VTSMART\GIT\ampm_smartlight\firmware\VT_SMARTLIGHT_BOOT\MDK-ARM\VT_SMARTLIGHT_STM32F4.uvprojx
Project File Date:  02/06/2018

<h2>Output:</h2>
*** Using Compiler 'V5.06 update 4 (build 422)', folder: 'C:\Keil_v5\ARM\ARMCC\Bin'
Build target 'VT_SMARTLIGHT_STM32F4'
compiling app_config_task.c...
..\Src\app_config_task.c(126): warning:  #177-D: variable "buf"  was declared but never referenced
  	uint8_t *u8pt,buf[18],temp_iv[16];
..\Src\app_config_task.c(127): warning:  #177-D: variable "j"  was declared but never referenced
  	uint32_t i,j,u32Temp;
..\Src\app_config_task.c: 2 warnings, 0 errors
linking...
Program Size: Code=20624 RO-data=496 RW-data=104 ZI-data=26780  
"VT_SMARTLIGHT_STM32F4\VT_SMARTLIGHT_STM32F4.axf" - 0 Error(s), 2 Warning(s).

<h2>Software Packages used:</h2>

Package Vendor: ARM
                http://www.keil.com/pack/ARM.CMSIS.5.0.1.pack
                ARM::CMSIS:CORE:5.0.1
                CMSIS (Cortex Microcontroller Software Interface Standard)
   * Component: CORE Version: 5.0.1

<h2>Collection of Component include folders:</h2>
  .\RTE\_VT_SMARTLIGHT_STM32F4
  C:\Keil_v5\ARM\PACK\ARM\CMSIS\5.0.1\CMSIS\Include
  C:\Keil_v5\ARM\PACK\Keil\STM32F4xx_DFP\2.11.0\Drivers\CMSIS\Device\ST\STM32F4xx\Include

<h2>Collection of Component Files used:</h2>

   * Component: ARM::CMSIS:CORE:5.0.1
Build Time Elapsed:  00:00:01
</pre>
</body>
</html>
