Component: ARM Compiler 5.06 update 4 (build 422) Tool: armlink [4d35d2]

==============================================================================

Section Cross References

    heap_4.o(.text) refers to tasks.o(.text) for vTaskSuspendAll
    heap_4.o(.text) refers to freertos.o(.text) for vApplicationMallocFailedHook
    heap_4.o(.text) refers to heap_4.o(.data) for xStart
    heap_4.o(.text) refers to main.o(osRam) for ucHeap
    event_groups.o(.text) refers to heap_4.o(.text) for pvPortMalloc
    event_groups.o(.text) refers to list.o(.text) for vListInitialise
    event_groups.o(.text) refers to tasks.o(.text) for vTaskSuspendAll
    event_groups.o(.text) refers to port.o(.text) for vPortEnterCritical
    queue.o(.text) refers to port.o(.text) for vPortEnterCritical
    queue.o(.text) refers to tasks.o(.text) for xTaskRemoveFromEventList
    queue.o(.text) refers to list.o(.text) for vListInitialise
    queue.o(.text) refers to heap_4.o(.text) for pvPortMalloc
    queue.o(.text) refers to memmovea.o(.text) for __aeabi_memcpy
    queue.o(.text) refers to queue.o(.bss) for xQueueRegistry
    port.o(.emb_text) refers to tasks.o(.text) for vTaskSwitchContext
    port.o(.emb_text) refers to tasks.o(.data) for pxCurrentTCB
    port.o(.text) refers to port.o(.emb_text) for __asm___6_port_c_39a90d8d__prvEnableVFP
    port.o(.text) refers to tasks.o(.text) for xTaskIncrementTick
    port.o(.text) refers to port.o(.data) for uxCriticalNesting
    port.o(.text) refers to system_stm32f4xx.o(.data) for SystemCoreClock
    cmsis_os.o(.text) refers to tasks.o(.text) for vTaskStartScheduler
    cmsis_os.o(.text) refers to queue.o(.text) for xQueueCreateMutex
    cmsis_os.o(.text) refers to heap_4.o(.text) for pvPortMalloc
    cmsis_os.o(.text) refers to port.o(.text) for vPortEnterCritical
    tasks.o(.text) refers to list.o(.text) for vListInitialise
    tasks.o(.text) refers to port.o(.text) for vPortEnterCritical
    tasks.o(.text) refers to memseta.o(.text) for __aeabi_memset
    tasks.o(.text) refers to heap_4.o(.text) for pvPortMalloc
    tasks.o(.text) refers to tasks.o(.bss) for pxReadyTasksLists
    tasks.o(.text) refers to tasks.o(.data) for pxDelayedTaskList
    tasks.o(.text) refers to freertos.o(.text) for vApplicationTickHook
    tasks.o(.text) refers to strcpy.o(.text) for strcpy
    tasks.o(.text) refers to strlen.o(.text) for strlen
    tasks.o(.text) refers to printfa.o(i.__0sprintf) for __2sprintf
    crc16.o(.text) refers to crc16.o(.constdata) for crc16tab
    data_cmp.o(.text) refers to strlen.o(.text) for strlen
    dtmf.o(.text) refers to dtmf.o(.bss) for DTMFin
    fcs.o(.text) refers to fcs.o(.constdata) for fcstab
    m_time.o(.text) refers to m_time.o(.constdata) for _ytab
    m_time.o(.text) refers to m_time.o(.data) for _timezone
    packet_queue.o(.text) refers to ringbuf.o(.text) for RINGBUF_Put
    packet_queue.o(.text) refers to strlen.o(.text) for strlen
    sparser.o(.text) refers to ampm_list.o(.text) for list_add
    sparser.o(.text) refers to memmovea.o(.text) for __aeabi_memcpy4
    sparser.o(.text) refers to sys_tick.o(.text) for InitTimeout
    sparser.o(.text) refers to sparser.o(.data) for lastChar
    sys_tick.o(.text) refers to stm32f4xx_hal.o(.text) for HAL_GetTick
    sys_tick.o(.text) refers to sys_tick.o(.data) for sysTickCounter32
    sys_time.o(.text) refers to m_time.o(.text) for mktime
    sys_time.o(.text) refers to sys_time.o(.data) for sysTime
    ampm_filestream.o(.text) refers to main.o(.text) for fputc_stdout
    ampm_filestream.o(.text) refers to stdout.o(.data) for __stdout
    ampm_filestream.o(.text) refers to stdin.o(.data) for __stdin
    startup_stm32f407xx.o(RESET) refers to startup_stm32f407xx.o(STACK) for __initial_sp
    startup_stm32f407xx.o(RESET) refers to startup_stm32f407xx.o(.text) for Reset_Handler
    startup_stm32f407xx.o(RESET) refers to stm32f4xx_it.o(.text) for NMI_Handler
    startup_stm32f407xx.o(RESET) refers to port.o(.emb_text) for SVC_Handler
    startup_stm32f407xx.o(.text) refers to system_stm32f4xx.o(.text) for SystemInit
    startup_stm32f407xx.o(.text) refers to entry.o(.ARM.Collect$$$$00000000) for __main
    stm32f4xx_hal_flash_ex.o(.text) refers to stm32f4xx_hal_flash.o(.text) for FLASH_WaitForLastOperation
    stm32f4xx_hal_flash_ex.o(.text) refers to stm32f4xx_hal_flash.o(.bss) for pFlash
    stm32f4xx_hal_rng.o(.text) refers to stm32f4xx_hal_msp.o(.text) for HAL_RNG_MspInit
    stm32f4xx_hal_rng.o(.text) refers to stm32f4xx_hal.o(.text) for HAL_GetTick
    stm32f4xx_hal_dma.o(.text) refers to stm32f4xx_hal.o(.text) for HAL_GetTick
    stm32f4xx_hal_dma.o(.text) refers to stm32f4xx_hal_dma.o(.constdata) for flagBitshiftOffset
    stm32f4xx_hal_dma.o(.text) refers to system_stm32f4xx.o(.data) for SystemCoreClock
    stm32f4xx_hal_rcc_ex.o(.text) refers to stm32f4xx_hal.o(.text) for HAL_GetTick
    stm32f4xx_hal_rcc_ex.o(.text) refers to stm32f4xx_hal_timebase_tim.o(.text) for HAL_InitTick
[...]
    sysGsmTime                               0x200002e7   Data           8  ampm_gsm_main_task.o(.data)
    gsmGetTimeFlag                           0x200002ef   Data           1  ampm_gsm_main_task.o(.data)
    sysGsmTimezone                           0x200002f0   Data           4  ampm_gsm_main_task.o(.data)
    ampmGsm1SecCnt                           0x200002f4   Data           4  ampm_gsm_main_task.o(.data)
    gsmMainTaskTryCnt                        0x200002f8   Data           1  ampm_gsm_main_task.o(.data)
    imeiValue                                0x20000300   Data           8  ampm_gsm_main_task.o(.data)
    gsmStatus                                0x20000308   Data           1  ampm_gsm_main_task.o(.data)
    smsBusyCnt                               0x2000030a   Data           2  ampm_gsm_main_task.o(.data)
    smsNotBusyCnt                            0x2000030c   Data           2  ampm_gsm_main_task.o(.data)
    Ampm_TcpIpCallback                       0x20000310   Data           4  ampm_gsm_main_task.o(.data)
    Ampm_TcpIpInit                           0x20000314   Data           4  ampm_gsm_main_task.o(.data)
    ppp_status                               0x20000318   Data           1  ampm_gsm_main_task.o(.data)
    ampmGsmModuleType                        0x20000319   Data           1  ampm_gsm_main_task.o(.data)
    ampm_MissCall                            0x20000320   Data           1  ampm_gsm_ring.o(.data)
    ampm_NewSmsFlag                          0x20000321   Data           1  ampm_gsm_ring.o(.data)
    ampm_RingingFlagTimes                    0x20000322   Data           1  ampm_gsm_ring.o(.data)
    ampm_RingingFlag                         0x20000323   Data           1  ampm_gsm_ring.o(.data)
    ampm_RingingTime                         0x20000324   Data           1  ampm_gsm_ring.o(.data)
    ampm_RingingPauseTime                    0x20000325   Data           1  ampm_gsm_ring.o(.data)
    smsCheckTimerCnt                         0x20000328   Data           4  ampm_gsm_ring.o(.data)
    smsCheckTimeInterval                     0x2000032c   Data           4  ampm_gsm_ring.o(.data)
    smsCheckTimes                            0x20000330   Data           1  ampm_gsm_ring.o(.data)
    ampm_RingingPhase                        0x20000331   Data           1  ampm_gsm_ring.o(.data)
    ampmGsmSmsMutexId                        0x20000334   Data           4  ampm_gsm_sms.o(.data)
    smsMsg                                   0x20000340   Data           4  ampm_gsm_sms.o(.data)
    smsNewMessageFlag                        0x20000344   Data           1  ampm_gsm_sms.o(.data)
    pdu_len_except_smsc                      0x20000345   Data           1  ampm_gsm_sms.o(.data)
    pdu_len                                  0x20000346   Data           2  ampm_gsm_sms.o(.data)
    Ampm_SmsRecvCallback                     0x20000348   Data           4  ampm_gsm_sms.o(.data)
    smsCancelAll                             0x2000034c   Data           1  ampm_gsm_sms.o(.data)
    flagSmsReadFinish                        0x2000034d   Data           1  ampm_gsm_sms.o(.data)
    getServiceCenterNumber                   0x2000034e   Data           1  ampm_gsm_sms.o(.data)
    smsTaskFailCnt                           0x2000034f   Data           1  ampm_gsm_sms.o(.data)
    readTryCnt                               0x20000350   Data           1  ampm_gsm_sms.o(.data)
    smsIndex                                 0x20000352   Data           2  ampm_gsm_sms.o(.data)
    smsTryCnt                                0x20000354   Data           1  ampm_gsm_sms.o(.data)
    flagGotSimCIMI                           0x20000384   Data           1  ampm_gsm_startup.o(.data)
    modemCIMIPass                            0x20000385   Data           1  ampm_gsm_startup.o(.data)
    flagGotSimCID                            0x20000386   Data           1  ampm_gsm_startup.o(.data)
    modemCIDPass                             0x20000387   Data           1  ampm_gsm_startup.o(.data)
    flagServerUpdateSimCID                   0x20000388   Data           1  ampm_gsm_startup.o(.data)
    flagGotSimCPOS                           0x20000389   Data           1  ampm_gsm_startup.o(.data)
    modemCPOSPass                            0x2000038a   Data           1  ampm_gsm_startup.o(.data)
    flagGotIMEI                              0x2000038b   Data           1  ampm_gsm_startup.o(.data)
    newIMEI_IsUpdate                         0x2000038c   Data           1  ampm_gsm_startup.o(.data)
    modemIMEIPass                            0x2000038d   Data           1  ampm_gsm_startup.o(.data)
    modemJustPowerOff                        0x2000038e   Data           1  ampm_gsm_startup.o(.data)
    ampm_AtGsmCmdStart_pt                    0x20000390   Data           4  ampm_gsm_startup.o(.data)
    ampm_GSM_StartupPhase                    0x20000394   Data           1  ampm_gsm_startup.o(.data)
    ampm_gsm_baudrate_index                  0x20000395   Data           1  ampm_gsm_startup.o(.data)
    gsmBaudrateSaved                         0x20000398   Data           4  ampm_gsm_startup.o(.data)
    ampm_AtCommandParserEnable               0x200003a0   Data           1  at_command_parser.o(.data)
    commandSeparator                         0x200003a4   Data           4  at_command_parser.o(.data)
    cmdCnt                                   0x200003a8   Data           8  at_command_parser.o(.data)
    comm_initialized                         0x200003b4   Data           1  comm.o(.data)
    pMqttClient                              0x200003bc   Data           4  aws_iot_shadow_records.o(.data)
    shadowJsonVersionNum                     0x200003c8   Data           4  aws_iot_shadow_records.o(.data)
    shadowDiscardOldDeltaFlag                0x200003cc   Data           1  aws_iot_shadow_records.o(.data)
    mbedtls_test_cas                         0x200003d0   Data          16  certs.o(.data)
    mbedtls_test_ca_crt                      0x200003e0   Data           4  certs.o(.data)
    mbedtls_test_ca_key                      0x200003e4   Data           4  certs.o(.data)
    mbedtls_test_ca_pwd                      0x200003e8   Data           4  certs.o(.data)
    mbedtls_test_srv_crt                     0x200003ec   Data           4  certs.o(.data)
    mbedtls_test_srv_key                     0x200003f0   Data           4  certs.o(.data)
    mbedtls_test_cli_crt                     0x200003f4   Data           4  certs.o(.data)
    mbedtls_test_cli_key                     0x200003f8   Data           4  certs.o(.data)
    mbedtls_calloc                           0x20000424   Data           4  platform.o(.data)
    mbedtls_free                             0x20000428   Data           4  platform.o(.data)
    mbedtls_exit                             0x2000042c   Data           4  platform.o(.data)
    netconn_aborted                          0x2000047b   Data           1  lwip_api_msg.o(.data)
    h_errno                                  0x200004c0   Data           4  lwip_netdb.o(.data)
    lock_tcpip_core                          0x200004e8   Data           4  lwip_tcpip.o(.data)
    errno                                    0x200004ec   Data           4  lwip_sys_arch.o(.data)
    lwip_sys_mutex                           0x200004f0   Data           4  lwip_sys_arch.o(.data)
    memp_memory_TCP_PCB_LISTEN_base          0x20000524   Data           3  lwip_memp.o(.data)
    netif_list                               0x2000055c   Data           4  lwip_netif.o(.data)
    netif_default                            0x20000560   Data           4  lwip_netif.o(.data)
    tcp_ticks                                0x2000056c   Data           4  lwip_tcp.o(.data)
    tcp_bound_pcbs                           0x20000570   Data           4  lwip_tcp.o(.data)
    tcp_listen_pcbs                          0x20000574   Data           4  lwip_tcp.o(.data)
    tcp_active_pcbs                          0x20000578   Data           4  lwip_tcp.o(.data)
    tcp_tw_pcbs                              0x2000057c   Data           4  lwip_tcp.o(.data)
    tcp_active_pcbs_changed                  0x20000580   Data           1  lwip_tcp.o(.data)
    tcp_input_pcb                            0x200005a8   Data           4  lwip_tcp_in.o(.data)
    udp_pcbs                                 0x200005bc   Data           4  lwip_udp.o(.data)
    __stdin                                  0x2000063c   Data           4  stdin.o(.data)
    __stdout                                 0x20000640   Data           4  stdout.o(.data)
    __stderr                                 0x20000644   Data           4  stderr.o(.data)
    __microlib_freelist                      0x2000064c   Data           4  mvars.o(.data)
    __microlib_freelist_initialised          0x20000650   Data           4  mvars.o(.data)
    xQueueRegistry                           0x20000658   Data          64  queue.o(.bss)
    pFlash                                   0x20000788   Data          32  stm32f4xx_hal_flash.o(.bss)
    htim1                                    0x200007a8   Data          60  stm32f4xx_hal_timebase_tim.o(.bss)
    hadc1                                    0x200007e4   Data          72  main.o(.bss)
    hdma_adc1                                0x2000082c   Data          96  main.o(.bss)
    hiwdg                                    0x2000088c   Data          12  main.o(.bss)
    hrng                                     0x20000898   Data          12  main.o(.bss)
    hrtc                                     0x200008a4   Data          32  main.o(.bss)
    sTime                                    0x200008c4   Data          20  main.o(.bss)
    hspi1                                    0x200008d8   Data          88  main.o(.bss)
    huart4                                   0x20000930   Data          64  main.o(.bss)
    huart5                                   0x20000970   Data          64  main.o(.bss)
    huart1                                   0x200009b0   Data          64  main.o(.bss)
    huart2                                   0x200009f0   Data          64  main.o(.bss)
    huart3                                   0x20000a30   Data          64  main.o(.bss)
    huart6                                   0x20000a70   Data          64  main.o(.bss)
    hdma_uart4_rx                            0x20000ab0   Data          96  main.o(.bss)
    hdma_uart4_tx                            0x20000b10   Data          96  main.o(.bss)
    hdma_uart5_tx                            0x20000b70   Data          96  main.o(.bss)
    hdma_uart5_rx                            0x20000bd0   Data          96  main.o(.bss)
    hdma_usart1_tx                           0x20000c30   Data          96  main.o(.bss)
    hdma_usart1_rx                           0x20000c90   Data          96  main.o(.bss)
    hdma_usart2_rx                           0x20000cf0   Data          96  main.o(.bss)
    hdma_usart2_tx                           0x20000d50   Data          96  main.o(.bss)
    hdma_usart3_rx                           0x20000db0   Data          96  main.o(.bss)
    hdma_usart3_tx                           0x20000e10   Data          96  main.o(.bss)
    hdma_usart6_rx                           0x20000e70   Data          96  main.o(.bss)
    hdma_usart6_tx                           0x20000ed0   Data          96  main.o(.bss)
    deviceCfg                                0x20000f30   Data         642  system_config.o(.bss)
    EraseInitStruct                          0x200011b4   Data          20  system_config.o(.bss)
    tUpdateInterval                          0x200011d4   Data          12  shadow_thing.o(.bss)
    tUpdateParamInterval                     0x200011e0   Data          12  shadow_thing.o(.bss)
    ntp_packet                               0x200011ec   Data          48  ntp_server.o(.bss)
    watchdogEnable                           0x2000121c   Data          12  watchdog.o(.bss)
    watchdogCnt                              0x20001228   Data          12  watchdog.o(.bss)
    watchdogFeed                             0x20001234   Data          12  watchdog.o(.bss)
    imcommingPhoneNo                         0x20001240   Data          16  sms_task.o(.bss)
    io_network_led                           0x20001250   Data          24  led.o(.bss)
    io_debug_led                             0x20001268   Data          24  led.o(.bss)
    tFrimwareUpdateTimeout                   0x20001280   Data          12  ota_backup_server.o(.bss)
    fdummySendPacket                         0x2000128c   Data          12  ota_backup_server.o(.bss)
    powerLine1                               0x20001298   Data          32  power_sensor.o(.bss)
    powerLine2                               0x200012b8   Data          32  power_sensor.o(.bss)
    powerLine3                               0x200012d8   Data          32  power_sensor.o(.bss)
    powerLine4                               0x200012f8   Data          32  power_sensor.o(.bss)
    m_buffer_rb                              0x20001318   Data         255  elster_tasks.o(.bss)
    m_buffer_tb                              0x20001417   Data         255  elster_tasks.o(.bss)
    meter_P2                                 0x20001516   Data           9  elster_tasks.o(.bss)
    meter_P0                                 0x2000151f   Data           9  elster_tasks.o(.bss)
    meterType                                0x20001528   Data          16  elster_tasks.o(.bss)
    currentValue                             0x20001538   Data         144  elster_tasks.o(.bss)
    instantaneousValue                       0x200015c8   Data          60  elster_tasks.o(.bss)
    cmdElsterSend                            0x20001604   Data          20  elster_tasks.o(.bss)
    elsterCmdListGroup0                      0x20001618   Data         304  elster_tasks.o(.bss)
    elsterCmdListRead0                       0x20001748   Data          80  elster_tasks.o(.bss)
    elsterCmdListRead1                       0x20001798   Data         200  elster_tasks.o(.bss)
    elsterCmdListRead2                       0x20001860   Data         208  elster_tasks.o(.bss)
    tElsterTimeout                           0x20001930   Data          12  elster_tasks.o(.bss)
    tElsterCmdTimeout                        0x2000193c   Data          12  elster_tasks.o(.bss)
    tElsterReadParaTimeout                   0x20001948   Data          12  elster_tasks.o(.bss)
    tElsterPhaseTimeout                      0x20001954   Data          12  elster_tasks.o(.bss)
    cmpElsterCmpOk                           0x20001960   Data          12  elster_tasks.o(.bss)
    r1_xxxxxxCmd                             0x2000196c   Data          16  elster_tasks.o(.bss)
    r1_xxxxxxWriteFlash                      0x2000197c   Data          16  elster_tasks.o(.bss)
    elsterWriteCmd2                          0x2000198c   Data          16  elster_tasks.o(.bss)
    USART1_TxBuff                            0x20001a9c   Data         512  uart1.o(.bss)
    USART1_TxRingBuff                        0x20001c9c   Data          16  uart1.o(.bss)
    USART1_DMATxBuff                         0x20001cac   Data         512  uart1.o(.bss)
    USART1_DMARxBuff                         0x20001eac   Data         512  uart1.o(.bss)
    UART5_TxBuff                             0x200020ac   Data         256  uart5.o(.bss)
    UART5_TxRingBuff                         0x200021ac   Data          16  uart5.o(.bss)
    UART5_DMATxBuff                          0x200021bc   Data         256  uart5.o(.bss)
    UART5_DMARxBuff                          0x200022bc   Data         600  uart5.o(.bss)
    UART4_TxBuff                             0x20002514   Data         256  uart4.o(.bss)
    UART4_TxRingBuff                         0x20002614   Data          16  uart4.o(.bss)
    UART4_DMATxBuff                          0x20002624   Data         256  uart4.o(.bss)
    UART4_DMARxBuff                          0x20002724   Data         600  uart4.o(.bss)
    USART6_TxBuff                            0x2000297c   Data         256  uart6.o(.bss)
    USART6_TxRingBuff                        0x20002a7c   Data          16  uart6.o(.bss)
    USART6_DMATxBuff                         0x20002a8c   Data         256  uart6.o(.bss)
    USART6_DMARxBuff                         0x20002b8c   Data         256  uart6.o(.bss)
    tFirmwareTryToUpdate                     0x20002c8c   Data          12  app_config_task.o(.bss)
    UART_ProtoRecv                           0x20002c98   Data          16  uart_config_task.o(.bss)
    UART_ProtoSend                           0x20002ca8   Data          16  uart_config_task.o(.bss)
    UART_DataBuff                            0x20002cb8   Data         516  uart_config_task.o(.bss)
    UART_parserPacket                        0x20002ebc   Data          10  uart_config_task.o(.bss)
    checkUart                                0x20002ec8   Data          12  uart_config_task.o(.bss)
    incomingCall                             0x20002ed4   Data          32  ampm_gsm_call.o(.bss)
    listOfCurrentCall                        0x20002ef4   Data         128  ampm_gsm_call.o(.bss)
    callTimeout                              0x20002f74   Data          12  ampm_gsm_call.o(.bss)
    callAlertingTimeout                      0x20002f80   Data          12  ampm_gsm_call.o(.bss)
    tCallDelayTimeout                        0x20002f8c   Data          12  ampm_gsm_call.o(.bss)
    ampm_IncomingCallPhoneNo                 0x20002f98   Data          16  ampm_gsm_call.o(.bss)
    csqBuff                                  0x20002fa8   Data          16  ampm_gsm_common.o(.bss)
    cengBuff                                 0x20002fb8   Data         128  ampm_gsm_common.o(.bss)
    dialupTimeout                            0x20003038   Data          12  ampm_gsm_dial_up.o(.bss)
    ampmGSM_CmdSend                          0x20003044   Data          28  ampm_gsm_io.o(.bss)
    ampm_GSM_TaskTimeout                     0x20003060   Data          12  ampm_gsm_io.o(.bss)
    ampmCommonAppStruct                      0x2000306c   Data          24  ampm_gsm_io.o(.bss)
    ampmAtCmdBuf                             0x20003084   Data         256  ampm_gsm_io.o(.bss)
    ampmGSM_CmdOk                            0x20003184   Data          12  ampm_gsm_io.o(.bss)
    ampmGSM_CmdFails                         0x20003190   Data          12  ampm_gsm_io.o(.bss)
    ampm_AtCallBackParser                    0x2000319c   Data          16  ampm_gsm_io.o(.bss)
    pppStdin                                 0x2000322c   Data          24  ampm_gsm_main_task.o(.bss)
    pppStdout                                0x20003244   Data          24  ampm_gsm_main_task.o(.bss)
    pppBufIn                                 0x2000325c   Data         128  ampm_gsm_main_task.o(.bss)
    pppBufOut                                0x200032dc   Data         128  ampm_gsm_main_task.o(.bss)
    tAmpmMainTimeoutTask                     0x2000335c   Data          12  ampm_gsm_main_task.o(.bss)
    tRingTask                                0x20003368   Data          12  ampm_gsm_main_task.o(.bss)
    cmpBGS2_W                                0x20003374   Data          12  ampm_gsm_main_task.o(.bss)
    cmpBGS2_E                                0x20003380   Data          12  ampm_gsm_main_task.o(.bss)
    cmpBGS1_E                                0x2000338c   Data          12  ampm_gsm_main_task.o(.bss)
    cmpBG2_E                                 0x20003398   Data          12  ampm_gsm_main_task.o(.bss)
    cmpM95                                   0x200033a4   Data          12  ampm_gsm_main_task.o(.bss)
    cmpM26                                   0x200033b0   Data          12  ampm_gsm_main_task.o(.bss)
    cmpUbloxG100                             0x200033bc   Data          12  ampm_gsm_main_task.o(.bss)
    cmp                                      0x200033c8   Data          12  ampm_gsm_main_task.o(.bss)
    cmpSIM900                                0x200033d4   Data          12  ampm_gsm_main_task.o(.bss)
    tSmsTaskTimeOut                          0x200033e0   Data          12  ampm_gsm_sms.o(.bss)
    smsUnreadBuff                            0x200033ec   Data          32  ampm_gsm_sms.o(.bss)
    smsUnreadRingBuff                        0x2000340c   Data          16  ampm_gsm_sms.o(.bss)
    smsSender                                0x2000341c   Data          16  ampm_gsm_sms.o(.bss)
    smsDataBuf                               0x2000342c   Data         256  ampm_gsm_sms.o(.bss)
    serviceCenterNumber                      0x2000352c   Data          16  ampm_gsm_sms.o(.bss)
    gsmSimCIMIBuf                            0x2000353c   Data          32  ampm_gsm_startup.o(.bss)
    gsmSimCIDBuf                             0x2000355c   Data          32  ampm_gsm_startup.o(.bss)
    gsmSimCPOSBuf                            0x2000357c   Data          32  ampm_gsm_startup.o(.bss)
    gsmIMEIBuf                               0x2000359c   Data          18  ampm_gsm_startup.o(.bss)
    tAmpm_GsmStartupTaskDelay                0x200035b0   Data          12  ampm_gsm_startup.o(.bss)
    at_cmd                                   0x200035bc   Data         180  ampm_gsm_startup.o(.bss)
    AT_CmdParser                             0x20003670   Data          16  at_command_parser.o(.bss)
    COMM_RxBuff                              0x20003690   Data         512  comm.o(.bss)
    COMM_RxRingBuff                          0x20003890   Data          16  comm.o(.bss)
    AckWaitList                              0x200051ac   Data        1360  aws_iot_shadow_records.o(.bss)
    myThingName                              0x200056fc   Data          20  aws_iot_shadow_records.o(.bss)
    mqttClientID                             0x20005710   Data          80  aws_iot_shadow_records.o(.bss)
    shadowDeltaTopic                         0x20005760   Data          80  aws_iot_shadow_records.o(.bss)
    SubscriptionList                         0x200057b0   Data        1660  aws_iot_shadow_records.o(.bss)
    shadowRxBuf                              0x20005e2c   Data        3073  aws_iot_shadow_records.o(.bss)
    mbedtls_cipher_supported                 0x20008330   Data          52  cipher_wrap.o(.bss)
    socket_ipv4_multicast_memberships        0x200084a4   Data          72  lwip_sockets.o(.bss)
    ip_data                                  0x2000869c   Data          24  lwip_ip.o(.bss)
    ram_heap                                 0x200086b4   Data        4115  lwip_mem.o(.bss)
    memp_memory_UDP_PCB_base                 0x200096c8   Data         423  lwip_memp.o(.bss)
    memp_memory_TCP_PCB_base                 0x20009880   Data         983  lwip_memp.o(.bss)
    memp_memory_TCP_SEG_base                 0x20009c78   Data         963  lwip_memp.o(.bss)
    memp_memory_REASSDATA_base               0x2000a04c   Data         383  lwip_memp.o(.bss)
    memp_memory_FRAG_PBUF_base               0x2000a1dc   Data        1023  lwip_memp.o(.bss)
    memp_memory_NETBUF_base                  0x2000a5ec   Data         483  lwip_memp.o(.bss)
    memp_memory_NETCONN_base                 0x2000a7e0   Data         555  lwip_memp.o(.bss)
    memp_memory_TCPIP_MSG_API_base           0x2000aa1c   Data         483  lwip_memp.o(.bss)
    memp_memory_TCPIP_MSG_INPKT_base         0x2000ac10   Data         483  lwip_memp.o(.bss)
    memp_memory_IGMP_GROUP_base              0x2000ae04   Data         483  lwip_memp.o(.bss)
    memp_memory_SYS_TIMEOUT_base             0x2000aff8   Data         963  lwip_memp.o(.bss)
    memp_memory_NETDB_base                   0x2000b3cc   Data         227  lwip_memp.o(.bss)
    memp_memory_PBUF_base                    0x2000b4c0   Data         923  lwip_memp.o(.bss)
    memp_memory_PBUF_POOL_base               0x2000b86c   Data        6843  lwip_memp.o(.bss)
    lwip_stats                               0x2000d338   Data          96  lwip_stats.o(.bss)
    memp_memory_PPP_PCB_base                 0x2000d3c8   Data         479  lwip_ppp.o(.bss)
    memp_memory_PPPOS_PCB_base               0x2000d5b8   Data         143  lwip_pppos.o(.bss)
    lwip_netif                               0x2000d698   Data          72  lwip_stack.o(.bss)
    __heap_base                              0x2000d728   Data           0  startup_stm32f407xx.o(HEAP)
    __heap_limit                             0x2001d728   Data           0  startup_stm32f407xx.o(HEAP)
    __initial_sp                             0x2001e728   Data           0  startup_stm32f407xx.o(STACK)



==============================================================================

Memory Map of the image

  Image Entry point : 0x0800c189

  Load Region LR_IROM1 (Base: 0x0800c000, Size: 0x0008366c, Max: 0x00074000, ABSOLUTE, COMPRESSED[0x0007340c])

    Execution Region ER_IROM1 (Base: 0x0800c000, Size: 0x000730b0, Max: 0x00074000, ABSOLUTE)

    Base Addr    Size         Type   Attr      Idx    E Section Name        Object

    0x0800c000   0x00000188   Data   RO          532    RESET               startup_stm32f407xx.o
    0x0800c188   0x00000000   Code   RO         7277  * .ARM.Collect$$$$00000000  mc_w.l(entry.o)
    0x0800c188   0x00000004   Code   RO         7663    .ARM.Collect$$$$00000001  mc_w.l(entry2.o)
    0x0800c18c   0x00000004   Code   RO         7666    .ARM.Collect$$$$00000004  mc_w.l(entry5.o)
    0x0800c190   0x00000000   Code   RO         7668    .ARM.Collect$$$$00000008  mc_w.l(entry7b.o)
    0x0800c190   0x00000000   Code   RO         7670    .ARM.Collect$$$$0000000A  mc_w.l(entry8b.o)
    0x0800c190   0x00000008   Code   RO         7671    .ARM.Collect$$$$0000000B  mc_w.l(entry9a.o)
    0x0800c198   0x00000000   Code   RO         7673    .ARM.Collect$$$$0000000D  mc_w.l(entry10a.o)
    0x0800c198   0x00000000   Code   RO         7675    .ARM.Collect$$$$0000000F  mc_w.l(entry11a.o)
    0x0800c198   0x00000004   Code   RO         7664    .ARM.Collect$$$$00002712  mc_w.l(entry2.o)
    0x0800c19c   0x000000ba   Code   RO          136    .emb_text           port.o
    0x0800c256   0x00000002   PAD
    0x0800c258   0x000002a8   Code   RO           49    .text               heap_4.o
    0x0800c500   0x00000be8   Code   RO          115    .text               queue.o
    0x0800d0e8   0x0000030c   Code   RO          137    .text               port.o
    0x0800d3f4   0x000009c0   Code   RO          169    .text               cmsis_os.o
    0x0800ddb4   0x000019f8   Code   RO          220    .text               tasks.o
    0x0800f7ac   0x00000094   Code   RO          243    .text               list.o
    0x0800f840   0x00000114   Code   RO          261    .text               ampm_list.o
    0x0800f954   0x0000030e   Code   RO          276    .text               ampm_sprintf.o
    0x0800fc62   0x00000054   Code   RO          311    .text               data_cmp.o
    0x0800fcb6   0x00000002   PAD
    0x0800fcb8   0x000001e4   Code   RO          348    .text               encoding.o
    0x0800fe9c   0x00000668   Code   RO          388    .text               m_time.o
    0x08010504   0x00000094   Code   RO          429    .text               ringbuf.o
    0x08010598   0x00000340   Code   RO          445    .text               sparser.o
    0x080108d8   0x00000100   Code   RO          468    .text               sys_tick.o
    0x080109d8   0x0000022c   Code   RO          490    .text               sys_time.o
    0x08010c04   0x00000140   Code   RO          511    .text               ampm_filestream.o
    0x08010d44   0x00000024   Code   RO          533    .text               startup_stm32f407xx.o
    0x08010d68   0x000003dc   Code   RO          540    .text               stm32f4xx_hal_flash_ex.o
    0x08011144   0x000001d4   Code   RO          673    .text               stm32f4xx_hal_rng.o
    0x08011318   0x000008ac   Code   RO          701    .text               stm32f4xx_hal_dma.o
    0x08011bc4   0x00000398   Code   RO          730    .text               stm32f4xx_hal_rcc_ex.o
    0x08011f5c   0x00000df2   Code   RO          758    .text               stm32f4xx_hal_rtc_ex.o
    0x08012d4e   0x00000002   PAD
    0x08012d50   0x00000888   Code   RO          842    .text               stm32f4xx_hal_adc_ex.o
    0x080135d8   0x00002800   Code   RO          870    .text               stm32f4xx_hal_tim.o
    0x08015dd8   0x000013ae   Code   RO          898    .text               stm32f4xx_hal_uart.o
    0x08017186   0x00000002   PAD
    0x08017188   0x000003ac   Code   RO          926    .text               stm32f4xx_hal_gpio.o
    0x08017534   0x00000bb8   Code   RO          954    .text               stm32f4xx_hal_rtc.o
    0x080180ec   0x0000005e   Code   RO         1010    .text               stm32f4xx_hal_iwdg.o
    0x0801814a   0x00000002   PAD
    0x0801814c   0x00000384   Code   RO         1038    .text               stm32f4xx_hal_cortex.o
    0x080184d0   0x00000db4   Code   RO         1070    .text               stm32f4xx_hal_tim_ex.o
    0x08019284   0x000001a4   Code   RO         1098    .text               stm32f4xx_hal.o
    0x08019428   0x00000454   Code   RO         1151    .text               stm32f4xx_hal_flash.o
    0x0801987c   0x00000bc0   Code   RO         1182    .text               stm32f4xx_hal_adc.o
    0x0801a43c   0x0000089c   Code   RO         1210    .text               stm32f4xx_hal_rcc.o
    0x0801acd8   0x00001658   Code   RO         1238    .text               stm32f4xx_hal_spi.o
    0x0801c330   0x00000124   Code   RO         1266    .text               system_stm32f4xx.o
    0x0801c454   0x000000b0   Code   RO         1301    .text               stm32f4xx_hal_timebase_tim.o
    0x0801c504   0x0000000e   Code   RO         1330    .text               freertos.o
    0x0801c512   0x00000002   PAD
    0x0801c514   0x0000019c   Code   RO         1345    .text               stm32f4xx_it.o
    0x0801c6b0   0x00000970   Code   RO         1407    .text               main.o
    0x0801d020   0x000009e4   Code   RO         1713    .text               stm32f4xx_hal_msp.o
    0x0801da04   0x00000cd8   Code   RO         1742    .text               system_config.o
    0x0801e6dc   0x00000088   Code   RO         1791    .text               hardware_rng.o
    0x0801e764   0x0000277c   Code   RO         1829    .text               shadow_thing.o
    0x08020ee0   0x000004a0   Code   RO         2012    .text               ntp_server.o
    0x08021380   0x00000244   Code   RO         2118    .text               smartlight.o
    0x080215c4   0x00000290   Code   RO         2200    .text               watchdog.o
    0x08021854   0x00003684   Code   RO         2236    .text               sms_task.o
    0x08024ed8   0x000006e4   Code   RO         2289    .text               sst25.o
    0x080255bc   0x000000c0   Code   RO         2322    .text               io_control.o
    0x0802567c   0x00000064   Code   RO         2341    .text               led.o
    0x080256e0   0x000006a4   Code   RO         2375    .text               ota_backup_server.o
    0x08025d84   0x00000c70   Code   RO         2407    .text               power_sensor.o
    0x080269f4   0x00001f9c   Code   RO         2442    .text               elster_tasks.o
    0x08028990   0x000001b8   Code   RO         2478    .text               uart1.o
    0x08028b48   0x000001c0   Code   RO         2514    .text               uart5.o
    0x08028d08   0x00000068   Code   RO         2550    .text               spi1.o
    0x08028d70   0x000002ac   Code   RO         2579    .text               uart4.o
    0x0802901c   0x000001e4   Code   RO         2615    .text               uart6.o
    0x08029200   0x00000a0c   Code   RO         2651    .text               app_config_task.o
    0x08029c0c   0x000001a4   Code   RO         2688    .text               uart_config_task.o
    0x08029db0   0x000009fc   Code   RO         2719    .text               alarm.o
    0x0802a7ac   0x0000013c   Code   RO         2768    .text               relay.o
    0x0802a8e8   0x000008a0   Code   RO         2800    .text               ampm_gsm_call.o
    0x0802b188   0x00000158   Code   RO         2855    .text               ampm_gsm_common.o
    0x0802b2e0   0x00000264   Code   RO         2876    .text               ampm_gsm_dial_up.o
    0x0802b544   0x00000318   Code   RO         2897    .text               ampm_gsm_io.o
    0x0802b85c   0x0000181c   Code   RO         2920    .text               ampm_gsm_main_task.o
    0x0802d078   0x0000030c   Code   RO         3020    .text               ampm_gsm_ring.o
    0x0802d384   0x00000e24   Code   RO         3050    .text               ampm_gsm_sms.o
    0x0802e1a8   0x00000724   Code   RO         3081    .text               ampm_gsm_startup.o
    0x0802e8cc   0x000000bc   Code   RO         3101    .text               at_command_parser.o
    0x0802e988   0x000000c0   Code   RO         3126    .text               comm.o
    0x0802ea48   0x00000504   Code   RO         3158    .text               pdu.o
    0x0802ef4c   0x00000268   Code   RO         3176    .text               ampm_gsm_sms_api.o
    0x0802f1b4   0x00000554   Code   RO         3195    .text               aws_iot_json_utils.o
    0x0802f708   0x00000320   Code   RO         3221    .text               aws_iot_mqtt_client.o
    0x0802fa28   0x00000776   Code   RO         3318    .text               aws_iot_mqtt_client_common_internal.o
    0x0803019e   0x00000002   PAD
    0x080301a0   0x00000628   Code   RO         3416    .text               aws_iot_mqtt_client_connect.o
    0x080307c8   0x00000416   Code   RO         3511    .text               aws_iot_mqtt_client_publish.o
    0x08030bde   0x00000450   Code   RO         3609    .text               aws_iot_mqtt_client_subscribe.o
    0x0803102e   0x0000025e   Code   RO         3637    .text               aws_iot_mqtt_client_unsubscribe.o
    0x0803128c   0x000002b8   Code   RO         3665    .text               aws_iot_mqtt_client_yield.o
    0x08031544   0x000002a8   Code   RO         3693    .text               aws_iot_shadow.o
    0x080317ec   0x000000aa   Code   RO         3806    .text               aws_iot_shadow_actions.o
    0x08031896   0x00000002   PAD
    0x08031898   0x00000c44   Code   RO         3830    .text               aws_iot_shadow_json.o
    0x080324dc   0x00000bd8   Code   RO         3872    .text               aws_iot_shadow_records.o
    0x080330b4   0x0000007c   Code   RO         3905    .text               aws_timer.o
    0x08033130   0x00000370   Code   RO         3933    .text               net_socket.o
    0x080334a0   0x0000049a   Code   RO         4030    .text               jsmn.o
    0x0803393a   0x00000002   PAD
    0x0803393c   0x00000c3a   Code   RO         4045    .text               network_mbedtls_wrapper.o
    0x08034576   0x00000002   PAD
    0x08034578   0x00001094   Code   RO         4074    .text               aes.o
    0x0803560c   0x000004b0   Code   RO         4107    .text               asn1parse.o
    0x08035abc   0x00000674   Code   RO         4123    .text               asn1write.o
    0x08036130   0x00000374   Code   RO         4142    .text               base64.o
    0x080364a4   0x00002ad0   Code   RO         4163    .text               bignum.o
    0x08038f74   0x00000610   Code   RO         4197    .text               ccm.o
    0x08039584   0x000007dc   Code   RO         4234    .text               cipher.o
    0x08039d60   0x00000130   Code   RO         4265    .text               cipher_wrap.o
    0x08039e90   0x000005f8   Code   RO         4303    .text               ctr_drbg.o
    0x0803a488   0x000006d0   Code   RO         4325    .text               debug.o
    0x0803ab58   0x00000304   Code   RO         4351    .text               ecdh.o
    0x0803ae5c   0x000006ec   Code   RO         4363    .text               ecdsa.o
    0x0803b548   0x00002e64   Code   RO         4384    .text               ecp.o
    0x0803e3ac   0x00000dc8   Code   RO         4410    .text               ecp_curves.o
    0x0803f174   0x000004fa   Code   RO         4425    .text               entropy.o
    0x0803f66e   0x00000002   PAD
    0x0803f670   0x00000e08   Code   RO         4501    .text               gcm.o
    0x08040478   0x000004fc   Code   RO         4528    .text               hmac_drbg.o
    0x08040974   0x0000043c   Code   RO         4547    .text               md.o
    0x08040db0   0x000001fc   Code   RO         4572    .text               md_wrap.o
    0x08040fac   0x00000b20   Code   RO         4621    .text               memory_buffer_alloc.o
    0x08041acc   0x00000470   Code   RO         4649    .text               oid.o
    0x08041f3c   0x00000194   Code   RO         4675    .text               pem.o
    0x080420d0   0x000003d8   Code   RO         4697    .text               pk.o
    0x080424a8   0x00000498   Code   RO         4716    .text               pk_wrap.o
    0x08042940   0x00000a10   Code   RO         4765    .text               pkparse.o
    0x08043350   0x00000030   Code   RO         4800    .text               platform.o
    0x08043380   0x00001b84   Code   RO         4828    .text               rsa.o
    0x08044f04   0x00001c1c   Code   RO         4845    .text               sha1.o
    0x08046b20   0x00001214   Code   RO         4863    .text               sha256.o
    0x08047d34   0x000015bc   Code   RO         4881    .text               sha512.o
    0x080492f0   0x00000168   Code   RO         4918    .text               ssl_ciphersuites.o
    0x08049458   0x00003be4   Code   RO         4939    .text               ssl_cli.o
    0x0804d03c   0x00006fb8   Code   RO         5021    .text               ssl_tls.o
    0x08053ff4   0x0000092c   Code   RO         5108    .text               x509.o
    0x08054920   0x00002258   Code   RO         5146    .text               x509_crt.o
    0x08056b78   0x00000b10   Code   RO         5193    .text               lwip_api_lib.o
    0x08057688   0x00001b78   Code   RO         5301    .text               lwip_api_msg.o
    0x08059200   0x0000004c   Code   RO         5354    .text               lwip_err.o
    0x0805924c   0x00000390   Code   RO         5387    .text               lwip_netbuf.o
    0x080595dc   0x00000350   Code   RO         5406    .text               lwip_netdb.o
    0x0805992c   0x000026f4   Code   RO         5456    .text               lwip_sockets.o
    0x0805c020   0x00000380   Code   RO         5489    .text               lwip_tcpip.o
    0x0805c3a0   0x000002b4   Code   RO         5537    .text               lwip_net_socket.o
    0x0805c654   0x000003d8   Code   RO         5575    .text               lwip_sys_arch.o
    0x0805ca2c   0x00000158   Code   RO         5633    .text               lwip_def.o
    0x0805cb84   0x00000afc   Code   RO         5650    .text               lwip_dns.o
    0x0805d680   0x000002dc   Code   RO         5689    .text               lwip_inet_chksum.o
    0x0805d95c   0x00000090   Code   RO         5709    .text               lwip_init.o
    0x0805d9ec   0x00000780   Code   RO         5792    .text               lwip_mem.o
    0x0805e16c   0x00000400   Code   RO         5829    .text               lwip_memp.o
    0x0805e56c   0x000003bc   Code   RO         5886    .text               lwip_netif.o
    0x0805e928   0x00001132   Code   RO         5926    .text               lwip_pbuf.o
    0x0805fa5a   0x00000002   PAD
    0x0805fa5c   0x000002dc   Code   RO         5955    .text               lwip_stats.o
    0x0805fd38   0x00001784   Code   RO         5994    .text               lwip_tcp.o
    0x080614bc   0x00001968   Code   RO         6026    .text               lwip_tcp_in.o
    0x08062e24   0x00001260   Code   RO         6067    .text               lwip_tcp_out.o
    0x08064084   0x00000310   Code   RO         6091    .text               lwip_timeouts.o
    0x08064394   0x000006fc   Code   RO         6121    .text               lwip_udp.o
    0x08064a90   0x00000378   Code   RO         6179    .text               lwip_icmp.o
    0x08064e08   0x000009cc   Code   RO         6199    .text               lwip_igmp.o
    0x080657d4   0x00000620   Code   RO         6224    .text               lwip_ip4.o
    0x08065df4   0x00000304   Code   RO         6246    .text               lwip_ip4_addr.o
    0x080660f8   0x00000a08   Code   RO         6274    .text               lwip_ip4_frag.o
    0x08066b00   0x0000036c   Code   RO         6379    .text               lwip_auth.o
    0x08066e6c   0x00000050   Code   RO         6433    .text               lwip_chap-md5.o
    0x08066ebc   0x00000410   Code   RO         6493    .text               lwip_chap-new.o
    0x080672cc   0x00000b3c   Code   RO         6573    .text               lwip_fsm.o
    0x08067e08   0x0000124c   Code   RO         6608    .text               lwip_ipcp.o
    0x08069054   0x00001954   Code   RO         6654    .text               lwip_lcp.o
    0x0806a9a8   0x000000f4   Code   RO         6691    .text               lwip_magic.o
    0x0806aa9c   0x00000670   Code   RO         6748    .text               lwip_ppp.o
    0x0806b10c   0x00000778   Code   RO         6877    .text               lwip_pppos.o
    0x0806b884   0x000007b8   Code   RO         6936    .text               lwip_utils.o
    0x0806c03c   0x00000aa8   Code   RO         7012    .text               lwip_md5.o
    0x0806cae4   0x0000000c   Code   RO         7043    .text               lwip_random.o
    0x0806caf0   0x000000c4   Code   RO         7059    .text               lwip_tcp_isn.o
    0x0806cbb4   0x00000354   Code   RO         7088    .text               lwip_stack.o
    0x0806cf08   0x00000614   Code   RO         7230    .text               ppp_lwip.o
    0x0806d51c   0x00000062   Code   RO         7289    .text               mc_w.l(uldiv.o)
    0x0806d57e   0x0000001e   Code   RO         7291    .text               mc_w.l(llshl.o)
    0x0806d59c   0x00000008   Code   RO         7293    .text               mc_w.l(ctype_o.o)
    0x0806d5a4   0x00000012   Code   RO         7315    .text               mc_w.l(isspace_o.o)
    0x0806d5b6   0x0000000c   Code   RO         7321    .text               mc_w.l(toupper.o)
    0x0806d5c2   0x00000002   PAD
    0x0806d5c4   0x00000024   Code   RO         7323    .text               mc_w.l(rand.o)
    0x0806d5e8   0x00000040   Code   RO         7328    .text               mc_w.l(memmovea.o)
    0x0806d628   0x00000024   Code   RO         7330    .text               mc_w.l(memseta.o)
    0x0806d64c   0x00000018   Code   RO         7332    .text               mc_w.l(strcat.o)
    0x0806d664   0x00000024   Code   RO         7334    .text               mc_w.l(strstr.o)
    0x0806d688   0x00000018   Code   RO         7336    .text               mc_w.l(strncpy.o)
    0x0806d6a0   0x0000000e   Code   RO         7338    .text               mc_w.l(strlen.o)
    0x0806d6ae   0x0000001c   Code   RO         7340    .text               mc_w.l(strcmp.o)
    0x0806d6ca   0x0000001a   Code   RO         7342    .text               mc_w.l(memcmp.o)
    0x0806d6e4   0x00000012   Code   RO         7344    .text               mc_w.l(strcpy.o)
    0x0806d6f6   0x0000001e   Code   RO         7346    .text               mc_w.l(strncmp.o)
    0x0806d714   0x0000001c   Code   RO         7641    .text               mc_w.l(calloc.o)
    0x0806d730   0x00000038   Code   RO         7643    .text               mc_w.l(__0sscanf.o)
    0x0806d768   0x0000014c   Code   RO         7645    .text               mc_w.l(_scanf_int.o)
    0x0806d8b4   0x000000e0   Code   RO         7647    .text               mc_w.l(_scanf_str.o)
    0x0806d994   0x00000338   Code   RO         7649    .text               mc_w.l(scanf_fp.o)
    0x0806dccc   0x0000001a   Code   RO         7653    .text               mc_w.l(atoi.o)
    0x0806dce6   0x0000001a   Code   RO         7655    .text               mc_w.l(atoll.o)
    0x0806dd00   0x000000de   Code   RO         7657    .text               mf_w.l(ddiv.o)
    0x0806ddde   0x00000026   Code   RO         7659    .text               mf_w.l(f2d.o)
    0x0806de04   0x00000038   Code   RO         7661    .text               mf_w.l(d2f.o)
    0x0806de3c   0x0000002c   Code   RO         7677    .text               mc_w.l(uidiv.o)
    0x0806de68   0x00000020   Code   RO         7679    .text               mc_w.l(llushr.o)
    0x0806de88   0x0000001c   Code   RO         7690    .text               mc_w.l(_chval.o)
    0x0806dea4   0x00000028   Code   RO         7692    .text               mc_w.l(scanf_char.o)
    0x0806decc   0x00000040   Code   RO         7694    .text               mc_w.l(_sgetc.o)
    0x0806df0c   0x00000070   Code   RO         7696    .text               mc_w.l(strtol.o)
    0x0806df7c   0x00000090   Code   RO         7698    .text               mc_w.l(__strtoll.o)
    0x0806e00c   0x00000000   Code   RO         7700    .text               mc_w.l(iusefp.o)
    0x0806e00c   0x0000006e   Code   RO         7701    .text               mf_w.l(fepilogue.o)
    0x0806e07a   0x000000ba   Code   RO         7703    .text               mf_w.l(depilogue.o)
    0x0806e134   0x0000014e   Code   RO         7705    .text               mf_w.l(dadd.o)
    0x0806e282   0x000000e4   Code   RO         7707    .text               mf_w.l(dmul.o)
    0x0806e366   0x00000018   Code   RO         7709    .text               mf_w.l(dfltul.o)
    0x0806e37e   0x00000030   Code   RO         7711    .text               mf_w.l(dfixul.o)
    0x0806e3ae   0x00000002   PAD
    0x0806e3b0   0x00000030   Code   RO         7713    .text               mf_w.l(cdrcmple.o)
    0x0806e3e0   0x00000024   Code   RO         7715    .text               mc_w.l(init.o)
    0x0806e404   0x00000024   Code   RO         7717    .text               mc_w.l(llsshr.o)
    0x0806e428   0x0000032c   Code   RO         7721    .text               mc_w.l(_scanf.o)
    0x0806e754   0x0000009e   Code   RO         7723    .text               mc_w.l(_strtoul.o)
    0x0806e7f2   0x000000c2   Code   RO         7725    .text               mc_w.l(_strtoull.o)
    0x0806e8b4   0x00000056   Code   RO         7738    .text               mc_w.l(__dczerorl2.o)
    0x0806e90a   0x00000002   PAD
    0x0806e90c   0x0000001c   Code   RO         7584    i.__0fprintf        mc_w.l(printfa.o)
    0x0806e928   0x00000020   Code   RO         7585    i.__0printf         mc_w.l(printfa.o)
    0x0806e948   0x00000030   Code   RO         7586    i.__0snprintf       mc_w.l(printfa.o)
    0x0806e978   0x00000028   Code   RO         7587    i.__0sprintf        mc_w.l(printfa.o)
    0x0806e9a0   0x0000002c   Code   RO         7590    i.__0vsnprintf      mc_w.l(printfa.o)
    0x0806e9cc   0x00000024   Code   RO         7591    i.__0vsprintf       mc_w.l(printfa.o)
    0x0806e9f0   0x00000008   Code   RO         7683    i.__aeabi_errno_addr  mc_w.l(errno.o)
    0x0806e9f8   0x0000000e   Code   RO         7732    i.__scatterload_copy  mc_w.l(handlers.o)
    0x0806ea06   0x00000002   Code   RO         7733    i.__scatterload_null  mc_w.l(handlers.o)
    0x0806ea08   0x0000000e   Code   RO         7734    i.__scatterload_zeroinit  mc_w.l(handlers.o)
    0x0806ea16   0x00000002   PAD
    0x0806ea18   0x00000184   Code   RO         7592    i._fp_digits        mc_w.l(printfa.o)
    0x0806eb9c   0x0000000e   Code   RO         7651    i._is_digit         mc_w.l(scanf_fp.o)
    0x0806ebaa   0x00000002   PAD
    0x0806ebac   0x000006dc   Code   RO         7593    i._printf_core      mc_w.l(printfa.o)
    0x0806f288   0x00000024   Code   RO         7594    i._printf_post_padding  mc_w.l(printfa.o)
    0x0806f2ac   0x0000002e   Code   RO         7595    i._printf_pre_padding  mc_w.l(printfa.o)
    0x0806f2da   0x00000016   Code   RO         7596    i._snputc           mc_w.l(printfa.o)
    0x0806f2f0   0x0000000a   Code   RO         7597    i._sputc            mc_w.l(printfa.o)
    0x0806f2fa   0x00000034   Code   RO         7282    i.fread             mc_w.l(fread.o)
    0x0806f32e   0x00000002   PAD
    0x0806f330   0x00000050   Code   RO         7613    i.free              mc_w.l(malloc.o)
    0x0806f380   0x00000024   Code   RO         7280    i.fwrite            mc_w.l(fwrite.o)
    0x0806f3a4   0x0000006c   Code   RO         7614    i.malloc            mc_w.l(malloc.o)
    0x0806f410   0x00000060   Data   RO          389    .constdata          m_time.o
    0x0806f470   0x00000008   Data   RO          702    .constdata          stm32f4xx_hal_dma.o
    0x0806f478   0x00000018   Data   RO         1267    .constdata          system_stm32f4xx.o
    0x0806f490   0x00000020   Data   RO         1409    .constdata          main.o
    0x0806f4b0   0x00000004   Data   RO         1745    .constdata          system_config.o
    0x0806f4b4   0x00000450   Data   RO         1831    .constdata          shadow_thing.o
    0x0806f904   0x00000014   Data   RO         2014    .constdata          ntp_server.o
    0x0806f918   0x00000010   Data   RO         2202    .constdata          watchdog.o
    0x0806f928   0x00000004   Data   RO         2290    .constdata          sst25.o
    0x0806f92c   0x00000004   Data   RO         2323    .constdata          io_control.o
    0x0806f930   0x00000014   Data   RO         2377    .constdata          ota_backup_server.o
    0x0806f944   0x00000a98   Data   RO         2444    .constdata          elster_tasks.o
    0x080703dc   0x00000004   Data   RO         2653    .constdata          app_config_task.o
    0x080703e0   0x00000004   Data   RO         2769    .constdata          relay.o
    0x080703e4   0x00000210   Data   RO         2802    .constdata          ampm_gsm_call.o
    0x080705f4   0x00000188   Data   RO         2857    .constdata          ampm_gsm_common.o
    0x0807077c   0x00000114   Data   RO         2878    .constdata          ampm_gsm_dial_up.o
    0x08070890   0x0000102c   Data   RO         2922    .constdata          ampm_gsm_main_task.o
    0x080718bc   0x00000350   Data   RO         3052    .constdata          ampm_gsm_sms.o
    0x08071c0c   0x00000047   Data   RO         3103    .constdata          at_command_parser.o
    0x08071c53   0x000000d2   Data   RO         3196    .constdata          aws_iot_json_utils.o
    0x08071d25   0x00000003   PAD
    0x08071d28   0x000000f6   Data   RO         3222    .constdata          aws_iot_mqtt_client.o
    0x08071e1e   0x00000002   PAD
    0x08071e20   0x0000003c   Data   RO         3694    .constdata          aws_iot_shadow.o
    0x08071e5c   0x0000003b   Data   RO         3832    .constdata          aws_iot_shadow_json.o
    0x08071e97   0x00000028   Data   RO         3874    .constdata          aws_iot_shadow_records.o
    0x08071ebf   0x00000521   Data   RO         4046    .constdata          network_mbedtls_wrapper.o
    0x080723e0   0x000022e8   Data   RO         4075    .constdata          aes.o
    0x080746c8   0x00000159   Data   RO         4143    .constdata          base64.o
    0x08074821   0x00000003   PAD
    0x08074824   0x00000024   Data   RO         4164    .constdata          bignum.o
    0x08074848   0x000000d8   Data   RO         4198    .constdata          ccm.o
    0x08074920   0x000048c0   Data   RO         4221    .constdata          certs.o
    0x080791e0   0x0000020c   Data   RO         4267    .constdata          cipher_wrap.o
    0x080793ec   0x000000e0   Data   RO         4304    .constdata          ctr_drbg.o
    0x080794cc   0x0000003c   Data   RO         4385    .constdata          ecp.o
    0x08079508   0x00000190   Data   RO         4411    .constdata          ecp_curves.o
    0x08079698   0x00000c08   Data   RO         4502    .constdata          gcm.o
    0x0807a2a0   0x00000100   Data   RO         4529    .constdata          hmac_drbg.o
    0x0807a3a0   0x00000018   Data   RO         4548    .constdata          md.o
    0x0807a3b8   0x000000f0   Data   RO         4573    .constdata          md_wrap.o
    0x0807a4a8   0x000004bc   Data   RO         4650    .constdata          oid.o
    0x0807a964   0x000000f0   Data   RO         4717    .constdata          pk_wrap.o
    0x0807aa54   0x00000134   Data   RO         4846    .constdata          sha1.o
    0x0807ab88   0x000002b8   Data   RO         4864    .constdata          sha256.o
    0x0807ae40   0x000005e0   Data   RO         4882    .constdata          sha512.o
    0x0807b420   0x0000066c   Data   RO         4920    .constdata          ssl_ciphersuites.o
    0x0807ba8c   0x000000d8   Data   RO         5147    .constdata          x509_crt.o
    0x0807bb64   0x00000044   Data   RO         5355    .constdata          lwip_err.o
    0x0807bba8   0x0000000c   Data   RO         5576    .constdata          lwip_sys_arch.o
    0x0807bbb4   0x00000268   Data   RO         5831    .constdata          lwip_memp.o
    0x0807be1c   0x00000050   Data   RO         5995    .constdata          lwip_tcp.o
    0x0807be6c   0x00000020   Data   RO         6092    .constdata          lwip_timeouts.o
    0x0807be8c   0x00000008   Data   RO         6248    .constdata          lwip_ip4_addr.o
    0x0807be94   0x00000010   Data   RO         6434    .constdata          lwip_chap-md5.o
    0x0807bea4   0x00000028   Data   RO         6494    .constdata          lwip_chap-new.o
    0x0807becc   0x0000005c   Data   RO         6609    .constdata          lwip_ipcp.o
    0x0807bf28   0x0000005c   Data   RO         6655    .constdata          lwip_lcp.o
    0x0807bf84   0x00000024   Data   RO         6750    .constdata          lwip_ppp.o
    0x0807bfa8   0x00000230   Data   RO         6879    .constdata          lwip_pppos.o
    0x0807c1d8   0x00000040   Data   RO         7013    .constdata          lwip_md5.o
    0x0807c218   0x00000004   Data   RO         7090    .constdata          lwip_stack.o
    0x0807c21c   0x00000081   Data   RO         7294    .constdata          mc_w.l(ctype_o.o)
    0x0807c29d   0x00000003   PAD
    0x0807c2a0   0x00000004   Data   RO         7295    .constdata          mc_w.l(ctype_o.o)
    0x0807c2a4   0x0000000c   Data   RO         1410    .conststring        main.o
    0x0807c2b0   0x000001ec   Data   RO         1832    .conststring        shadow_thing.o
    0x0807c49c   0x00000009   Data   RO         2015    .conststring        ntp_server.o
    0x0807c4a5   0x00000003   PAD
    0x0807c4a8   0x000000e9   Data   RO         2239    .conststring        sms_task.o
    0x0807c591   0x00000003   PAD
    0x0807c594   0x00000009   Data   RO         2378    .conststring        ota_backup_server.o
    0x0807c59d   0x00000003   PAD
    0x0807c5a0   0x00000297   Data   RO         2445    .conststring        elster_tasks.o
    0x0807c837   0x00000001   PAD
    0x0807c838   0x0000006a   Data   RO         2803    .conststring        ampm_gsm_call.o
    0x0807c8a2   0x00000002   PAD
    0x0807c8a4   0x000000c4   Data   RO         2858    .conststring        ampm_gsm_common.o
    0x0807c968   0x00000009   Data   RO         2899    .conststring        ampm_gsm_io.o
    0x0807c971   0x00000003   PAD
    0x0807c974   0x0000005a   Data   RO         2923    .conststring        ampm_gsm_main_task.o
    0x0807c9ce   0x00000002   PAD
    0x0807c9d0   0x00000025   Data   RO         3053    .conststring        ampm_gsm_sms.o
    0x0807c9f5   0x00000003   PAD
    0x0807c9f8   0x00000059   Data   RO         3104    .conststring        at_command_parser.o
    0x0807ca51   0x00000003   PAD
    0x0807ca54   0x00000125   Data   RO         4047    .conststring        network_mbedtls_wrapper.o
    0x0807cb79   0x00000003   PAD
    0x0807cb7c   0x0000036d   Data   RO         4165    .conststring        bignum.o
    0x0807cee9   0x00000003   PAD
    0x0807ceec   0x00000090   Data   RO         4268    .conststring        cipher_wrap.o
    0x0807cf7c   0x0000014d   Data   RO         4386    .conststring        ecp.o
    0x0807d0c9   0x00000003   PAD
    0x0807d0cc   0x00000027   Data   RO         4574    .conststring        md_wrap.o
    0x0807d0f3   0x00000001   PAD
    0x0807d0f4   0x000000b5   Data   RO         4623    .conststring        memory_buffer_alloc.o
    0x0807d1a9   0x00000003   PAD
    0x0807d1ac   0x0000092f   Data   RO         4651    .conststring        oid.o
    0x0807dadb   0x00000001   PAD
    0x0807dadc   0x0000001c   Data   RO         4718    .conststring        pk_wrap.o
    0x0807daf8   0x00000499   Data   RO         4829    .conststring        rsa.o
    0x0807df91   0x00000003   PAD
    0x0807df94   0x00000431   Data   RO         4921    .conststring        ssl_ciphersuites.o
    0x0807e3c5   0x00000003   PAD
    0x0807e3c8   0x000000a4   Data   RO         4940    .conststring        ssl_cli.o
    0x0807e46c   0x00000126   Data   RO         5022    .conststring        ssl_tls.o
    0x0807e592   0x00000002   PAD
    0x0807e594   0x00000406   Data   RO         5148    .conststring        x509_crt.o
    0x0807e99a   0x00000002   PAD
    0x0807e99c   0x00000139   Data   RO         5356    .conststring        lwip_err.o
    0x0807ead5   0x00000003   PAD
    0x0807ead8   0x00000048   Data   RO         5634    .conststring        lwip_def.o
    0x0807eb20   0x00000045   Data   RO         5690    .conststring        lwip_inet_chksum.o
    0x0807eb65   0x00000003   PAD
    0x0807eb68   0x00000041   Data   RO         5710    .conststring        lwip_init.o
    0x0807eba9   0x00000003   PAD
    0x0807ebac   0x000000ac   Data   RO         5832    .conststring        lwip_memp.o
    0x0807ec58   0x0000006d   Data   RO         5996    .conststring        lwip_tcp.o
    0x0807ecc5   0x00000003   PAD
    0x0807ecc8   0x00000099   Data   RO         6068    .conststring        lwip_tcp_out.o
    0x0807ed61   0x00000003   PAD
    0x0807ed64   0x00000042   Data   RO         6093    .conststring        lwip_timeouts.o
    0x0807eda6   0x00000002   PAD
    0x0807eda8   0x00000043   Data   RO         6180    .conststring        lwip_icmp.o
    0x0807edeb   0x00000001   PAD
    0x0807edec   0x00000085   Data   RO         6200    .conststring        lwip_igmp.o
    0x0807ee71   0x00000003   PAD
    0x0807ee74   0x00000042   Data   RO         6225    .conststring        lwip_ip4.o
    0x0807eeb6   0x00000002   PAD
    0x0807eeb8   0x00000047   Data   RO         6249    .conststring        lwip_ip4_addr.o
    0x0807eeff   0x00000001   PAD
    0x0807ef00   0x00000047   Data   RO         6275    .conststring        lwip_ip4_frag.o
    0x0807ef47   0x00000001   PAD
    0x0807ef48   0x00000042   Data   RO         6574    .conststring        lwip_fsm.o
    0x0807ef8a   0x00000002   PAD
    0x0807ef8c   0x00000005   Data   RO         6610    .conststring        lwip_ipcp.o
    0x0807ef91   0x00000003   PAD
    0x0807ef94   0x00000004   Data   RO         6656    .conststring        lwip_lcp.o
    0x0807ef98   0x0000004a   Data   RO         6751    .conststring        lwip_ppp.o
    0x0807efe2   0x00000002   PAD
    0x0807efe4   0x00000050   Data   RO         6880    .conststring        lwip_pppos.o
    0x0807f034   0x00000044   Data   RO         6937    .conststring        lwip_utils.o
    0x0807f078   0x00000006   Data   RO         4652    .conststrlit        oid.o
    0x0807f07e   0x00000002   PAD
    0x0807f080   0x00000030   Data   RO         7730    Region$$Table       anon$$obj.o


    Execution Region RW_IRAM2 (Base: 0x10000000, Size: 0x0000ff64, Max: 0x0000ff80, ABSOLUTE, COMPRESSED[0x00000204])

    Base Addr    Size         Type   Attr      Idx    E Section Name        Object

    0x10000000   0x0000f800   Data   RW         1412    osRam               main.o
    0x1000f800   0x00000624   Data   RW         1747    osRam               system_config.o
    0x1000fe24   0x00000100   Data   RW         2292    osRam               sst25.o
    0x1000ff24   0x00000040   Data   RW         2380    osRam               ota_backup_server.o


    Execution Region RW_IRAM1 (Base: 0x20000000, Size: 0x0001e728, Max: 0x00020000, ABSOLUTE, COMPRESSED[0x00000158])

    Base Addr    Size         Type   Attr      Idx    E Section Name        Object

    0x20000000   0x00000018   Data   RW           50    .data               heap_4.o
    0x20000018   0x0000000c   Data   RW          138    .data               port.o
    0x20000024   0x00000044   Data   RW          222    .data               tasks.o
    0x20000068   0x0000000c   Data   RW          390    .data               m_time.o
    0x20000074   0x00000001   Data   RW          446    .data               sparser.o
    0x20000075   0x00000003   PAD
    0x20000078   0x00000010   Data   RW          469    .data               sys_tick.o
    0x20000088   0x00000024   Data   RW          491    .data               sys_time.o
    0x200000ac   0x00000004   Data   RW         1099    .data               stm32f4xx_hal.o
    0x200000b0   0x00000004   Data   RW         1268    .data               system_stm32f4xx.o
    0x200000b4   0x00000020   Data   RW         1411    .data               main.o
    0x200000d4   0x00000008   Data   RW         1746    .data               system_config.o
    0x200000dc   0x00000024   Data   RW         1833    .data               shadow_thing.o
    0x20000100   0x00000009   Data   RW         2016    .data               ntp_server.o
    0x20000109   0x00000003   PAD
    0x2000010c   0x0000000c   Data   RW         2120    .data               smartlight.o
    0x20000118   0x00000034   Data   RW         2203    .data               watchdog.o
    0x2000014c   0x0000000c   Data   RW         2240    .data               sms_task.o
    0x20000158   0x0000000c   Data   RW         2291    .data               sst25.o
    0x20000164   0x00000004   Data   RW         2324    .data               io_control.o
    0x20000168   0x0000000c   Data   RW         2379    .data               ota_backup_server.o
    0x20000174   0x0000000d   Data   RW         2409    .data               power_sensor.o
    0x20000181   0x00000003   PAD
    0x20000184   0x00000077   Data   RW         2446    .data               elster_tasks.o
    0x200001fb   0x00000001   PAD
    0x200001fc   0x00000005   Data   RW         2480    .data               uart1.o
    0x20000201   0x00000003   PAD
    0x20000204   0x00000005   Data   RW         2516    .data               uart5.o
    0x20000209   0x00000003   PAD
    0x2000020c   0x00000009   Data   RW         2581    .data               uart4.o
    0x20000215   0x00000003   PAD
    0x20000218   0x00000005   Data   RW         2617    .data               uart6.o
    0x2000021d   0x00000003   PAD
    0x20000220   0x00000022   Data   RW         2654    .data               app_config_task.o
    0x20000242   0x00000002   PAD
    0x20000244   0x00000010   Data   RW         2690    .data               uart_config_task.o
    0x20000254   0x00000002   Data   RW         2720    .data               alarm.o
    0x20000256   0x00000002   PAD
    0x20000258   0x00000004   Data   RW         2770    .data               relay.o
    0x2000025c   0x0000001e   Data   RW         2804    .data               ampm_gsm_call.o
    0x2000027a   0x00000002   PAD
    0x2000027c   0x00000027   Data   RW         2859    .data               ampm_gsm_common.o
    0x200002a3   0x00000002   Data   RW         2880    .data               ampm_gsm_dial_up.o
    0x200002a5   0x00000003   PAD
    0x200002a8   0x00000026   Data   RW         2900    .data               ampm_gsm_io.o
    0x200002ce   0x00000002   PAD
    0x200002d0   0x00000050   Data   RW         2924    .data               ampm_gsm_main_task.o
    0x20000320   0x00000012   Data   RW         3021    .data               ampm_gsm_ring.o
    0x20000332   0x00000002   PAD
    0x20000334   0x00000050   Data   RW         3054    .data               ampm_gsm_sms.o
    0x20000384   0x0000001c   Data   RW         3084    .data               ampm_gsm_startup.o
    0x200003a0   0x00000014   Data   RW         3105    .data               at_command_parser.o
    0x200003b4   0x00000001   Data   RW         3128    .data               comm.o
    0x200003b5   0x00000003   PAD
    0x200003b8   0x00000004   Data   RW         3833    .data               aws_iot_shadow_json.o
    0x200003bc   0x00000011   Data   RW         3875    .data               aws_iot_shadow_records.o
    0x200003cd   0x00000003   PAD
    0x200003d0   0x0000002c   Data   RW         4222    .data               certs.o
    0x200003fc   0x00000004   Data   RW         4235    .data               cipher.o
    0x20000400   0x00000004   Data   RW         4305    .data               ctr_drbg.o
    0x20000404   0x00000004   Data   RW         4326    .data               debug.o
    0x20000408   0x00000014   Data   RW         4387    .data               ecp.o
    0x2000041c   0x00000004   Data   RW         4412    .data               ecp_curves.o
    0x20000420   0x00000004   Data   RW         4530    .data               hmac_drbg.o
    0x20000424   0x0000000c   Data   RW         4801    .data               platform.o
    0x20000430   0x00000004   Data   RW         4922    .data               ssl_ciphersuites.o
    0x20000434   0x00000047   Data   RW         5023    .data               ssl_tls.o
    0x2000047b   0x00000001   Data   RW         5302    .data               lwip_api_msg.o
    0x2000047c   0x00000044   Data   RW         5357    .data               lwip_err.o
    0x200004c0   0x00000014   Data   RW         5408    .data               lwip_netdb.o
    0x200004d4   0x00000008   Data   RW         5458    .data               lwip_sockets.o
    0x200004dc   0x00000010   Data   RW         5490    .data               lwip_tcpip.o
    0x200004ec   0x0000000c   Data   RW         5577    .data               lwip_sys_arch.o
    0x200004f8   0x00000014   Data   RW         5653    .data               lwip_dns.o
    0x2000050c   0x00000010   Data   RW         5794    .data               lwip_mem.o
    0x2000051c   0x00000040   Data   RW         5833    .data               lwip_memp.o
    0x2000055c   0x00000009   Data   RW         5887    .data               lwip_netif.o
    0x20000565   0x00000003   PAD
    0x20000568   0x0000001b   Data   RW         5997    .data               lwip_tcp.o
    0x20000583   0x00000001   PAD
    0x20000584   0x00000028   Data   RW         6028    .data               lwip_tcp_in.o
    0x200005ac   0x0000000c   Data   RW         6094    .data               lwip_timeouts.o
    0x200005b8   0x00000008   Data   RW         6122    .data               lwip_udp.o
    0x200005c0   0x00000008   Data   RW         6201    .data               lwip_igmp.o
    0x200005c8   0x00000008   Data   RW         6226    .data               lwip_ip4.o
    0x200005d0   0x00000006   Data   RW         6276    .data               lwip_ip4_frag.o
    0x200005d6   0x00000002   PAD
    0x200005d8   0x00000008   Data   RW         6693    .data               lwip_magic.o
    0x200005e0   0x00000004   Data   RW         6752    .data               lwip_ppp.o
    0x200005e4   0x00000004   Data   RW         6881    .data               lwip_pppos.o
    0x200005e8   0x00000011   Data   RW         6938    .data               lwip_utils.o
    0x200005f9   0x00000003   PAD
    0x200005fc   0x00000004   Data   RW         7061    .data               lwip_tcp_isn.o
    0x20000600   0x00000018   Data   RW         7091    .data               lwip_stack.o
    0x20000618   0x00000024   Data   RW         7232    .data               ppp_lwip.o
    0x2000063c   0x00000004   Data   RW         7286    .data               mc_w.l(stdin.o)
    0x20000640   0x00000004   Data   RW         7287    .data               mc_w.l(stdout.o)
    0x20000644   0x00000004   Data   RW         7288    .data               mc_w.l(stderr.o)
    0x20000648   0x00000004   Data   RW         7324    .data               mc_w.l(rand.o)
    0x2000064c   0x00000004   Data   RW         7681    .data               mc_w.l(mvars.o)
    0x20000650   0x00000004   Data   RW         7682    .data               mc_w.l(mvars.o)
    0x20000654   0x00000004   Data   RW         7686    .data               mc_w.l(errno.o)
    0x20000658   0x00000040   Zero   RW          116    .bss                queue.o
    0x20000698   0x000000f0   Zero   RW          221    .bss                tasks.o
    0x20000788   0x00000020   Zero   RW         1152    .bss                stm32f4xx_hal_flash.o
    0x200007a8   0x0000003c   Zero   RW         1302    .bss                stm32f4xx_hal_timebase_tim.o
    0x200007e4   0x0000074c   Zero   RW         1408    .bss                main.o
    0x20000f30   0x000002a4   Zero   RW         1744    .bss                system_config.o
    0x200011d4   0x00000018   Zero   RW         1830    .bss                shadow_thing.o
    0x200011ec   0x00000030   Zero   RW         2013    .bss                ntp_server.o
    0x2000121c   0x00000024   Zero   RW         2201    .bss                watchdog.o
    0x20001240   0x00000010   Zero   RW         2237    .bss                sms_task.o
    0x20001250   0x00000030   Zero   RW         2342    .bss                led.o
    0x20001280   0x00000018   Zero   RW         2376    .bss                ota_backup_server.o
    0x20001298   0x00000080   Zero   RW         2408    .bss                power_sensor.o
    0x20001318   0x00000783   Zero   RW         2443    .bss                elster_tasks.o
    0x20001a9b   0x00000001   PAD
    0x20001a9c   0x00000610   Zero   RW         2479    .bss                uart1.o
    0x200020ac   0x00000468   Zero   RW         2515    .bss                uart5.o
    0x20002514   0x00000468   Zero   RW         2580    .bss                uart4.o
    0x2000297c   0x00000310   Zero   RW         2616    .bss                uart6.o
    0x20002c8c   0x0000000c   Zero   RW         2652    .bss                app_config_task.o
    0x20002c98   0x0000023c   Zero   RW         2689    .bss                uart_config_task.o
    0x20002ed4   0x000000d4   Zero   RW         2801    .bss                ampm_gsm_call.o
    0x20002fa8   0x00000090   Zero   RW         2856    .bss                ampm_gsm_common.o
    0x20003038   0x0000000c   Zero   RW         2877    .bss                ampm_gsm_dial_up.o
    0x20003044   0x000001e8   Zero   RW         2898    .bss                ampm_gsm_io.o
    0x2000322c   0x000001b4   Zero   RW         2921    .bss                ampm_gsm_main_task.o
    0x200033e0   0x0000015c   Zero   RW         3051    .bss                ampm_gsm_sms.o
    0x2000353c   0x00000134   Zero   RW         3082    .bss                ampm_gsm_startup.o
    0x20003670   0x00000020   Zero   RW         3102    .bss                at_command_parser.o
    0x20003690   0x00000210   Zero   RW         3127    .bss                comm.o
    0x200038a0   0x0000190c   Zero   RW         3831    .bss                aws_iot_shadow_json.o
    0x200051ac   0x00003184   Zero   RW         3873    .bss                aws_iot_shadow_records.o
    0x20008330   0x00000034   Zero   RW         4266    .bss                cipher_wrap.o
    0x20008364   0x0000002c   Zero   RW         4622    .bss                memory_buffer_alloc.o
    0x20008390   0x0000007c   Zero   RW         4919    .bss                ssl_ciphersuites.o
    0x2000840c   0x00000095   Zero   RW         5407    .bss                lwip_netdb.o
    0x200084a1   0x00000003   PAD
    0x200084a4   0x000000c0   Zero   RW         5457    .bss                lwip_sockets.o
    0x20008564   0x00000138   Zero   RW         5651    .bss                lwip_dns.o
    0x2000869c   0x00000018   Zero   RW         5776    .bss                lwip_ip.o
    0x200086b4   0x00001013   Zero   RW         5793    .bss                lwip_mem.o
    0x200096c7   0x00000001   PAD
    0x200096c8   0x00003c70   Zero   RW         5830    .bss                lwip_memp.o
    0x2000d338   0x00000060   Zero   RW         5956    .bss                lwip_stats.o
    0x2000d398   0x00000010   Zero   RW         6027    .bss                lwip_tcp_in.o
    0x2000d3a8   0x00000010   Zero   RW         6247    .bss                lwip_ip4_addr.o
    0x2000d3b8   0x00000010   Zero   RW         6692    .bss                lwip_magic.o
    0x2000d3c8   0x000001f0   Zero   RW         6749    .bss                lwip_ppp.o
    0x2000d5b8   0x000000a0   Zero   RW         6878    .bss                lwip_pppos.o
    0x2000d658   0x00000040   Zero   RW         7060    .bss                lwip_tcp_isn.o
    0x2000d698   0x0000005a   Zero   RW         7089    .bss                lwip_stack.o
    0x2000d6f2   0x00000030   Zero   RW         7231    .bss                ppp_lwip.o
    0x2000d722   0x00000006   PAD
    0x2000d728   0x00010000   Zero   RW          531    HEAP                startup_stm32f407xx.o
    0x2001d728   0x00001000   Zero   RW          530    STACK               startup_stm32f407xx.o



  Load Region LR$$.ARM.__AT_0x1000FF80 (Base: 0x1000ff80, Size: 0x00000000, Max: 0x0000000c, ABSOLUTE)

    Execution Region ER$$.ARM.__AT_0x1000FF80 (Base: 0x1000ff80, Size: 0x0000000c, Max: 0x0000000c, ABSOLUTE, UNINIT)

    Base Addr    Size         Type   Attr      Idx    E Section Name        Object

    0x1000ff80   0x0000000c   Zero   RW         1743    .ARM.__AT_0x1000FF80  system_config.o


==============================================================================

Image component sizes


      Code (inc. data)   RO Data    RW Data    ZI Data      Debug   Object Name

      4244        172       8936          0          0      18198   aes.o
      2556        298          0          2          0       5289   alarm.o
       320         12          0          0          0       4990   ampm_filestream.o
      2208        230        634         30        212      15257   ampm_gsm_call.o
       344         42        588         39        144       3105   ampm_gsm_common.o
       612        240        276          2         12       3576   ampm_gsm_dial_up.o
       792         64          9         38        488       6325   ampm_gsm_io.o
      6172       1934       4230         80        436      19780   ampm_gsm_main_task.o
       780        234          0         18          0       3867   ampm_gsm_ring.o
      3620        520        885         80        348      14757   ampm_gsm_sms.o
       616        142          0          0          0       3803   ampm_gsm_sms_api.o
      1828        638          0         28        308       5165   ampm_gsm_startup.o
       276          0          0          0          0       4471   ampm_list.o
       782          0          0          0          0       3077   ampm_sprintf.o
      2572        130          4         34         12       6738   app_config_task.o
      1200         10          0          0          0       6691   asn1parse.o
      1652          8          0          0          0       7888   asn1write.o
       188         34        160         20         32       2520   at_command_parser.o
      1364        316        210          0          0       5615   aws_iot_json_utils.o
       800         66        246          0          0      42416   aws_iot_mqtt_client.o
      1910         28          0          0          0      47763   aws_iot_mqtt_client_common_internal.o
      1576        236          0          0          0      43262   aws_iot_mqtt_client_connect.o
      1046          0          0          0          0      59429   aws_iot_mqtt_client_publish.o
      1104          0          0          0          0       5402   aws_iot_mqtt_client_subscribe.o
       606          0          0          0          0       3423   aws_iot_mqtt_client_unsubscribe.o
       696          0          0          0          0       2701   aws_iot_mqtt_client_yield.o
       680         64         60          0          0      45107   aws_iot_shadow.o
       170          0          0          0          0       1373   aws_iot_shadow_actions.o
      3140        304         59          4       6412      13953   aws_iot_shadow_json.o
      3032        424         40         17      12676      10152   aws_iot_shadow_records.o
       124          4          0          0          0       2242   aws_timer.o
       884         98        345          0          0       3707   base64.o
     10960        318        913          0          0      27091   bignum.o
      1552         94        216          0          0      11514   ccm.o
         0          0      18624         44          0       7976   certs.o
      2012         48          0          4          0      17044   cipher.o
       304         10        668          0         52      10150   cipher_wrap.o
      2496         18          0          0          0      31109   cmsis_os.o
       192         16          0          1        528       3758   comm.o
         0          0          0          0          0      15400   croutine.o
      1528        108        224          4          0       9563   ctr_drbg.o
        84          0          0          0          0       1936   data_cmp.o
      1744        216          0          4          0       6986   debug.o
       772          4          0          0          0       5379   ecdh.o
      1772         24          0          0          0       8468   ecdsa.o
     11876        312        393         20          0      26966   ecp.o
      3528         70        400          4          0       8237   ecp_curves.o
      8092       1756       3375        119       1923      22211   elster_tasks.o
       484          4          0          0          0       2898   encoding.o
      1274         72          0          0          0       6860   entropy.o
         0          0          0          0          0      10300   error.o
         0          0          0          0          0      10672   event_groups.o
        14          0          0          0          0       1204   freertos.o
      3592        164       3080          0          0      10437   gcm.o
       136         68          0          0          0       1719   hardware_rng.o
       680         26          0         24          0       8273   heap_4.o
      1276        102        256          4          0       7119   hmac_drbg.o
       192          8          4          4          0       2153   io_control.o
      1178          0          0          0          0       4279   jsmn.o
       100         12          0          0         48        955   led.o
       148          0          0          0          0       2306   list.o
      2832        890          0          0          0      43381   lwip_api_lib.o
      7032       1278          0          1          0      31799   lwip_api_msg.o
       876        230          0          0          0      18276   lwip_auth.o
        80          0         16          0          0      15257   lwip_chap-md5.o
      1040        290         40          0          0      17362   lwip_chap-new.o
       344          4         72          0          0       2946   lwip_def.o
      2812        216          0         20        312      17839   lwip_dns.o
        76         24        381         68          0       5975   lwip_err.o
      2876        364         66          0          0      20695   lwip_fsm.o
       888        162         67          0          0       3986   lwip_icmp.o
      2508        736        133          8          0       9733   lwip_igmp.o
       732         18         69          0          0       4908   lwip_inet_chksum.o
       144         70         65          0          0        660   lwip_init.o
         0          0          0          0         24       3174   lwip_ip.o
      1568         98         66          8          0       6705   lwip_ip4.o
       772         28         79          0         16      10674   lwip_ip4_addr.o
      2568        474         71          6          0       8058   lwip_ip4_frag.o
      4684        386         97          0          0      26612   lwip_ipcp.o
      6484        474         96          0          0      32520   lwip_lcp.o
       244         12          0          8         16      16060   lwip_magic.o
      2728        264         64          0          0       5115   lwip_md5.o
      1920        560          0         16       4115       5866   lwip_mem.o
      1024        238        788         64      15472      12538   lwip_memp.o
       692         12          0          0          0       3702   lwip_net_socket.o
       912        382          0          0          0       4461   lwip_netbuf.o
       848        164          0         20        149      12329   lwip_netdb.o
       956        104          0          9          0       9479   lwip_netif.o
      4402       1280          0          0          0      13770   lwip_pbuf.o
      1648        208        110          4        496      23664   lwip_ppp.o
         0          0          0          0          0      10180   lwip_pppapi.o
      1912        112        640          4        160      22523   lwip_pppos.o
        12          0          0          0          0       1032   lwip_random.o
      9972        736          0          8        192      40468   lwip_sockets.o
       852         78          4         24         90      20849   lwip_stack.o
       732        414          0          0         96       6999   lwip_stats.o
       984         56         12         12          0      16457   lwip_sys_arch.o
      6020       1150        189         27          0      26390   lwip_tcp.o
      6504       1060          0         40         16      16781   lwip_tcp_in.o
       196         14          0          4         64       2434   lwip_tcp_isn.o
      4704        788        153          0          0      19626   lwip_tcp_out.o
       896        232          0         16          0       7714   lwip_tcpip.o
       784        104         98         12          0       5389   lwip_timeouts.o
      1788        158          0          8          0       9826   lwip_udp.o
      1976         82         68         17          0      19122   lwip_utils.o
      1640         36         96         12          0       4239   m_time.o
      2416        230         44      63520       1868      49225   main.o
      1084         88         24          0          0      10305   md.o
       508         10        279          0          0       9092   md_wrap.o
      2848        786        181          0         44       7303   memory_buffer_alloc.o
       880        156          0          0          0      19848   net_socket.o
      3130       1092       1606          0          0       7148   network_mbedtls_wrapper.o
      1184        294         29          9         48      15669   ntp_server.o
      1136         46       3569          0          0      12040   oid.o
      1700        460         29         76         24       4017   ota_backup_server.o
      1284          0          0          0          0       5857   pdu.o
       404         46          0          0          0       2864   pem.o
       984         50          0          0          0      11706   pk.o
      1176         60        268          0          0      14211   pk_wrap.o
      2576        282          0          0          0       9954   pkparse.o
        48         14          0         12          0       3925   platform.o
       966         52          0         12          0       9439   port.o
      3184        176          0         13        128       3365   power_sensor.o
      1556        656          0         36         48      11879   ppp_lwip.o
      3048         16          0          0         64      18997   queue.o
       316         20          4          4          0       2215   relay.o
       148          0          0          0          0       2510   ringbuf.o
      7044        300       1177          0          0      21768   rsa.o
      7196         94        308          0          0       6610   sha1.o
      4628        170        696          0          0       6604   sha256.o
      5564        238       1504          0          0       7080   sha512.o
     10108       1564       1596         36         24      59994   shadow_thing.o
       580        134          0         12          0       3284   smartlight.o
     13956       2570        233         12         16      12157   sms_task.o
       832         14          0          1          0       6669   sparser.o
       104         42          0          0          0        602   spi1.o
       360         44       2717          4        124       4616   ssl_ciphersuites.o
     15332       4686        164          0          0      45884   ssl_cli.o
     28600       6510        294         71          0      91111   ssl_tls.o
      1764         42          4        268          0       8173   sst25.o
        36          8        392          0      69632        844   startup_stm32f407xx.o
       420         32          0          4          0       5310   stm32f4xx_hal.o
      3008         74          0          0          0       8739   stm32f4xx_hal_adc.o
      2184         48          0          0          0       6738   stm32f4xx_hal_adc_ex.o
       900         22          0          0          0      32730   stm32f4xx_hal_cortex.o
      2220         26          8          0          0       7353   stm32f4xx_hal_dma.o
      1108         34          0          0         32       4745   stm32f4xx_hal_flash.o
       988          8          0          0          0     742325   stm32f4xx_hal_flash_ex.o
       940         46          0          0          0       3835   stm32f4xx_hal_gpio.o
        94          0          0          0          0       1621   stm32f4xx_hal_iwdg.o
      2532        220          0          0          0       5334   stm32f4xx_hal_msp.o
      2204         66          0          0          0       5419   stm32f4xx_hal_rcc.o
       920         44          0          0          0       2687   stm32f4xx_hal_rcc_ex.o
       468          0          0          0          0       4221   stm32f4xx_hal_rng.o
      3000         26          0          0          0       8505   stm32f4xx_hal_rtc.o
      3570         22          0          0          0      13193   stm32f4xx_hal_rtc_ex.o
      5720        110          0          0          0      17913   stm32f4xx_hal_spi.o
     10240        152          0          0          0      32778   stm32f4xx_hal_tim.o
      3508         24          0          0          0      12606   stm32f4xx_hal_tim_ex.o
       176         18          0          0         60       2047   stm32f4xx_hal_timebase_tim.o
      5038         50          0          0          0      16356   stm32f4xx_hal_uart.o
       412         96          0          0          0      36874   stm32f4xx_it.o
       256         12          0         16          0       3786   sys_tick.o
       556         22          0         36          0       3955   sys_time.o
      3288        276          4       1580        688      19005   system_config.o
       292         38         24          4          0       1801   system_stm32f4xx.o
      6648        400          0         68        240      27301   tasks.o
       440         38          0          5       1552       3054   uart1.o
       684         56          0          9       1128       3616   uart4.o
       448         36          0          5       1128       3055   uart5.o
       484         40          0          5        784       3066   uart6.o
       420         38          0         16        572       2529   uart_config_task.o
       656        148         16         52         36       3986   watchdog.o
      2348        214          0          0          0      10458   x509.o
      8792        974       1246          0          0      25460   x509_crt.o

    ----------------------------------------------------------------------
    398208      48044      64928      66976     123100    2911944   Object Totals
         0          0         48          0          0          0   (incl. Generated)
        24          0         89         50         11          0   (incl. Padding)

    ----------------------------------------------------------------------

      Code (inc. data)   RO Data    RW Data    ZI Data      Debug   Library Member Name

        56          8          0          0          0         84   __0sscanf.o
        86          0          0          0          0          0   __dczerorl2.o
       144          0          0          0          0         88   __strtoll.o
        28          0          0          0          0         68   _chval.o
       812          4          0          0          0        112   _scanf.o
       332          0          0          0          0         96   _scanf_int.o
       224          0          0          0          0         96   _scanf_str.o
        64          0          0          0          0         84   _sgetc.o
       158          0          0          0          0         92   _strtoul.o
       194          0          0          0          0         96   _strtoull.o
        26          0          0          0          0         80   atoi.o
        26          0          0          0          0         80   atoll.o
        28          0          0          0          0         76   calloc.o
         8          4        133          0          0         68   ctype_o.o
         0          0          0          0          0          0   entry.o
         0          0          0          0          0          0   entry10a.o
         0          0          0          0          0          0   entry11a.o
         8          4          0          0          0          0   entry2.o
         4          0          0          0          0          0   entry5.o
         0          0          0          0          0          0   entry7b.o
         0          0          0          0          0          0   entry8b.o
         8          4          0          0          0          0   entry9a.o
         8          4          0          4          0         68   errno.o
        52          0          0          0          0         88   fread.o
        36          0          0          0          0         84   fwrite.o
        30          0          0          0          0          0   handlers.o
        36          8          0          0          0         68   init.o
        18          0          0          0          0         76   isspace_o.o
         0          0          0          0          0          0   iusefp.o
        30          0          0          0          0         68   llshl.o
        36          0          0          0          0         68   llsshr.o
        32          0          0          0          0         68   llushr.o
       188         20          0          0          0        160   malloc.o
        26          0          0          0          0         80   memcmp.o
        64          0          0          0          0         76   memmovea.o
        36          0          0          0          0        108   memseta.o
         0          0          0          8          0          0   mvars.o
      2486        116          0          0          0       1000   printfa.o
        36         10          0          4          0        136   rand.o
        40          8          0          0          0         84   scanf_char.o
       838         12          0          0          0        216   scanf_fp.o
         0          0          0          4          0          0   stderr.o
         0          0          0          4          0          0   stdin.o
         0          0          0          4          0          0   stdout.o
        24          0          0          0          0         68   strcat.o
        28          0          0          0          0         76   strcmp.o
        18          0          0          0          0         68   strcpy.o
        14          0          0          0          0         68   strlen.o
        30          0          0          0          0         80   strncmp.o
        24          0          0          0          0         76   strncpy.o
        36          0          0          0          0         80   strstr.o
       112          0          0          0          0         88   strtol.o
        12          0          0          0          0         68   toupper.o
        44          0          0          0          0         80   uidiv.o
        98          0          0          0          0         92   uldiv.o
        48          0          0          0          0         68   cdrcmple.o
        56          0          0          0          0         88   d2f.o
       334          0          0          0          0        148   dadd.o
       222          0          0          0          0        100   ddiv.o
       186          0          0          0          0        176   depilogue.o
        48          0          0          0          0         68   dfixul.o
        24          0          0          0          0         76   dfltul.o
       228          0          0          0          0         96   dmul.o
        38          0          0          0          0         68   f2d.o
       110          0          0          0          0        168   fepilogue.o

    ----------------------------------------------------------------------
      7944        202        136         28          0       5468   Library Totals
        12          0          3          0          0          0   (incl. Padding)

    ----------------------------------------------------------------------

      Code (inc. data)   RO Data    RW Data    ZI Data      Debug   Library Name

      6638        202        133         28          0       4412   mc_w.l
      1294          0          0          0          0       1056   mf_w.l

    ----------------------------------------------------------------------
      7944        202        136         28          0       5468   Library Totals

    ----------------------------------------------------------------------

==============================================================================


      Code (inc. data)   RO Data    RW Data    ZI Data      Debug   

    406152      48246      65064      67004     123100    2877076   Grand Totals
    406152      48246      65064        860     123100    2877076   ELF Image Totals (compressed)
    406152      48246      65064        860          0          0   ROM Totals

==============================================================================

    Total RO  Size (Code + RO Data)               471216 ( 460.17kB)
    Total RW  Size (RW Data + ZI Data)            190104 ( 185.65kB)
    Total ROM Size (Code + RO Data + RW Data)     472076 ( 461.01kB)

==============================================================================

